Archive member included to satisfy reference by file (symbol)

/opt/st/stm32cubeide_1.6.1/plugins/com.st.stm32cube.ide.mcu.externaltools.gnu-tools-for-stm32.9-2020-q2-update.linux64_1.5.0.202011040924/tools/bin/../lib/gcc/arm-none-eabi/9.3.1/../../../../arm-none-eabi/lib/thumb/v7e-m+fp/hard/libc_nano.a(lib_a-atoi.o)
                              Core/Src/freertos.o (atoi)
/opt/st/stm32cubeide_1.6.1/plugins/com.st.stm32cube.ide.mcu.externaltools.gnu-tools-for-stm32.9-2020-q2-update.linux64_1.5.0.202011040924/tools/bin/../lib/gcc/arm-none-eabi/9.3.1/../../../../arm-none-eabi/lib/thumb/v7e-m+fp/hard/libc_nano.a(lib_a-errno.o)
                              Core/Src/syscalls.o (__errno)
/opt/st/stm32cubeide_1.6.1/plugins/com.st.stm32cube.ide.mcu.externaltools.gnu-tools-for-stm32.9-2020-q2-update.linux64_1.5.0.202011040924/tools/bin/../lib/gcc/arm-none-eabi/9.3.1/../../../../arm-none-eabi/lib/thumb/v7e-m+fp/hard/libc_nano.a(lib_a-exit.o)
                              /opt/st/stm32cubeide_1.6.1/plugins/com.st.stm32cube.ide.mcu.externaltools.gnu-tools-for-stm32.9-2020-q2-update.linux64_1.5.0.202011040924/tools/bin/../lib/gcc/arm-none-eabi/9.3.1/../../../../arm-none-eabi/lib/thumb/v7e-m+fp/hard/crt0.o (exit)
/opt/st/stm32cubeide_1.6.1/plugins/com.st.stm32cube.ide.mcu.externaltools.gnu-tools-for-stm32.9-2020-q2-update.linux64_1.5.0.202011040924/tools/bin/../lib/gcc/arm-none-eabi/9.3.1/../../../../arm-none-eabi/lib/thumb/v7e-m+fp/hard/libc_nano.a(lib_a-impure.o)
                              /opt/st/stm32cubeide_1.6.1/plugins/com.st.stm32cube.ide.mcu.externaltools.gnu-tools-for-stm32.9-2020-q2-update.linux64_1.5.0.202011040924/tools/bin/../lib/gcc/arm-none-eabi/9.3.1/../../../../arm-none-eabi/lib/thumb/v7e-m+fp/hard/libc_nano.a(lib_a-exit.o) (_global_impure_ptr)
/opt/st/stm32cubeide_1.6.1/plugins/com.st.stm32cube.ide.mcu.externaltools.gnu-tools-for-stm32.9-2020-q2-update.linux64_1.5.0.202011040924/tools/bin/../lib/gcc/arm-none-eabi/9.3.1/../../../../arm-none-eabi/lib/thumb/v7e-m+fp/hard/libc_nano.a(lib_a-init.o)
                              /opt/st/stm32cubeide_1.6.1/plugins/com.st.stm32cube.ide.mcu.externaltools.gnu-tools-for-stm32.9-2020-q2-update.linux64_1.5.0.202011040924/tools/bin/../lib/gcc/arm-none-eabi/9.3.1/../../../../arm-none-eabi/lib/thumb/v7e-m+fp/hard/crt0.o (__libc_init_array)
/opt/st/stm32cubeide_1.6.1/plugins/com.st.stm32cube.ide.mcu.externaltools.gnu-tools-for-stm32.9-2020-q2-update.linux64_1.5.0.202011040924/tools/bin/../lib/gcc/arm-none-eabi/9.3.1/../../../../arm-none-eabi/lib/thumb/v7e-m+fp/hard/libc_nano.a(lib_a-memcpy-stub.o)
                              Middlewares/Third_Party/FreeRTOS/Source/queue.o (memcpy)
/opt/st/stm32cubeide_1.6.1/plugins/com.st.stm32cube.ide.mcu.externaltools.gnu-tools-for-stm32.9-2020-q2-update.linux64_1.5.0.202011040924/tools/bin/../lib/gcc/arm-none-eabi/9.3.1/../../../../arm-none-eabi/lib/thumb/v7e-m+fp/hard/libc_nano.a(lib_a-memset.o)
                              /opt/st/stm32cubeide_1.6.1/plugins/com.st.stm32cube.ide.mcu.externaltools.gnu-tools-for-stm32.9-2020-q2-update.linux64_1.5.0.202011040924/tools/bin/../lib/gcc/arm-none-eabi/9.3.1/../../../../arm-none-eabi/lib/thumb/v7e-m+fp/hard/crt0.o (memset)
/opt/st/stm32cubeide_1.6.1/plugins/com.st.stm32cube.ide.mcu.externaltools.gnu-tools-for-stm32.9-2020-q2-update.linux64_1.5.0.202011040924/tools/bin/../lib/gcc/arm-none-eabi/9.3.1/../../../../arm-none-eabi/lib/thumb/v7e-m+fp/hard/libc_nano.a(lib_a-nano-vfprintf_float.o)
                              (_printf_float)
/opt/st/stm32cubeide_1.6.1/plugins/com.st.stm32cube.ide.mcu.externaltools.gnu-tools-for-stm32.9-2020-q2-update.linux64_1.5.0.202011040924/tools/bin/../lib/gcc/arm-none-eabi/9.3.1/../../../../arm-none-eabi/lib/thumb/v7e-m+fp/hard/libc_nano.a(lib_a-nano-vfprintf_i.o)
                              /opt/st/stm32cubeide_1.6.1/plugins/com.st.stm32cube.ide.mcu.externaltools.gnu-tools-for-stm32.9-2020-q2-update.linux64_1.5.0.202011040924/tools/bin/../lib/gcc/arm-none-eabi/9.3.1/../../../../arm-none-eabi/lib/thumb/v7e-m+fp/hard/libc_nano.a(lib_a-nano-vfprintf_float.o) (_printf_common)
/opt/st/stm32cubeide_1.6.1/plugins/com.st.stm32cube.ide.mcu.externaltools.gnu-tools-for-stm32.9-2020-q2-update.linux64_1.5.0.202011040924/tools/bin/../lib/gcc/arm-none-eabi/9.3.1/../../../../arm-none-eabi/lib/thumb/v7e-m+fp/hard/libc_nano.a(lib_a-printf.o)
                              Core/Src/freertos.o (printf)
/opt/st/stm32cubeide_1.6.1/plugins/com.st.stm32cube.ide.mcu.externaltools.gnu-tools-for-stm32.9-2020-q2-update.linux64_1.5.0.202011040924/tools/bin/../lib/gcc/arm-none-eabi/9.3.1/../../../../arm-none-eabi/lib/thumb/v7e-m+fp/hard/libc_nano.a(lib_a-puts.o)
                              Core/Src/freertos.o (puts)
/opt/st/stm32cubeide_1.6.1/plugins/com.st.stm32cube.ide.mcu.externaltools.gnu-tools-for-stm32.9-2020-q2-update.linux64_1.5.0.202011040924/tools/bin/../lib/gcc/arm-none-eabi/9.3.1/../../../../arm-none-eabi/lib/thumb/v7e-m+fp/hard/libc_nano.a(lib_a-strlen.o)
[...]
Memory Configuration

Name             Origin             Length             Attributes
RAM              0x0000000020000000 0x0000000000010000 xrw
FLASH            0x0000000008000000 0x0000000000040000 xr
*default*        0x0000000000000000 0xffffffffffffffff

Linker script and memory map

LOAD /opt/st/stm32cubeide_1.6.1/plugins/com.st.stm32cube.ide.mcu.externaltools.gnu-tools-for-stm32.9-2020-q2-update.linux64_1.5.0.202011040924/tools/bin/../lib/gcc/arm-none-eabi/9.3.1/thumb/v7e-m+fp/hard/crti.o
LOAD /opt/st/stm32cubeide_1.6.1/plugins/com.st.stm32cube.ide.mcu.externaltools.gnu-tools-for-stm32.9-2020-q2-update.linux64_1.5.0.202011040924/tools/bin/../lib/gcc/arm-none-eabi/9.3.1/thumb/v7e-m+fp/hard/crtbegin.o
LOAD /opt/st/stm32cubeide_1.6.1/plugins/com.st.stm32cube.ide.mcu.externaltools.gnu-tools-for-stm32.9-2020-q2-update.linux64_1.5.0.202011040924/tools/bin/../lib/gcc/arm-none-eabi/9.3.1/../../../../arm-none-eabi/lib/thumb/v7e-m+fp/hard/crt0.o
LOAD Core/Src/AS5600.o
LOAD Core/Src/AccelStepper.o
LOAD Core/Src/adc.o
LOAD Core/Src/batteryVolt.o
LOAD Core/Src/dma.o
LOAD Core/Src/eeprom.o
LOAD Core/Src/freertos.o
LOAD Core/Src/gpio.o
LOAD Core/Src/i2c.o
LOAD Core/Src/main.o
LOAD Core/Src/pickAndDrop.o
LOAD Core/Src/stm32f4xx_hal_msp.o
LOAD Core/Src/stm32f4xx_hal_timebase_tim.o
LOAD Core/Src/stm32f4xx_it.o
LOAD Core/Src/syscalls.o
LOAD Core/Src/sysmem.o
LOAD Core/Src/system_stm32f4xx.o
LOAD Core/Src/tim.o
LOAD Core/Src/usart.o
LOAD Core/Startup/startup_stm32f401ccux.o
LOAD Drivers/STM32F4xx_HAL_Driver/Src/stm32f4xx_hal.o
LOAD Drivers/STM32F4xx_HAL_Driver/Src/stm32f4xx_hal_adc.o
LOAD Drivers/STM32F4xx_HAL_Driver/Src/stm32f4xx_hal_adc_ex.o
LOAD Drivers/STM32F4xx_HAL_Driver/Src/stm32f4xx_hal_cortex.o
LOAD Drivers/STM32F4xx_HAL_Driver/Src/stm32f4xx_hal_dma.o
LOAD Drivers/STM32F4xx_HAL_Driver/Src/stm32f4xx_hal_dma_ex.o
LOAD Drivers/STM32F4xx_HAL_Driver/Src/stm32f4xx_hal_exti.o
LOAD Drivers/STM32F4xx_HAL_Driver/Src/stm32f4xx_hal_flash.o
LOAD Drivers/STM32F4xx_HAL_Driver/Src/stm32f4xx_hal_flash_ex.o
LOAD Drivers/STM32F4xx_HAL_Driver/Src/stm32f4xx_hal_flash_ramfunc.o
LOAD Drivers/STM32F4xx_HAL_Driver/Src/stm32f4xx_hal_gpio.o
LOAD Drivers/STM32F4xx_HAL_Driver/Src/stm32f4xx_hal_i2c.o
LOAD Drivers/STM32F4xx_HAL_Driver/Src/stm32f4xx_hal_i2c_ex.o
LOAD Drivers/STM32F4xx_HAL_Driver/Src/stm32f4xx_hal_pwr.o
LOAD Drivers/STM32F4xx_HAL_Driver/Src/stm32f4xx_hal_pwr_ex.o
LOAD Drivers/STM32F4xx_HAL_Driver/Src/stm32f4xx_hal_rcc.o
LOAD Drivers/STM32F4xx_HAL_Driver/Src/stm32f4xx_hal_rcc_ex.o
LOAD Drivers/STM32F4xx_HAL_Driver/Src/stm32f4xx_hal_tim.o
LOAD Drivers/STM32F4xx_HAL_Driver/Src/stm32f4xx_hal_tim_ex.o
LOAD Drivers/STM32F4xx_HAL_Driver/Src/stm32f4xx_hal_uart.o
LOAD Drivers/STM32F4xx_HAL_Driver/Src/stm32f4xx_ll_adc.o
LOAD Middlewares/Third_Party/FreeRTOS/Source/CMSIS_RTOS/cmsis_os.o
LOAD Middlewares/Third_Party/FreeRTOS/Source/croutine.o
LOAD Middlewares/Third_Party/FreeRTOS/Source/event_groups.o
LOAD Middlewares/Third_Party/FreeRTOS/Source/list.o
LOAD Middlewares/Third_Party/FreeRTOS/Source/queue.o
LOAD Middlewares/Third_Party/FreeRTOS/Source/stream_buffer.o
LOAD Middlewares/Third_Party/FreeRTOS/Source/tasks.o
LOAD Middlewares/Third_Party/FreeRTOS/Source/timers.o
LOAD Middlewares/Third_Party/FreeRTOS/Source/portable/GCC/ARM_CM4F/port.o
LOAD Middlewares/Third_Party/FreeRTOS/Source/portable/MemMang/heap_4.o
START GROUP
LOAD /opt/st/stm32cubeide_1.6.1/plugins/com.st.stm32cube.ide.mcu.externaltools.gnu-tools-for-stm32.9-2020-q2-update.linux64_1.5.0.202011040924/tools/bin/../lib/gcc/arm-none-eabi/9.3.1/../../../../arm-none-eabi/lib/thumb/v7e-m+fp/hard/libc_nano.a
LOAD /opt/st/stm32cubeide_1.6.1/plugins/com.st.stm32cube.ide.mcu.externaltools.gnu-tools-for-stm32.9-2020-q2-update.linux64_1.5.0.202011040924/tools/bin/../lib/gcc/arm-none-eabi/9.3.1/../../../../arm-none-eabi/lib/thumb/v7e-m+fp/hard/libm.a
END GROUP
START GROUP
LOAD /opt/st/stm32cubeide_1.6.1/plugins/com.st.stm32cube.ide.mcu.externaltools.gnu-tools-for-stm32.9-2020-q2-update.linux64_1.5.0.202011040924/tools/bin/../lib/gcc/arm-none-eabi/9.3.1/thumb/v7e-m+fp/hard/libgcc.a
LOAD /opt/st/stm32cubeide_1.6.1/plugins/com.st.stm32cube.ide.mcu.externaltools.gnu-tools-for-stm32.9-2020-q2-update.linux64_1.5.0.202011040924/tools/bin/../lib/gcc/arm-none-eabi/9.3.1/../../../../arm-none-eabi/lib/thumb/v7e-m+fp/hard/libc_nano.a
END GROUP
START GROUP
LOAD /opt/st/stm32cubeide_1.6.1/plugins/com.st.stm32cube.ide.mcu.externaltools.gnu-tools-for-stm32.9-2020-q2-update.linux64_1.5.0.202011040924/tools/bin/../lib/gcc/arm-none-eabi/9.3.1/thumb/v7e-m+fp/hard/libgcc.a
LOAD /opt/st/stm32cubeide_1.6.1/plugins/com.st.stm32cube.ide.mcu.externaltools.gnu-tools-for-stm32.9-2020-q2-update.linux64_1.5.0.202011040924/tools/bin/../lib/gcc/arm-none-eabi/9.3.1/../../../../arm-none-eabi/lib/thumb/v7e-m+fp/hard/libc_nano.a
LOAD /opt/st/stm32cubeide_1.6.1/plugins/com.st.stm32cube.ide.mcu.externaltools.gnu-tools-for-stm32.9-2020-q2-update.linux64_1.5.0.202011040924/tools/bin/../lib/gcc/arm-none-eabi/9.3.1/../../../../arm-none-eabi/lib/thumb/v7e-m+fp/hard/libnosys.a
END GROUP
START GROUP
LOAD /opt/st/stm32cubeide_1.6.1/plugins/com.st.stm32cube.ide.mcu.externaltools.gnu-tools-for-stm32.9-2020-q2-update.linux64_1.5.0.202011040924/tools/bin/../lib/gcc/arm-none-eabi/9.3.1/thumb/v7e-m+fp/hard/libgcc.a
LOAD /opt/st/stm32cubeide_1.6.1/plugins/com.st.stm32cube.ide.mcu.externaltools.gnu-tools-for-stm32.9-2020-q2-update.linux64_1.5.0.202011040924/tools/bin/../lib/gcc/arm-none-eabi/9.3.1/../../../../arm-none-eabi/lib/thumb/v7e-m+fp/hard/libc_nano.a
LOAD /opt/st/stm32cubeide_1.6.1/plugins/com.st.stm32cube.ide.mcu.externaltools.gnu-tools-for-stm32.9-2020-q2-update.linux64_1.5.0.202011040924/tools/bin/../lib/gcc/arm-none-eabi/9.3.1/../../../../arm-none-eabi/lib/thumb/v7e-m+fp/hard/libnosys.a
END GROUP
LOAD /opt/st/stm32cubeide_1.6.1/plugins/com.st.stm32cube.ide.mcu.externaltools.gnu-tools-for-stm32.9-2020-q2-update.linux64_1.5.0.202011040924/tools/bin/../lib/gcc/arm-none-eabi/9.3.1/thumb/v7e-m+fp/hard/crtend.o
LOAD /opt/st/stm32cubeide_1.6.1/plugins/com.st.stm32cube.ide.mcu.externaltools.gnu-tools-for-stm32.9-2020-q2-update.linux64_1.5.0.202011040924/tools/bin/../lib/gcc/arm-none-eabi/9.3.1/thumb/v7e-m+fp/hard/crtn.o
                0x0000000020010000                _estack = (ORIGIN (RAM) + LENGTH (RAM))
                0x0000000000000200                _Min_Heap_Size = 0x200
                0x0000000000000400                _Min_Stack_Size = 0x400

.isr_vector     0x0000000008000000      0x194
                0x0000000008000000                . = ALIGN (0x4)
 *(.isr_vector)
 .isr_vector    0x0000000008000000      0x194 Core/Startup/startup_stm32f401ccux.o
                0x0000000008000000                g_pfnVectors
                0x0000000008000194                . = ALIGN (0x4)

.text           0x00000000080001a0    0x13b34
                0x00000000080001a0                . = ALIGN (0x4)
 *(.text)
 .text          0x00000000080001a0       0x40 /opt/st/stm32cubeide_1.6.1/plugins/com.st.stm32cube.ide.mcu.externaltools.gnu-tools-for-stm32.9-2020-q2-update.linux64_1.5.0.202011040924/tools/bin/../lib/gcc/arm-none-eabi/9.3.1/thumb/v7e-m+fp/hard/crtbegin.o
 .text          0x00000000080001e0       0x10 /opt/st/stm32cubeide_1.6.1/plugins/com.st.stm32cube.ide.mcu.externaltools.gnu-tools-for-stm32.9-2020-q2-update.linux64_1.5.0.202011040924/tools/bin/../lib/gcc/arm-none-eabi/9.3.1/../../../../arm-none-eabi/lib/thumb/v7e-m+fp/hard/libc_nano.a(lib_a-strlen.o)
                0x00000000080001e0                strlen
 .text          0x00000000080001f0       0xa0 /opt/st/stm32cubeide_1.6.1/plugins/com.st.stm32cube.ide.mcu.externaltools.gnu-tools-for-stm32.9-2020-q2-update.linux64_1.5.0.202011040924/tools/bin/../lib/gcc/arm-none-eabi/9.3.1/../../../../arm-none-eabi/lib/thumb/v7e-m+fp/hard/libc_nano.a(lib_a-memchr.o)
                0x00000000080001f0                memchr
 .text          0x0000000008000290      0x378 /opt/st/stm32cubeide_1.6.1/plugins/com.st.stm32cube.ide.mcu.externaltools.gnu-tools-for-stm32.9-2020-q2-update.linux64_1.5.0.202011040924/tools/bin/../lib/gcc/arm-none-eabi/9.3.1/thumb/v7e-m+fp/hard/libgcc.a(_arm_addsubdf3.o)
                0x0000000008000290                __aeabi_drsub
                0x0000000008000298                __aeabi_dsub
                0x0000000008000298                __subdf3
                0x000000000800029c                __adddf3
                0x000000000800029c                __aeabi_dadd
                0x0000000008000514                __aeabi_ui2d
                0x0000000008000514                __floatunsidf
                0x0000000008000534                __floatsidf
                0x0000000008000534                __aeabi_i2d
                0x0000000008000558                __extendsfdf2
                0x0000000008000558                __aeabi_f2d
                0x000000000800059c                __aeabi_ul2d
                0x000000000800059c                __floatundidf
                0x00000000080005ac                __floatdidf
                0x00000000080005ac                __aeabi_l2d
 .text          0x0000000008000608      0x424 /opt/st/stm32cubeide_1.6.1/plugins/com.st.stm32cube.ide.mcu.externaltools.gnu-tools-for-stm32.9-2020-q2-update.linux64_1.5.0.202011040924/tools/bin/../lib/gcc/arm-none-eabi/9.3.1/thumb/v7e-m+fp/hard/libgcc.a(_arm_muldivdf3.o)
                0x0000000008000608                __aeabi_dmul
                0x0000000008000608                __muldf3
                0x000000000800085c                __aeabi_ddiv
                0x000000000800085c                __divdf3
 .text          0x0000000008000a2c      0x110 /opt/st/stm32cubeide_1.6.1/plugins/com.st.stm32cube.ide.mcu.externaltools.gnu-tools-for-stm32.9-2020-q2-update.linux64_1.5.0.202011040924/tools/bin/../lib/gcc/arm-none-eabi/9.3.1/thumb/v7e-m+fp/hard/libgcc.a(_arm_cmpdf2.o)
                0x0000000008000a2c                __gtdf2
                0x0000000008000a2c                __gedf2
                0x0000000008000a34                __ltdf2
                0x0000000008000a34                __ledf2
                0x0000000008000a3c                __cmpdf2
                0x0000000008000a3c                __eqdf2
                0x0000000008000a3c                __nedf2
                0x0000000008000ab8                __aeabi_cdrcmple
                0x0000000008000ac8                __aeabi_cdcmple
                0x0000000008000ac8                __aeabi_cdcmpeq
                0x0000000008000ad8                __aeabi_dcmpeq
                0x0000000008000aec                __aeabi_dcmplt
                0x0000000008000b00                __aeabi_dcmple
                0x0000000008000b14                __aeabi_dcmpge
                0x0000000008000b28                __aeabi_dcmpgt
 .text          0x0000000008000b3c       0x2c /opt/st/stm32cubeide_1.6.1/plugins/com.st.stm32cube.ide.mcu.externaltools.gnu-tools-for-stm32.9-2020-q2-update.linux64_1.5.0.202011040924/tools/bin/../lib/gcc/arm-none-eabi/9.3.1/thumb/v7e-m+fp/hard/libgcc.a(_arm_unorddf2.o)
                0x0000000008000b3c                __aeabi_dcmpun
                0x0000000008000b3c                __unorddf2
 .text          0x0000000008000b68       0x50 /opt/st/stm32cubeide_1.6.1/plugins/com.st.stm32cube.ide.mcu.externaltools.gnu-tools-for-stm32.9-2020-q2-update.linux64_1.5.0.202011040924/tools/bin/../lib/gcc/arm-none-eabi/9.3.1/thumb/v7e-m+fp/hard/libgcc.a(_arm_fixdfsi.o)
                0x0000000008000b68                __fixdfsi
                0x0000000008000b68                __aeabi_d2iz
 .text          0x0000000008000bb8       0xa0 /opt/st/stm32cubeide_1.6.1/plugins/com.st.stm32cube.ide.mcu.externaltools.gnu-tools-for-stm32.9-2020-q2-update.linux64_1.5.0.202011040924/tools/bin/../lib/gcc/arm-none-eabi/9.3.1/thumb/v7e-m+fp/hard/libgcc.a(_arm_truncdfsf2.o)
                0x0000000008000bb8                __aeabi_d2f
                0x0000000008000bb8                __truncdfsf2
 .text          0x0000000008000c58       0x30 /opt/st/stm32cubeide_1.6.1/plugins/com.st.stm32cube.ide.mcu.externaltools.gnu-tools-for-stm32.9-2020-q2-update.linux64_1.5.0.202011040924/tools/bin/../lib/gcc/arm-none-eabi/9.3.1/thumb/v7e-m+fp/hard/libgcc.a(_aeabi_uldivmod.o)
                0x0000000008000c58                __aeabi_uldivmod
 .text          0x0000000008000c88      0x2c4 /opt/st/stm32cubeide_1.6.1/plugins/com.st.stm32cube.ide.mcu.externaltools.gnu-tools-for-stm32.9-2020-q2-update.linux64_1.5.0.202011040924/tools/bin/../lib/gcc/arm-none-eabi/9.3.1/thumb/v7e-m+fp/hard/libgcc.a(_udivmoddi4.o)
                0x0000000008000c88                __udivmoddi4
 .text          0x0000000008000f4c        0x4 /opt/st/stm32cubeide_1.6.1/plugins/com.st.stm32cube.ide.mcu.externaltools.gnu-tools-for-stm32.9-2020-q2-update.linux64_1.5.0.202011040924/tools/bin/../lib/gcc/arm-none-eabi/9.3.1/thumb/v7e-m+fp/hard/libgcc.a(_dvmd_tls.o)
                0x0000000008000f4c                __aeabi_ldiv0
                0x0000000008000f4c                __aeabi_idiv0
 *(.text*)
 .text.HAL_I2C_ErrorCallback
                0x0000000008000f50       0x44 Core/Src/AS5600.o
                0x0000000008000f50                HAL_I2C_ErrorCallback
 .text.AS5600_M1_getPOS
                0x0000000008000f94       0x28 Core/Src/AS5600.o
                0x0000000008000f94                AS5600_M1_getPOS
 .text.AS5600_M2_getPOS
                0x0000000008000fbc       0x28 Core/Src/AS5600.o
                0x0000000008000fbc                AS5600_M2_getPOS
 .text.AS5600_Start_Update
                0x0000000008000fe4       0x20 Core/Src/AS5600.o
                0x0000000008000fe4                AS5600_Start_Update
 .text.AS5600_Start_Update_Low
                0x0000000008001004       0x1c Core/Src/AS5600.o
                0x0000000008001004                AS5600_Start_Update_Low
 .text.AS5600_Start_Update_High
                0x0000000008001020       0x1c Core/Src/AS5600.o
                0x0000000008001020                AS5600_Start_Update_High
 .text.AccelStepper_init
                0x000000000800103c      0x100 Core/Src/AccelStepper.o
                0x000000000800103c                AccelStepper_init
 .text.setMaxSpeed
                0x000000000800113c       0x98 Core/Src/AccelStepper.o
                0x000000000800113c                setMaxSpeed
 *fill*         0x00000000080011d4        0x4 
 .text.setAcceleration
                0x00000000080011d8       0xe8 Core/Src/AccelStepper.o
                0x00000000080011d8                setAcceleration
 .text.computeNewSpeed
                0x00000000080012c0      0x1d4 Core/Src/AccelStepper.o
                0x00000000080012c0                computeNewSpeed
 .text.distanceToGo
                0x0000000008001494       0x1e Core/Src/AccelStepper.o
                0x0000000008001494                distanceToGo
 *fill*         0x00000000080014b2        0x2 
 .text.run      0x00000000080014b4      0x1c0 Core/Src/AccelStepper.o
                0x00000000080014b4                run
 .text.runSpeed
                0x0000000008001674       0xb0 Core/Src/AccelStepper.o
                0x0000000008001674                runSpeed
 .text.step     0x0000000008001724       0xc8 Core/Src/AccelStepper.o
                0x0000000008001724                step
 .text.isRunning
                0x00000000080017ec       0x38 Core/Src/AccelStepper.o
                0x00000000080017ec                isRunning
 .text.moveTo   0x0000000008001824       0x30 Core/Src/AccelStepper.o
                0x0000000008001824                moveTo
 .text.enableStepper
                0x0000000008001854       0x40 Core/Src/AccelStepper.o
                0x0000000008001854                enableStepper
 .text.MX_ADC1_Init
                0x0000000008001894       0xa8 Core/Src/adc.o
                0x0000000008001894                MX_ADC1_Init
 .text.HAL_ADC_MspInit
                0x000000000800193c       0xfc Core/Src/adc.o
                0x000000000800193c                HAL_ADC_MspInit
 .text.HAL_ADC_ConvCpltCallback
                0x0000000008001a38       0x80 Core/Src/batteryVolt.o
                0x0000000008001a38                HAL_ADC_ConvCpltCallback
 .text.batteryVoltInit
                0x0000000008001ab8       0x14 Core/Src/batteryVolt.o
                0x0000000008001ab8                batteryVoltInit
 .text.batteryGet
                0x0000000008001acc       0x18 Core/Src/batteryVolt.o
                0x0000000008001acc                batteryGet
 .text.MX_DMA_Init
                0x0000000008001ae4       0xbc Core/Src/dma.o
                0x0000000008001ae4                MX_DMA_Init
 .text.EE_Init  0x0000000008001ba0      0x3c0 Core/Src/eeprom.o
                0x0000000008001ba0                EE_Init
 .text.EE_VerifyPageFullyErased
                0x0000000008001f60       0x4c Core/Src/eeprom.o
 .text.EE_ReadVariable
                0x0000000008001fac       0x94 Core/Src/eeprom.o
                0x0000000008001fac                EE_ReadVariable
 .text.EE_WriteVariable
                0x0000000008002040       0x44 Core/Src/eeprom.o
                0x0000000008002040                EE_WriteVariable
 .text.EE_Format
                0x0000000008002084       0xa4 Core/Src/eeprom.o
 .text.EE_FindValidPage
                0x0000000008002128       0x8c Core/Src/eeprom.o
 .text.EE_VerifyPageFullWriteVariable
                0x00000000080021b4       0xb4 Core/Src/eeprom.o
 .text.EE_PageTransfer
                0x0000000008002268      0x178 Core/Src/eeprom.o
 .text.HAL_TIM_PWM_PulseFinishedCallback
                0x00000000080023e0      0x144 Core/Src/freertos.o
                0x00000000080023e0                HAL_TIM_PWM_PulseFinishedCallback
 .text.HAL_I2C_AddrCallback
                0x0000000008002524       0x58 Core/Src/freertos.o
                0x0000000008002524                HAL_I2C_AddrCallback
 .text.HAL_I2C_ListenCpltCallback
                0x000000000800257c       0x1c Core/Src/freertos.o
                0x000000000800257c                HAL_I2C_ListenCpltCallback
 .text.HAL_I2C_SlaveRxCpltCallback
                0x0000000008002598       0x2c Core/Src/freertos.o
                0x0000000008002598                HAL_I2C_SlaveRxCpltCallback
 .text.vApplicationGetIdleTaskMemory
                0x00000000080025c4       0x34 Core/Src/freertos.o
                0x00000000080025c4                vApplicationGetIdleTaskMemory
 .text.vApplicationGetTimerTaskMemory
                0x00000000080025f8       0x34 Core/Src/freertos.o
                0x00000000080025f8                vApplicationGetTimerTaskMemory
 .text.MX_FREERTOS_Init
                0x000000000800262c      0x120 Core/Src/freertos.o
                0x000000000800262c                MX_FREERTOS_Init
 .text.StartDefaultTask
                0x000000000800274c      0x588 Core/Src/freertos.o
                0x000000000800274c                StartDefaultTask
 .text.StartTaskMotorJ1
                0x0000000008002cd4       0xb4 Core/Src/freertos.o
                0x0000000008002cd4                StartTaskMotorJ1
 .text.StartTaskMotorJ2
                0x0000000008002d88       0xa8 Core/Src/freertos.o
                0x0000000008002d88                StartTaskMotorJ2
 .text.StartTaskMove
                0x0000000008002e30       0x8c Core/Src/freertos.o
                0x0000000008002e30                StartTaskMove
 .text.moveToSquare
                0x0000000008002ebc       0xf0 Core/Src/freertos.o
                0x0000000008002ebc                moveToSquare
 .text.moveToHome
                0x0000000008002fac       0x10 Core/Src/freertos.o
                0x0000000008002fac                moveToHome
 .text.moveToKill
                0x0000000008002fbc       0x28 Core/Src/freertos.o
                0x0000000008002fbc                moveToKill
 .text.movePiece
                0x0000000008002fe4      0x110 Core/Src/freertos.o
                0x0000000008002fe4                movePiece
 .text.updateInfo
                0x00000000080030f4       0xfc Core/Src/freertos.o
                0x00000000080030f4                updateInfo
 .text.inverseKinematics
                0x00000000080031f0      0x3cc Core/Src/freertos.o
                0x00000000080031f0                inverseKinematics
 .text.MX_GPIO_Init
                0x00000000080035bc      0x140 Core/Src/gpio.o
                0x00000000080035bc                MX_GPIO_Init
 .text.MX_I2C1_Init
                0x00000000080036fc       0x5c Core/Src/i2c.o
                0x00000000080036fc                MX_I2C1_Init
 .text.MX_I2C2_Init
                0x0000000008003758       0x5c Core/Src/i2c.o
                0x0000000008003758                MX_I2C2_Init
 .text.MX_I2C3_Init
                0x00000000080037b4       0x5c Core/Src/i2c.o
                0x00000000080037b4                MX_I2C3_Init
 .text.HAL_I2C_MspInit
                0x0000000008003810      0x3c8 Core/Src/i2c.o
                0x0000000008003810                HAL_I2C_MspInit
 .text._write   0x0000000008003bd8       0x2c Core/Src/main.o
                0x0000000008003bd8                _write
 .text.HAL_UARTEx_RxEventCallback
                0x0000000008003c04       0x60 Core/Src/main.o
                0x0000000008003c04                HAL_UARTEx_RxEventCallback
 .text.main     0x0000000008003c64       0x94 Core/Src/main.o
                0x0000000008003c64                main
 .text.SystemClock_Config
                0x0000000008003cf8       0xd4 Core/Src/main.o
                0x0000000008003cf8                SystemClock_Config
 .text.HAL_TIM_PeriodElapsedCallback
                0x0000000008003dcc       0x5c Core/Src/main.o
                0x0000000008003dcc                HAL_TIM_PeriodElapsedCallback
 .text.Error_Handler
                0x0000000008003e28        0xa Core/Src/main.o
                0x0000000008003e28                Error_Handler
 *fill*         0x0000000008003e32        0x2 
 .text.pickAndDropInit
                0x0000000008003e34       0x34 Core/Src/pickAndDrop.o
                0x0000000008003e34                pickAndDropInit
 .text.j3Up     0x0000000008003e68       0x1c Core/Src/pickAndDrop.o
                0x0000000008003e68                j3Up
 .text.j3Down   0x0000000008003e84       0x1c Core/Src/pickAndDrop.o
                0x0000000008003e84                j3Down
 .text.j3Stop   0x0000000008003ea0       0x18 Core/Src/pickAndDrop.o
                0x0000000008003ea0                j3Stop
 .text.j3MoveUp
                0x0000000008003eb8       0x4c Core/Src/pickAndDrop.o
                0x0000000008003eb8                j3MoveUp
 .text.j3MoveDown
                0x0000000008003f04       0x4c Core/Src/pickAndDrop.o
                0x0000000008003f04                j3MoveDown
 .text.pickupPiece
                0x0000000008003f50       0x30 Core/Src/pickAndDrop.o
                0x0000000008003f50                pickupPiece
 .text.dropPiece
                0x0000000008003f80       0x24 Core/Src/pickAndDrop.o
                0x0000000008003f80                dropPiece
 .text.HAL_MspInit
                0x0000000008003fa4       0x58 Core/Src/stm32f4xx_hal_msp.o
                0x0000000008003fa4                HAL_MspInit
 .text.HAL_InitTick
                0x0000000008003ffc       0xb0 Core/Src/stm32f4xx_hal_timebase_tim.o
                0x0000000008003ffc                HAL_InitTick
 .text.NMI_Handler
                0x00000000080040ac        0x6 Core/Src/stm32f4xx_it.o
                0x00000000080040ac                NMI_Handler
 .text.HardFault_Handler
                0x00000000080040b2        0x6 Core/Src/stm32f4xx_it.o
                0x00000000080040b2                HardFault_Handler
 .text.MemManage_Handler
                0x00000000080040b8        0x6 Core/Src/stm32f4xx_it.o
                0x00000000080040b8                MemManage_Handler
 .text.BusFault_Handler
                0x00000000080040be        0x6 Core/Src/stm32f4xx_it.o
                0x00000000080040be                BusFault_Handler
 .text.UsageFault_Handler
                0x00000000080040c4        0x6 Core/Src/stm32f4xx_it.o
                0x00000000080040c4                UsageFault_Handler
 .text.DebugMon_Handler
                0x00000000080040ca        0xe Core/Src/stm32f4xx_it.o
                0x00000000080040ca                DebugMon_Handler
 .text.DMA1_Stream0_IRQHandler
                0x00000000080040d8       0x14 Core/Src/stm32f4xx_it.o
                0x00000000080040d8                DMA1_Stream0_IRQHandler
 .text.DMA1_Stream1_IRQHandler
                0x00000000080040ec       0x14 Core/Src/stm32f4xx_it.o
                0x00000000080040ec                DMA1_Stream1_IRQHandler
 .text.DMA1_Stream2_IRQHandler
                0x0000000008004100       0x14 Core/Src/stm32f4xx_it.o
                0x0000000008004100                DMA1_Stream2_IRQHandler
 .text.DMA1_Stream5_IRQHandler
                0x0000000008004114       0x14 Core/Src/stm32f4xx_it.o
                0x0000000008004114                DMA1_Stream5_IRQHandler
 .text.ADC_IRQHandler
                0x0000000008004128       0x14 Core/Src/stm32f4xx_it.o
                0x0000000008004128                ADC_IRQHandler
 .text.TIM1_UP_TIM10_IRQHandler
                0x000000000800413c       0x14 Core/Src/stm32f4xx_it.o
                0x000000000800413c                TIM1_UP_TIM10_IRQHandler
 .text.TIM1_TRG_COM_TIM11_IRQHandler
                0x0000000008004150       0x14 Core/Src/stm32f4xx_it.o
                0x0000000008004150                TIM1_TRG_COM_TIM11_IRQHandler
 .text.TIM2_IRQHandler
                0x0000000008004164       0x14 Core/Src/stm32f4xx_it.o
                0x0000000008004164                TIM2_IRQHandler
 .text.TIM3_IRQHandler
                0x0000000008004178       0x14 Core/Src/stm32f4xx_it.o
                0x0000000008004178                TIM3_IRQHandler
 .text.I2C1_EV_IRQHandler
                0x000000000800418c       0x14 Core/Src/stm32f4xx_it.o
                0x000000000800418c                I2C1_EV_IRQHandler
 .text.I2C1_ER_IRQHandler
                0x00000000080041a0       0x14 Core/Src/stm32f4xx_it.o
                0x00000000080041a0                I2C1_ER_IRQHandler
 .text.I2C2_EV_IRQHandler
                0x00000000080041b4       0x14 Core/Src/stm32f4xx_it.o
                0x00000000080041b4                I2C2_EV_IRQHandler
 .text.I2C2_ER_IRQHandler
                0x00000000080041c8       0x14 Core/Src/stm32f4xx_it.o
                0x00000000080041c8                I2C2_ER_IRQHandler
 .text.USART1_IRQHandler
                0x00000000080041dc       0x14 Core/Src/stm32f4xx_it.o
                0x00000000080041dc                USART1_IRQHandler
 .text.USART2_IRQHandler
                0x00000000080041f0       0x14 Core/Src/stm32f4xx_it.o
                0x00000000080041f0                USART2_IRQHandler
 .text.DMA1_Stream7_IRQHandler
                0x0000000008004204       0x14 Core/Src/stm32f4xx_it.o
                0x0000000008004204                DMA1_Stream7_IRQHandler
 .text.DMA2_Stream0_IRQHandler
                0x0000000008004218       0x14 Core/Src/stm32f4xx_it.o
                0x0000000008004218                DMA2_Stream0_IRQHandler
 .text.DMA2_Stream2_IRQHandler
                0x000000000800422c       0x14 Core/Src/stm32f4xx_it.o
                0x000000000800422c                DMA2_Stream2_IRQHandler
 .text.I2C3_EV_IRQHandler
                0x0000000008004240       0x14 Core/Src/stm32f4xx_it.o
                0x0000000008004240                I2C3_EV_IRQHandler
 .text.I2C3_ER_IRQHandler
                0x0000000008004254       0x14 Core/Src/stm32f4xx_it.o
                0x0000000008004254                I2C3_ER_IRQHandler
 .text._getpid  0x0000000008004268       0x10 Core/Src/syscalls.o
                0x0000000008004268                _getpid
 .text._kill    0x0000000008004278       0x20 Core/Src/syscalls.o
                0x0000000008004278                _kill
 .text._exit    0x0000000008004298       0x14 Core/Src/syscalls.o
                0x0000000008004298                _exit
 .text._read    0x00000000080042ac       0x3a Core/Src/syscalls.o
                0x00000000080042ac                _read
 .text._close   0x00000000080042e6       0x18 Core/Src/syscalls.o
                0x00000000080042e6                _close
 .text._fstat   0x00000000080042fe       0x20 Core/Src/syscalls.o
                0x00000000080042fe                _fstat
 .text._isatty  0x000000000800431e       0x16 Core/Src/syscalls.o
                0x000000000800431e                _isatty
 .text._lseek   0x0000000008004334       0x1a Core/Src/syscalls.o
                0x0000000008004334                _lseek
 *fill*         0x000000000800434e        0x2 
 .text._sbrk    0x0000000008004350       0x6c Core/Src/sysmem.o
                0x0000000008004350                _sbrk
 .text.SystemInit
                0x00000000080043bc       0x24 Core/Src/system_stm32f4xx.o
                0x00000000080043bc                SystemInit
 .text.MX_TIM2_Init
                0x00000000080043e0       0xec Core/Src/tim.o
                0x00000000080043e0                MX_TIM2_Init
 .text.MX_TIM3_Init
                0x00000000080044cc       0xec Core/Src/tim.o
                0x00000000080044cc                MX_TIM3_Init
 .text.MX_TIM4_Init
                0x00000000080045b8      0x104 Core/Src/tim.o
                0x00000000080045b8                MX_TIM4_Init
 .text.MX_TIM10_Init
                0x00000000080046bc       0x48 Core/Src/tim.o
                0x00000000080046bc                MX_TIM10_Init
 .text.HAL_TIM_Base_MspInit
                0x0000000008004704       0xf0 Core/Src/tim.o
                0x0000000008004704                HAL_TIM_Base_MspInit
 .text.HAL_TIM_MspPostInit
                0x00000000080047f4      0x10c Core/Src/tim.o
                0x00000000080047f4                HAL_TIM_MspPostInit
 .text.MX_USART1_UART_Init
                0x0000000008004900       0x54 Core/Src/usart.o
                0x0000000008004900                MX_USART1_UART_Init
 .text.MX_USART2_UART_Init
                0x0000000008004954       0x54 Core/Src/usart.o
                0x0000000008004954                MX_USART2_UART_Init
 .text.HAL_UART_MspInit
                0x00000000080049a8      0x1e4 Core/Src/usart.o
                0x00000000080049a8                HAL_UART_MspInit
 .text.Reset_Handler
                0x0000000008004b8c       0x50 Core/Startup/startup_stm32f401ccux.o
                0x0000000008004b8c                Reset_Handler
 .text.Default_Handler
                0x0000000008004bdc        0x2 Core/Startup/startup_stm32f401ccux.o
                0x0000000008004bdc                RTC_Alarm_IRQHandler
                0x0000000008004bdc                EXTI2_IRQHandler
                0x0000000008004bdc                SPI4_IRQHandler
                0x0000000008004bdc                TIM1_CC_IRQHandler
                0x0000000008004bdc                DMA2_Stream5_IRQHandler
                0x0000000008004bdc                PVD_IRQHandler
                0x0000000008004bdc                SDIO_IRQHandler
                0x0000000008004bdc                TAMP_STAMP_IRQHandler
                0x0000000008004bdc                EXTI3_IRQHandler
                0x0000000008004bdc                EXTI0_IRQHandler
                0x0000000008004bdc                FPU_IRQHandler
                0x0000000008004bdc                SPI1_IRQHandler
                0x0000000008004bdc                TIM1_BRK_TIM9_IRQHandler
                0x0000000008004bdc                DMA2_Stream3_IRQHandler
                0x0000000008004bdc                USART6_IRQHandler
                0x0000000008004bdc                TIM4_IRQHandler
                0x0000000008004bdc                DMA1_Stream6_IRQHandler
                0x0000000008004bdc                RCC_IRQHandler
                0x0000000008004bdc                Default_Handler
                0x0000000008004bdc                EXTI15_10_IRQHandler
                0x0000000008004bdc                TIM5_IRQHandler
                0x0000000008004bdc                DMA2_Stream7_IRQHandler
                0x0000000008004bdc                EXTI9_5_IRQHandler
                0x0000000008004bdc                RTC_WKUP_IRQHandler
                0x0000000008004bdc                SPI2_IRQHandler
                0x0000000008004bdc                EXTI4_IRQHandler
                0x0000000008004bdc                WWDG_IRQHandler
                0x0000000008004bdc                OTG_FS_WKUP_IRQHandler
                0x0000000008004bdc                EXTI1_IRQHandler
                0x0000000008004bdc                DMA2_Stream1_IRQHandler
                0x0000000008004bdc                FLASH_IRQHandler
                0x0000000008004bdc                DMA2_Stream4_IRQHandler
                0x0000000008004bdc                OTG_FS_IRQHandler
                0x0000000008004bdc                SPI3_IRQHandler
                0x0000000008004bdc                DMA1_Stream4_IRQHandler
                0x0000000008004bdc                DMA2_Stream6_IRQHandler
                0x0000000008004bdc                DMA1_Stream3_IRQHandler
 *fill*         0x0000000008004bde        0x2 
 .text.HAL_Init
                0x0000000008004be0       0x44 Drivers/STM32F4xx_HAL_Driver/Src/stm32f4xx_hal.o
                0x0000000008004be0                HAL_Init
 .text.HAL_IncTick
                0x0000000008004c24       0x28 Drivers/STM32F4xx_HAL_Driver/Src/stm32f4xx_hal.o
                0x0000000008004c24                HAL_IncTick
 .text.HAL_GetTick
                0x0000000008004c4c       0x18 Drivers/STM32F4xx_HAL_Driver/Src/stm32f4xx_hal.o
                0x0000000008004c4c                HAL_GetTick
 .text.HAL_Delay
                0x0000000008004c64       0x48 Drivers/STM32F4xx_HAL_Driver/Src/stm32f4xx_hal.o
                0x0000000008004c64                HAL_Delay
 .text.HAL_ADC_Init
                0x0000000008004cac       0x86 Drivers/STM32F4xx_HAL_Driver/Src/stm32f4xx_hal_adc.o
                0x0000000008004cac                HAL_ADC_Init
 *fill*         0x0000000008004d32        0x2 
 .text.HAL_ADC_Start_IT
                0x0000000008004d34      0x17c Drivers/STM32F4xx_HAL_Driver/Src/stm32f4xx_hal_adc.o
                0x0000000008004d34                HAL_ADC_Start_IT
 .text.HAL_ADC_IRQHandler
                0x0000000008004eb0      0x282 Drivers/STM32F4xx_HAL_Driver/Src/stm32f4xx_hal_adc.o
                0x0000000008004eb0                HAL_ADC_IRQHandler
 .text.HAL_ADC_LevelOutOfWindowCallback
                0x0000000008005132       0x14 Drivers/STM32F4xx_HAL_Driver/Src/stm32f4xx_hal_adc.o
                0x0000000008005132                HAL_ADC_LevelOutOfWindowCallback
 .text.HAL_ADC_ErrorCallback
                0x0000000008005146       0x14 Drivers/STM32F4xx_HAL_Driver/Src/stm32f4xx_hal_adc.o
                0x0000000008005146                HAL_ADC_ErrorCallback
 *fill*         0x000000000800515a        0x2 
 .text.HAL_ADC_ConfigChannel
                0x000000000800515c      0x244 Drivers/STM32F4xx_HAL_Driver/Src/stm32f4xx_hal_adc.o
                0x000000000800515c                HAL_ADC_ConfigChannel
 .text.ADC_Init
                0x00000000080053a0      0x1f8 Drivers/STM32F4xx_HAL_Driver/Src/stm32f4xx_hal_adc.o
 .text.HAL_ADCEx_InjectedConvCpltCallback
                0x0000000008005598       0x14 Drivers/STM32F4xx_HAL_Driver/Src/stm32f4xx_hal_adc_ex.o
                0x0000000008005598                HAL_ADCEx_InjectedConvCpltCallback
 .text.__NVIC_SetPriorityGrouping
                0x00000000080055ac       0x48 Drivers/STM32F4xx_HAL_Driver/Src/stm32f4xx_hal_cortex.o
 .text.__NVIC_GetPriorityGrouping
                0x00000000080055f4       0x1c Drivers/STM32F4xx_HAL_Driver/Src/stm32f4xx_hal_cortex.o
 .text.__NVIC_EnableIRQ
                0x0000000008005610       0x3c Drivers/STM32F4xx_HAL_Driver/Src/stm32f4xx_hal_cortex.o
 .text.__NVIC_SetPriority
                0x000000000800564c       0x54 Drivers/STM32F4xx_HAL_Driver/Src/stm32f4xx_hal_cortex.o
 .text.NVIC_EncodePriority
                0x00000000080056a0       0x66 Drivers/STM32F4xx_HAL_Driver/Src/stm32f4xx_hal_cortex.o
 .text.HAL_NVIC_SetPriorityGrouping
                0x0000000008005706       0x16 Drivers/STM32F4xx_HAL_Driver/Src/stm32f4xx_hal_cortex.o
                0x0000000008005706                HAL_NVIC_SetPriorityGrouping
 .text.HAL_NVIC_SetPriority
                0x000000000800571c       0x38 Drivers/STM32F4xx_HAL_Driver/Src/stm32f4xx_hal_cortex.o
                0x000000000800571c                HAL_NVIC_SetPriority
 .text.HAL_NVIC_EnableIRQ
                0x0000000008005754       0x1c Drivers/STM32F4xx_HAL_Driver/Src/stm32f4xx_hal_cortex.o
                0x0000000008005754                HAL_NVIC_EnableIRQ
 .text.HAL_DMA_Init
                0x0000000008005770      0x15c Drivers/STM32F4xx_HAL_Driver/Src/stm32f4xx_hal_dma.o
                0x0000000008005770                HAL_DMA_Init
 .text.HAL_DMA_Start_IT
                0x00000000080058cc       0xb0 Drivers/STM32F4xx_HAL_Driver/Src/stm32f4xx_hal_dma.o
                0x00000000080058cc                HAL_DMA_Start_IT
 .text.HAL_DMA_Abort
                0x000000000800597c       0xe0 Drivers/STM32F4xx_HAL_Driver/Src/stm32f4xx_hal_dma.o
                0x000000000800597c                HAL_DMA_Abort
 .text.HAL_DMA_Abort_IT
                0x0000000008005a5c       0x44 Drivers/STM32F4xx_HAL_Driver/Src/stm32f4xx_hal_dma.o
                0x0000000008005a5c                HAL_DMA_Abort_IT
 .text.HAL_DMA_IRQHandler
                0x0000000008005aa0      0x314 Drivers/STM32F4xx_HAL_Driver/Src/stm32f4xx_hal_dma.o
                0x0000000008005aa0                HAL_DMA_IRQHandler
 .text.HAL_DMA_GetState
                0x0000000008005db4       0x1c Drivers/STM32F4xx_HAL_Driver/Src/stm32f4xx_hal_dma.o
                0x0000000008005db4                HAL_DMA_GetState
 .text.HAL_DMA_GetError
                0x0000000008005dd0       0x18 Drivers/STM32F4xx_HAL_Driver/Src/stm32f4xx_hal_dma.o
                0x0000000008005dd0                HAL_DMA_GetError
 .text.DMA_SetConfig
                0x0000000008005de8       0x5c Drivers/STM32F4xx_HAL_Driver/Src/stm32f4xx_hal_dma.o
 .text.DMA_CalcBaseAndBitshift
                0x0000000008005e44       0x6c Drivers/STM32F4xx_HAL_Driver/Src/stm32f4xx_hal_dma.o
 .text.DMA_CheckFifoParam
                0x0000000008005eb0       0xf8 Drivers/STM32F4xx_HAL_Driver/Src/stm32f4xx_hal_dma.o
 .text.HAL_FLASH_Program
                0x0000000008005fa8       0xa8 Drivers/STM32F4xx_HAL_Driver/Src/stm32f4xx_hal_flash.o
                0x0000000008005fa8                HAL_FLASH_Program
 .text.HAL_FLASH_Unlock
                0x0000000008006050       0x44 Drivers/STM32F4xx_HAL_Driver/Src/stm32f4xx_hal_flash.o
                0x0000000008006050                HAL_FLASH_Unlock
 .text.FLASH_WaitForLastOperation
                0x0000000008006094       0x80 Drivers/STM32F4xx_HAL_Driver/Src/stm32f4xx_hal_flash.o
                0x0000000008006094                FLASH_WaitForLastOperation
 .text.FLASH_Program_DoubleWord
                0x0000000008006114       0x64 Drivers/STM32F4xx_HAL_Driver/Src/stm32f4xx_hal_flash.o
 .text.FLASH_Program_Word
                0x0000000008006178       0x44 Drivers/STM32F4xx_HAL_Driver/Src/stm32f4xx_hal_flash.o
 .text.FLASH_Program_HalfWord
                0x00000000080061bc       0x48 Drivers/STM32F4xx_HAL_Driver/Src/stm32f4xx_hal_flash.o
 .text.FLASH_Program_Byte
                0x0000000008006204       0x44 Drivers/STM32F4xx_HAL_Driver/Src/stm32f4xx_hal_flash.o
 .text.FLASH_SetErrorCode
                0x0000000008006248       0xcc Drivers/STM32F4xx_HAL_Driver/Src/stm32f4xx_hal_flash.o
 .text.HAL_FLASHEx_Erase
                0x0000000008006314       0xe0 Drivers/STM32F4xx_HAL_Driver/Src/stm32f4xx_hal_flash_ex.o
                0x0000000008006314                HAL_FLASHEx_Erase
 .text.FLASH_MassErase
                0x00000000080063f4       0x48 Drivers/STM32F4xx_HAL_Driver/Src/stm32f4xx_hal_flash_ex.o
 .text.FLASH_Erase_Sector
                0x000000000800643c       0x90 Drivers/STM32F4xx_HAL_Driver/Src/stm32f4xx_hal_flash_ex.o
                0x000000000800643c                FLASH_Erase_Sector
 .text.FLASH_FlushCaches
                0x00000000080064cc       0x8c Drivers/STM32F4xx_HAL_Driver/Src/stm32f4xx_hal_flash_ex.o
                0x00000000080064cc                FLASH_FlushCaches
 .text.HAL_GPIO_Init
                0x0000000008006558      0x308 Drivers/STM32F4xx_HAL_Driver/Src/stm32f4xx_hal_gpio.o
                0x0000000008006558                HAL_GPIO_Init
 .text.HAL_GPIO_ReadPin
                0x0000000008006860       0x30 Drivers/STM32F4xx_HAL_Driver/Src/stm32f4xx_hal_gpio.o
                0x0000000008006860                HAL_GPIO_ReadPin
 .text.HAL_GPIO_WritePin
                0x0000000008006890       0x32 Drivers/STM32F4xx_HAL_Driver/Src/stm32f4xx_hal_gpio.o
                0x0000000008006890                HAL_GPIO_WritePin
 .text.HAL_GPIO_TogglePin
                0x00000000080068c2       0x34 Drivers/STM32F4xx_HAL_Driver/Src/stm32f4xx_hal_gpio.o
                0x00000000080068c2                HAL_GPIO_TogglePin
 *fill*         0x00000000080068f6        0x2 
 .text.HAL_I2C_Init
                0x00000000080068f8      0x288 Drivers/STM32F4xx_HAL_Driver/Src/stm32f4xx_hal_i2c.o
                0x00000000080068f8                HAL_I2C_Init
 .text.HAL_I2C_Mem_Read_DMA
                0x0000000008006b80      0x328 Drivers/STM32F4xx_HAL_Driver/Src/stm32f4xx_hal_i2c.o
                0x0000000008006b80                HAL_I2C_Mem_Read_DMA
 .text.HAL_I2C_Slave_Seq_Transmit_DMA
                0x0000000008006ea8      0x274 Drivers/STM32F4xx_HAL_Driver/Src/stm32f4xx_hal_i2c.o
                0x0000000008006ea8                HAL_I2C_Slave_Seq_Transmit_DMA
 .text.HAL_I2C_Slave_Seq_Receive_DMA
                0x000000000800711c      0x274 Drivers/STM32F4xx_HAL_Driver/Src/stm32f4xx_hal_i2c.o
                0x000000000800711c                HAL_I2C_Slave_Seq_Receive_DMA
 .text.HAL_I2C_EnableListen_IT
                0x0000000008007390       0x6c Drivers/STM32F4xx_HAL_Driver/Src/stm32f4xx_hal_i2c.o
                0x0000000008007390                HAL_I2C_EnableListen_IT
 .text.HAL_I2C_EV_IRQHandler
                0x00000000080073fc      0x2e2 Drivers/STM32F4xx_HAL_Driver/Src/stm32f4xx_hal_i2c.o
                0x00000000080073fc                HAL_I2C_EV_IRQHandler
 .text.HAL_I2C_ER_IRQHandler
                0x00000000080076de      0x14e Drivers/STM32F4xx_HAL_Driver/Src/stm32f4xx_hal_i2c.o
                0x00000000080076de                HAL_I2C_ER_IRQHandler
 .text.HAL_I2C_MasterTxCpltCallback
                0x000000000800782c       0x14 Drivers/STM32F4xx_HAL_Driver/Src/stm32f4xx_hal_i2c.o
                0x000000000800782c                HAL_I2C_MasterTxCpltCallback
 .text.HAL_I2C_MasterRxCpltCallback
                0x0000000008007840       0x14 Drivers/STM32F4xx_HAL_Driver/Src/stm32f4xx_hal_i2c.o
                0x0000000008007840                HAL_I2C_MasterRxCpltCallback
 .text.HAL_I2C_SlaveTxCpltCallback
                0x0000000008007854       0x14 Drivers/STM32F4xx_HAL_Driver/Src/stm32f4xx_hal_i2c.o
                0x0000000008007854                HAL_I2C_SlaveTxCpltCallback
 .text.HAL_I2C_MemTxCpltCallback
                0x0000000008007868       0x14 Drivers/STM32F4xx_HAL_Driver/Src/stm32f4xx_hal_i2c.o
                0x0000000008007868                HAL_I2C_MemTxCpltCallback
 .text.HAL_I2C_MemRxCpltCallback
                0x000000000800787c       0x14 Drivers/STM32F4xx_HAL_Driver/Src/stm32f4xx_hal_i2c.o
                0x000000000800787c                HAL_I2C_MemRxCpltCallback
 .text.HAL_I2C_AbortCpltCallback
                0x0000000008007890       0x14 Drivers/STM32F4xx_HAL_Driver/Src/stm32f4xx_hal_i2c.o
                0x0000000008007890                HAL_I2C_AbortCpltCallback
 .text.I2C_MasterTransmit_TXE
                0x00000000080078a4      0x138 Drivers/STM32F4xx_HAL_Driver/Src/stm32f4xx_hal_i2c.o
 .text.I2C_MasterTransmit_BTF
                0x00000000080079dc       0xec Drivers/STM32F4xx_HAL_Driver/Src/stm32f4xx_hal_i2c.o
 .text.I2C_MemoryTransmit_TXE_BTF
                0x0000000008007ac8      0x128 Drivers/STM32F4xx_HAL_Driver/Src/stm32f4xx_hal_i2c.o
 .text.I2C_MasterReceive_RXNE
                0x0000000008007bf0      0x162 Drivers/STM32F4xx_HAL_Driver/Src/stm32f4xx_hal_i2c.o
 .text.I2C_MasterReceive_BTF
                0x0000000008007d52      0x1d4 Drivers/STM32F4xx_HAL_Driver/Src/stm32f4xx_hal_i2c.o
 .text.I2C_Master_SB
                0x0000000008007f26      0x10c Drivers/STM32F4xx_HAL_Driver/Src/stm32f4xx_hal_i2c.o
 .text.I2C_Master_ADD10
                0x0000000008008032       0x54 Drivers/STM32F4xx_HAL_Driver/Src/stm32f4xx_hal_i2c.o
 .text.I2C_Master_ADDR
                0x0000000008008086      0x322 Drivers/STM32F4xx_HAL_Driver/Src/stm32f4xx_hal_i2c.o
 .text.I2C_SlaveTransmit_TXE
                0x00000000080083a8       0x7a Drivers/STM32F4xx_HAL_Driver/Src/stm32f4xx_hal_i2c.o
 .text.I2C_SlaveTransmit_BTF
                0x0000000008008422       0x42 Drivers/STM32F4xx_HAL_Driver/Src/stm32f4xx_hal_i2c.o
 .text.I2C_SlaveReceive_RXNE
                0x0000000008008464       0x7c Drivers/STM32F4xx_HAL_Driver/Src/stm32f4xx_hal_i2c.o
 .text.I2C_SlaveReceive_BTF
                0x00000000080084e0       0x44 Drivers/STM32F4xx_HAL_Driver/Src/stm32f4xx_hal_i2c.o
 .text.I2C_Slave_ADDR
                0x0000000008008524       0x94 Drivers/STM32F4xx_HAL_Driver/Src/stm32f4xx_hal_i2c.o
 .text.I2C_Slave_STOPF
                0x00000000080085b8      0x260 Drivers/STM32F4xx_HAL_Driver/Src/stm32f4xx_hal_i2c.o
 .text.I2C_Slave_AF
                0x0000000008008818       0xe0 Drivers/STM32F4xx_HAL_Driver/Src/stm32f4xx_hal_i2c.o
 .text.I2C_ITError
                0x00000000080088f8      0x264 Drivers/STM32F4xx_HAL_Driver/Src/stm32f4xx_hal_i2c.o
 .text.I2C_RequestMemoryRead
                0x0000000008008b5c      0x1d0 Drivers/STM32F4xx_HAL_Driver/Src/stm32f4xx_hal_i2c.o
 .text.I2C_DMAXferCplt
                0x0000000008008d2c      0x1aa Drivers/STM32F4xx_HAL_Driver/Src/stm32f4xx_hal_i2c.o
 .text.I2C_DMAError
                0x0000000008008ed6       0x7a Drivers/STM32F4xx_HAL_Driver/Src/stm32f4xx_hal_i2c.o
 .text.I2C_DMAAbort
                0x0000000008008f50      0x150 Drivers/STM32F4xx_HAL_Driver/Src/stm32f4xx_hal_i2c.o
 .text.I2C_WaitOnFlagUntilTimeout
                0x00000000080090a0       0xae Drivers/STM32F4xx_HAL_Driver/Src/stm32f4xx_hal_i2c.o
 .text.I2C_WaitOnMasterAddressFlagUntilTimeout
                0x000000000800914e       0xfe Drivers/STM32F4xx_HAL_Driver/Src/stm32f4xx_hal_i2c.o
 .text.I2C_WaitOnTXEFlagUntilTimeout
                0x000000000800924c       0x82 Drivers/STM32F4xx_HAL_Driver/Src/stm32f4xx_hal_i2c.o
 *fill*         0x00000000080092ce        0x2 
 .text.I2C_WaitOnSTOPRequestThroughIT
                0x00000000080092d0       0x64 Drivers/STM32F4xx_HAL_Driver/Src/stm32f4xx_hal_i2c.o
 .text.I2C_IsAcknowledgeFailed
                0x0000000008009334       0x5e Drivers/STM32F4xx_HAL_Driver/Src/stm32f4xx_hal_i2c.o
 .text.I2C_ConvertOtherXferOptions
                0x0000000008009392       0x36 Drivers/STM32F4xx_HAL_Driver/Src/stm32f4xx_hal_i2c.o
 .text.HAL_RCC_OscConfig
                0x00000000080093c8      0x4f0 Drivers/STM32F4xx_HAL_Driver/Src/stm32f4xx_hal_rcc.o
                0x00000000080093c8                HAL_RCC_OscConfig
 .text.HAL_RCC_ClockConfig
                0x00000000080098b8      0x1cc Drivers/STM32F4xx_HAL_Driver/Src/stm32f4xx_hal_rcc.o
                0x00000000080098b8                HAL_RCC_ClockConfig
 .text.HAL_RCC_GetSysClockFreq
                0x0000000008009a84      0x16c Drivers/STM32F4xx_HAL_Driver/Src/stm32f4xx_hal_rcc.o
                0x0000000008009a84                HAL_RCC_GetSysClockFreq
 .text.HAL_RCC_GetHCLKFreq
                0x0000000008009bf0       0x18 Drivers/STM32F4xx_HAL_Driver/Src/stm32f4xx_hal_rcc.o
                0x0000000008009bf0                HAL_RCC_GetHCLKFreq
 .text.HAL_RCC_GetPCLK1Freq
                0x0000000008009c08       0x28 Drivers/STM32F4xx_HAL_Driver/Src/stm32f4xx_hal_rcc.o
                0x0000000008009c08                HAL_RCC_GetPCLK1Freq
 .text.HAL_RCC_GetPCLK2Freq
                0x0000000008009c30       0x28 Drivers/STM32F4xx_HAL_Driver/Src/stm32f4xx_hal_rcc.o
                0x0000000008009c30                HAL_RCC_GetPCLK2Freq
 .text.HAL_RCC_GetClockConfig
                0x0000000008009c58       0x64 Drivers/STM32F4xx_HAL_Driver/Src/stm32f4xx_hal_rcc.o
                0x0000000008009c58                HAL_RCC_GetClockConfig
 .text.HAL_TIM_Base_Init
                0x0000000008009cbc       0x9e Drivers/STM32F4xx_HAL_Driver/Src/stm32f4xx_hal_tim.o
                0x0000000008009cbc                HAL_TIM_Base_Init
 *fill*         0x0000000008009d5a        0x2 
 .text.HAL_TIM_Base_Start_IT
                0x0000000008009d5c       0xc4 Drivers/STM32F4xx_HAL_Driver/Src/stm32f4xx_hal_tim.o
                0x0000000008009d5c                HAL_TIM_Base_Start_IT
 .text.HAL_TIM_PWM_Init
                0x0000000008009e20       0x9e Drivers/STM32F4xx_HAL_Driver/Src/stm32f4xx_hal_tim.o
                0x0000000008009e20                HAL_TIM_PWM_Init
 .text.HAL_TIM_PWM_MspInit
                0x0000000008009ebe       0x14 Drivers/STM32F4xx_HAL_Driver/Src/stm32f4xx_hal_tim.o
                0x0000000008009ebe                HAL_TIM_PWM_MspInit
 *fill*         0x0000000008009ed2        0x2 
 .text.HAL_TIM_PWM_Start
                0x0000000008009ed4      0x160 Drivers/STM32F4xx_HAL_Driver/Src/stm32f4xx_hal_tim.o
                0x0000000008009ed4                HAL_TIM_PWM_Start
 .text.HAL_TIM_PWM_Start_IT
                0x000000000800a034      0x1fc Drivers/STM32F4xx_HAL_Driver/Src/stm32f4xx_hal_tim.o
                0x000000000800a034                HAL_TIM_PWM_Start_IT
 .text.HAL_TIM_IRQHandler
                0x000000000800a230      0x210 Drivers/STM32F4xx_HAL_Driver/Src/stm32f4xx_hal_tim.o
                0x000000000800a230                HAL_TIM_IRQHandler
 .text.HAL_TIM_PWM_ConfigChannel
                0x000000000800a440      0x184 Drivers/STM32F4xx_HAL_Driver/Src/stm32f4xx_hal_tim.o
                0x000000000800a440                HAL_TIM_PWM_ConfigChannel
 .text.HAL_TIM_ConfigClockSource
                0x000000000800a5c4      0x18e Drivers/STM32F4xx_HAL_Driver/Src/stm32f4xx_hal_tim.o
                0x000000000800a5c4                HAL_TIM_ConfigClockSource
 .text.HAL_TIM_OC_DelayElapsedCallback
                0x000000000800a752       0x14 Drivers/STM32F4xx_HAL_Driver/Src/stm32f4xx_hal_tim.o
                0x000000000800a752                HAL_TIM_OC_DelayElapsedCallback
 .text.HAL_TIM_IC_CaptureCallback
                0x000000000800a766       0x14 Drivers/STM32F4xx_HAL_Driver/Src/stm32f4xx_hal_tim.o
                0x000000000800a766                HAL_TIM_IC_CaptureCallback
 .text.HAL_TIM_TriggerCallback
                0x000000000800a77a       0x14 Drivers/STM32F4xx_HAL_Driver/Src/stm32f4xx_hal_tim.o
                0x000000000800a77a                HAL_TIM_TriggerCallback
 *fill*         0x000000000800a78e        0x2 
 .text.TIM_Base_SetConfig
                0x000000000800a790      0x100 Drivers/STM32F4xx_HAL_Driver/Src/stm32f4xx_hal_tim.o
                0x000000000800a790                TIM_Base_SetConfig
 .text.TIM_OC1_SetConfig
                0x000000000800a890       0xcc Drivers/STM32F4xx_HAL_Driver/Src/stm32f4xx_hal_tim.o
 .text.TIM_OC2_SetConfig
                0x000000000800a95c       0xd8 Drivers/STM32F4xx_HAL_Driver/Src/stm32f4xx_hal_tim.o
                0x000000000800a95c                TIM_OC2_SetConfig
 .text.TIM_OC3_SetConfig
                0x000000000800aa34       0xd4 Drivers/STM32F4xx_HAL_Driver/Src/stm32f4xx_hal_tim.o
 .text.TIM_OC4_SetConfig
                0x000000000800ab08       0xa0 Drivers/STM32F4xx_HAL_Driver/Src/stm32f4xx_hal_tim.o
 .text.TIM_TI1_ConfigInputStage
                0x000000000800aba8       0x5e Drivers/STM32F4xx_HAL_Driver/Src/stm32f4xx_hal_tim.o
 .text.TIM_TI2_ConfigInputStage
                0x000000000800ac06       0x60 Drivers/STM32F4xx_HAL_Driver/Src/stm32f4xx_hal_tim.o
 .text.TIM_ITRx_SetConfig
                0x000000000800ac66       0x36 Drivers/STM32F4xx_HAL_Driver/Src/stm32f4xx_hal_tim.o
 .text.TIM_ETR_SetConfig
                0x000000000800ac9c       0x40 Drivers/STM32F4xx_HAL_Driver/Src/stm32f4xx_hal_tim.o
                0x000000000800ac9c                TIM_ETR_SetConfig
 .text.TIM_CCxChannelCmd
                0x000000000800acdc       0x4a Drivers/STM32F4xx_HAL_Driver/Src/stm32f4xx_hal_tim.o
                0x000000000800acdc                TIM_CCxChannelCmd
 *fill*         0x000000000800ad26        0x2 
 .text.HAL_TIMEx_PWMN_Start_IT
                0x000000000800ad28      0x1c8 Drivers/STM32F4xx_HAL_Driver/Src/stm32f4xx_hal_tim_ex.o
                0x000000000800ad28                HAL_TIMEx_PWMN_Start_IT
 .text.HAL_TIMEx_MasterConfigSynchronization
                0x000000000800aef0       0xdc Drivers/STM32F4xx_HAL_Driver/Src/stm32f4xx_hal_tim_ex.o
                0x000000000800aef0                HAL_TIMEx_MasterConfigSynchronization
 .text.HAL_TIMEx_CommutCallback
                0x000000000800afcc       0x14 Drivers/STM32F4xx_HAL_Driver/Src/stm32f4xx_hal_tim_ex.o
                0x000000000800afcc                HAL_TIMEx_CommutCallback
 .text.HAL_TIMEx_BreakCallback
                0x000000000800afe0       0x14 Drivers/STM32F4xx_HAL_Driver/Src/stm32f4xx_hal_tim_ex.o
                0x000000000800afe0                HAL_TIMEx_BreakCallback
 .text.TIM_CCxNChannelCmd
                0x000000000800aff4       0x4a Drivers/STM32F4xx_HAL_Driver/Src/stm32f4xx_hal_tim_ex.o
 .text.HAL_UART_Init
                0x000000000800b03e       0x9a Drivers/STM32F4xx_HAL_Driver/Src/stm32f4xx_hal_uart.o
                0x000000000800b03e                HAL_UART_Init
 .text.HAL_UART_Transmit
                0x000000000800b0d8      0x124 Drivers/STM32F4xx_HAL_Driver/Src/stm32f4xx_hal_uart.o
                0x000000000800b0d8                HAL_UART_Transmit
 .text.HAL_UARTEx_ReceiveToIdle_DMA
                0x000000000800b1fc       0xca Drivers/STM32F4xx_HAL_Driver/Src/stm32f4xx_hal_uart.o
                0x000000000800b1fc                HAL_UARTEx_ReceiveToIdle_DMA
 *fill*         0x000000000800b2c6        0x2 
 .text.HAL_UART_IRQHandler
                0x000000000800b2c8      0x51c Drivers/STM32F4xx_HAL_Driver/Src/stm32f4xx_hal_uart.o
                0x000000000800b2c8                HAL_UART_IRQHandler
 .text.HAL_UART_TxCpltCallback
                0x000000000800b7e4       0x14 Drivers/STM32F4xx_HAL_Driver/Src/stm32f4xx_hal_uart.o
                0x000000000800b7e4                HAL_UART_TxCpltCallback
 .text.HAL_UART_RxCpltCallback
                0x000000000800b7f8       0x14 Drivers/STM32F4xx_HAL_Driver/Src/stm32f4xx_hal_uart.o
                0x000000000800b7f8                HAL_UART_RxCpltCallback
 .text.HAL_UART_RxHalfCpltCallback
                0x000000000800b80c       0x14 Drivers/STM32F4xx_HAL_Driver/Src/stm32f4xx_hal_uart.o
                0x000000000800b80c                HAL_UART_RxHalfCpltCallback
 .text.HAL_UART_ErrorCallback
                0x000000000800b820       0x14 Drivers/STM32F4xx_HAL_Driver/Src/stm32f4xx_hal_uart.o
                0x000000000800b820                HAL_UART_ErrorCallback
 .text.UART_DMAReceiveCplt
                0x000000000800b834      0x126 Drivers/STM32F4xx_HAL_Driver/Src/stm32f4xx_hal_uart.o
 .text.UART_DMARxHalfCplt
                0x000000000800b95a       0x36 Drivers/STM32F4xx_HAL_Driver/Src/stm32f4xx_hal_uart.o
 .text.UART_DMAError
                0x000000000800b990       0x94 Drivers/STM32F4xx_HAL_Driver/Src/stm32f4xx_hal_uart.o
 .text.UART_WaitOnFlagUntilTimeout
                0x000000000800ba24       0xdc Drivers/STM32F4xx_HAL_Driver/Src/stm32f4xx_hal_uart.o
 .text.UART_Start_Receive_DMA
                0x000000000800bb00      0x134 Drivers/STM32F4xx_HAL_Driver/Src/stm32f4xx_hal_uart.o
                0x000000000800bb00                UART_Start_Receive_DMA
 .text.UART_EndTxTransfer
                0x000000000800bc34       0x50 Drivers/STM32F4xx_HAL_Driver/Src/stm32f4xx_hal_uart.o
 .text.UART_EndRxTransfer
                0x000000000800bc84       0xc6 Drivers/STM32F4xx_HAL_Driver/Src/stm32f4xx_hal_uart.o
 .text.UART_DMAAbortOnError
                0x000000000800bd4a       0x28 Drivers/STM32F4xx_HAL_Driver/Src/stm32f4xx_hal_uart.o
 .text.UART_Transmit_IT
                0x000000000800bd72       0xa0 Drivers/STM32F4xx_HAL_Driver/Src/stm32f4xx_hal_uart.o
 .text.UART_EndTransmit_IT
                0x000000000800be12       0x30 Drivers/STM32F4xx_HAL_Driver/Src/stm32f4xx_hal_uart.o
 .text.UART_Receive_IT
                0x000000000800be42      0x176 Drivers/STM32F4xx_HAL_Driver/Src/stm32f4xx_hal_uart.o
 .text.UART_SetConfig
                0x000000000800bfb8      0x390 Drivers/STM32F4xx_HAL_Driver/Src/stm32f4xx_hal_uart.o
 .text.makeFreeRtosPriority
                0x000000000800c348       0x30 Middlewares/Third_Party/FreeRTOS/Source/CMSIS_RTOS/cmsis_os.o
 .text.inHandlerMode
                0x000000000800c378       0x24 Middlewares/Third_Party/FreeRTOS/Source/CMSIS_RTOS/cmsis_os.o
 .text.osKernelStart
                0x000000000800c39c        0xe Middlewares/Third_Party/FreeRTOS/Source/CMSIS_RTOS/cmsis_os.o
                0x000000000800c39c                osKernelStart
 .text.osThreadCreate
                0x000000000800c3aa       0x98 Middlewares/Third_Party/FreeRTOS/Source/CMSIS_RTOS/cmsis_os.o
                0x000000000800c3aa                osThreadCreate
 .text.osDelay  0x000000000800c442       0x28 Middlewares/Third_Party/FreeRTOS/Source/CMSIS_RTOS/cmsis_os.o
                0x000000000800c442                osDelay
 .text.osSemaphoreCreate
                0x000000000800c46a       0x64 Middlewares/Third_Party/FreeRTOS/Source/CMSIS_RTOS/cmsis_os.o
                0x000000000800c46a                osSemaphoreCreate
 *fill*         0x000000000800c4ce        0x2 
 .text.osSemaphoreWait
                0x000000000800c4d0       0x9c Middlewares/Third_Party/FreeRTOS/Source/CMSIS_RTOS/cmsis_os.o
                0x000000000800c4d0                osSemaphoreWait
 .text.osSemaphoreRelease
                0x000000000800c56c       0x6c Middlewares/Third_Party/FreeRTOS/Source/CMSIS_RTOS/cmsis_os.o
                0x000000000800c56c                osSemaphoreRelease
 .text.vListInitialise
                0x000000000800c5d8       0x40 Middlewares/Third_Party/FreeRTOS/Source/list.o
                0x000000000800c5d8                vListInitialise
 .text.vListInitialiseItem
                0x000000000800c618       0x1a Middlewares/Third_Party/FreeRTOS/Source/list.o
                0x000000000800c618                vListInitialiseItem
 .text.vListInsertEnd
                0x000000000800c632       0x48 Middlewares/Third_Party/FreeRTOS/Source/list.o
                0x000000000800c632                vListInsertEnd
 .text.vListInsert
                0x000000000800c67a       0x72 Middlewares/Third_Party/FreeRTOS/Source/list.o
                0x000000000800c67a                vListInsert
 .text.uxListRemove
                0x000000000800c6ec       0x54 Middlewares/Third_Party/FreeRTOS/Source/list.o
                0x000000000800c6ec                uxListRemove
 .text.xQueueGenericReset
                0x000000000800c740       0xd0 Middlewares/Third_Party/FreeRTOS/Source/queue.o
                0x000000000800c740                xQueueGenericReset
 .text.xQueueGenericCreateStatic
                0x000000000800c810       0xf0 Middlewares/Third_Party/FreeRTOS/Source/queue.o
                0x000000000800c810                xQueueGenericCreateStatic
 .text.xQueueGenericCreate
                0x000000000800c900       0x74 Middlewares/Third_Party/FreeRTOS/Source/queue.o
                0x000000000800c900                xQueueGenericCreate
 .text.prvInitialiseNewQueue
                0x000000000800c974       0x3e Middlewares/Third_Party/FreeRTOS/Source/queue.o
 *fill*         0x000000000800c9b2        0x2 
 .text.xQueueGenericSend
                0x000000000800c9b4      0x1fc Middlewares/Third_Party/FreeRTOS/Source/queue.o
                0x000000000800c9b4                xQueueGenericSend
 .text.xQueueGenericSendFromISR
                0x000000000800cbb0      0x136 Middlewares/Third_Party/FreeRTOS/Source/queue.o
                0x000000000800cbb0                xQueueGenericSendFromISR
 .text.xQueueGiveFromISR
                0x000000000800cce6      0x11a Middlewares/Third_Party/FreeRTOS/Source/queue.o
                0x000000000800cce6                xQueueGiveFromISR
 .text.xQueueReceive
                0x000000000800ce00      0x1c0 Middlewares/Third_Party/FreeRTOS/Source/queue.o
                0x000000000800ce00                xQueueReceive
 .text.xQueueSemaphoreTake
                0x000000000800cfc0      0x218 Middlewares/Third_Party/FreeRTOS/Source/queue.o
                0x000000000800cfc0                xQueueSemaphoreTake
 .text.xQueueReceiveFromISR
                0x000000000800d1d8      0x100 Middlewares/Third_Party/FreeRTOS/Source/queue.o
                0x000000000800d1d8                xQueueReceiveFromISR
 .text.prvGetDisinheritPriorityAfterTimeout
                0x000000000800d2d8       0x30 Middlewares/Third_Party/FreeRTOS/Source/queue.o
 .text.prvCopyDataToQueue
                0x000000000800d308       0xd4 Middlewares/Third_Party/FreeRTOS/Source/queue.o
 .text.prvCopyDataFromQueue
                0x000000000800d3dc       0x4c Middlewares/Third_Party/FreeRTOS/Source/queue.o
 .text.prvUnlockQueue
                0x000000000800d428       0xa4 Middlewares/Third_Party/FreeRTOS/Source/queue.o
 .text.prvIsQueueEmpty
                0x000000000800d4cc       0x2c Middlewares/Third_Party/FreeRTOS/Source/queue.o
 .text.prvIsQueueFull
                0x000000000800d4f8       0x30 Middlewares/Third_Party/FreeRTOS/Source/queue.o
 .text.vQueueAddToRegistry
                0x000000000800d528       0x54 Middlewares/Third_Party/FreeRTOS/Source/queue.o
                0x000000000800d528                vQueueAddToRegistry
 .text.vQueueWaitForMessageRestricted
                0x000000000800d57c       0x68 Middlewares/Third_Party/FreeRTOS/Source/queue.o
                0x000000000800d57c                vQueueWaitForMessageRestricted
 .text.xTaskCreateStatic
                0x000000000800d5e4       0xba Middlewares/Third_Party/FreeRTOS/Source/tasks.o
                0x000000000800d5e4                xTaskCreateStatic
 .text.xTaskCreate
                0x000000000800d69e       0x8a Middlewares/Third_Party/FreeRTOS/Source/tasks.o
                0x000000000800d69e                xTaskCreate
 .text.prvInitialiseNewTask
                0x000000000800d728      0x10e Middlewares/Third_Party/FreeRTOS/Source/tasks.o
 *fill*         0x000000000800d836        0x2 
 .text.prvAddNewTaskToReadyList
                0x000000000800d838       0xd4 Middlewares/Third_Party/FreeRTOS/Source/tasks.o
 .text.vTaskDelay
                0x000000000800d90c       0x68 Middlewares/Third_Party/FreeRTOS/Source/tasks.o
                0x000000000800d90c                vTaskDelay
 .text.vTaskStartScheduler
                0x000000000800d974       0xcc Middlewares/Third_Party/FreeRTOS/Source/tasks.o
                0x000000000800d974                vTaskStartScheduler
 .text.vTaskSuspendAll
                0x000000000800da40       0x1c Middlewares/Third_Party/FreeRTOS/Source/tasks.o
                0x000000000800da40                vTaskSuspendAll
 .text.xTaskResumeAll
                0x000000000800da5c      0x138 Middlewares/Third_Party/FreeRTOS/Source/tasks.o
                0x000000000800da5c                xTaskResumeAll
 .text.xTaskGetTickCount
                0x000000000800db94       0x20 Middlewares/Third_Party/FreeRTOS/Source/tasks.o
                0x000000000800db94                xTaskGetTickCount
 .text.xTaskIncrementTick
                0x000000000800dbb4      0x170 Middlewares/Third_Party/FreeRTOS/Source/tasks.o
                0x000000000800dbb4                xTaskIncrementTick
 .text.vTaskSwitchContext
                0x000000000800dd24       0xb8 Middlewares/Third_Party/FreeRTOS/Source/tasks.o
                0x000000000800dd24                vTaskSwitchContext
 .text.vTaskPlaceOnEventList
                0x000000000800dddc       0x48 Middlewares/Third_Party/FreeRTOS/Source/tasks.o
                0x000000000800dddc                vTaskPlaceOnEventList
 .text.vTaskPlaceOnEventListRestricted
                0x000000000800de24       0x58 Middlewares/Third_Party/FreeRTOS/Source/tasks.o
                0x000000000800de24                vTaskPlaceOnEventListRestricted
 .text.xTaskRemoveFromEventList
                0x000000000800de7c       0xc4 Middlewares/Third_Party/FreeRTOS/Source/tasks.o
                0x000000000800de7c                xTaskRemoveFromEventList
 .text.vTaskInternalSetTimeOutState
                0x000000000800df40       0x2c Middlewares/Third_Party/FreeRTOS/Source/tasks.o
                0x000000000800df40                vTaskInternalSetTimeOutState
 .text.xTaskCheckForTimeOut
                0x000000000800df6c       0xc4 Middlewares/Third_Party/FreeRTOS/Source/tasks.o
                0x000000000800df6c                xTaskCheckForTimeOut
 .text.vTaskMissedYield
                0x000000000800e030       0x18 Middlewares/Third_Party/FreeRTOS/Source/tasks.o
                0x000000000800e030                vTaskMissedYield
 .text.prvIdleTask
                0x000000000800e048       0x30 Middlewares/Third_Party/FreeRTOS/Source/tasks.o
 .text.prvInitialiseTaskLists
                0x000000000800e078       0x80 Middlewares/Third_Party/FreeRTOS/Source/tasks.o
 .text.prvCheckTasksWaitingTermination
                0x000000000800e0f8       0x5c Middlewares/Third_Party/FreeRTOS/Source/tasks.o
 .text.prvDeleteTCB
                0x000000000800e154       0x5e Middlewares/Third_Party/FreeRTOS/Source/tasks.o
 *fill*         0x000000000800e1b2        0x2 
 .text.prvResetNextTaskUnblockTime
                0x000000000800e1b4       0x40 Middlewares/Third_Party/FreeRTOS/Source/tasks.o
 .text.xTaskGetSchedulerState
                0x000000000800e1f4       0x3c Middlewares/Third_Party/FreeRTOS/Source/tasks.o
                0x000000000800e1f4                xTaskGetSchedulerState
 .text.xTaskPriorityInherit
                0x000000000800e230       0xec Middlewares/Third_Party/FreeRTOS/Source/tasks.o
                0x000000000800e230                xTaskPriorityInherit
 .text.xTaskPriorityDisinherit
                0x000000000800e31c      0x10c Middlewares/Third_Party/FreeRTOS/Source/tasks.o
                0x000000000800e31c                xTaskPriorityDisinherit
 .text.vTaskPriorityDisinheritAfterTimeout
                0x000000000800e428      0x11c Middlewares/Third_Party/FreeRTOS/Source/tasks.o
                0x000000000800e428                vTaskPriorityDisinheritAfterTimeout
 .text.pvTaskIncrementMutexHeldCount
                0x000000000800e544       0x28 Middlewares/Third_Party/FreeRTOS/Source/tasks.o
                0x000000000800e544                pvTaskIncrementMutexHeldCount
 .text.prvAddCurrentTaskToDelayedList
                0x000000000800e56c       0xcc Middlewares/Third_Party/FreeRTOS/Source/tasks.o
 .text.xTimerCreateTimerTask
                0x000000000800e638       0x90 Middlewares/Third_Party/FreeRTOS/Source/timers.o
                0x000000000800e638                xTimerCreateTimerTask
 .text.xTimerGenericCommand
                0x000000000800e6c8       0x9c Middlewares/Third_Party/FreeRTOS/Source/timers.o
                0x000000000800e6c8                xTimerGenericCommand
 .text.prvProcessExpiredTimer
                0x000000000800e764       0x98 Middlewares/Third_Party/FreeRTOS/Source/timers.o
 .text.prvTimerTask
                0x000000000800e7fc       0x24 Middlewares/Third_Party/FreeRTOS/Source/timers.o
 .text.prvProcessTimerOrBlockTask
                0x000000000800e820       0x9c Middlewares/Third_Party/FreeRTOS/Source/timers.o
 .text.prvGetNextExpireTime
                0x000000000800e8bc       0x48 Middlewares/Third_Party/FreeRTOS/Source/timers.o
 .text.prvSampleTimeNow
                0x000000000800e904       0x40 Middlewares/Third_Party/FreeRTOS/Source/timers.o
 .text.prvInsertTimerInActiveList
                0x000000000800e944       0x84 Middlewares/Third_Party/FreeRTOS/Source/timers.o
 .text.prvProcessReceivedCommands
                0x000000000800e9c8      0x18c Middlewares/Third_Party/FreeRTOS/Source/timers.o
 .text.prvSwitchTimerLists
                0x000000000800eb54       0xc8 Middlewares/Third_Party/FreeRTOS/Source/timers.o
 .text.prvCheckForValidListAndQueue
                0x000000000800ec1c       0x80 Middlewares/Third_Party/FreeRTOS/Source/timers.o
 .text.pxPortInitialiseStack
                0x000000000800ec9c       0x68 Middlewares/Third_Party/FreeRTOS/Source/portable/GCC/ARM_CM4F/port.o
                0x000000000800ec9c                pxPortInitialiseStack
 .text.prvTaskExitError
                0x000000000800ed04       0x58 Middlewares/Third_Party/FreeRTOS/Source/portable/GCC/ARM_CM4F/port.o
 *fill*         0x000000000800ed5c        0x4 
 .text.SVC_Handler
                0x000000000800ed60       0x28 Middlewares/Third_Party/FreeRTOS/Source/portable/GCC/ARM_CM4F/port.o
                0x000000000800ed60                SVC_Handler
 .text.prvPortStartFirstTask
                0x000000000800ed88       0x28 Middlewares/Third_Party/FreeRTOS/Source/portable/GCC/ARM_CM4F/port.o
 .text.xPortStartScheduler
                0x000000000800edb0      0x144 Middlewares/Third_Party/FreeRTOS/Source/portable/GCC/ARM_CM4F/port.o
                0x000000000800edb0                xPortStartScheduler
 .text.vPortEnterCritical
                0x000000000800eef4       0x60 Middlewares/Third_Party/FreeRTOS/Source/portable/GCC/ARM_CM4F/port.o
                0x000000000800eef4                vPortEnterCritical
 .text.vPortExitCritical
                0x000000000800ef54       0x54 Middlewares/Third_Party/FreeRTOS/Source/portable/GCC/ARM_CM4F/port.o
                0x000000000800ef54                vPortExitCritical
 *fill*         0x000000000800efa8        0x8 
 .text.PendSV_Handler
                0x000000000800efb0       0x68 Middlewares/Third_Party/FreeRTOS/Source/portable/GCC/ARM_CM4F/port.o
                0x000000000800efb0                PendSV_Handler
 .text.SysTick_Handler
                0x000000000800f018       0x44 Middlewares/Third_Party/FreeRTOS/Source/portable/GCC/ARM_CM4F/port.o
                0x000000000800f018                SysTick_Handler
 .text.vPortSetupTimerInterrupt
                0x000000000800f05c       0x48 Middlewares/Third_Party/FreeRTOS/Source/portable/GCC/ARM_CM4F/port.o
                0x000000000800f05c                vPortSetupTimerInterrupt
 .text.vPortEnableVFP
                0x000000000800f0a4       0x14 Middlewares/Third_Party/FreeRTOS/Source/portable/GCC/ARM_CM4F/port.o
 .text.vPortValidateInterruptPriority
                0x000000000800f0b8       0x80 Middlewares/Third_Party/FreeRTOS/Source/portable/GCC/ARM_CM4F/port.o
                0x000000000800f0b8                vPortValidateInterruptPriority
 .text.pvPortMalloc
                0x000000000800f138      0x198 Middlewares/Third_Party/FreeRTOS/Source/portable/MemMang/heap_4.o
                0x000000000800f138                pvPortMalloc
 .text.vPortFree
                0x000000000800f2d0       0xc4 Middlewares/Third_Party/FreeRTOS/Source/portable/MemMang/heap_4.o
                0x000000000800f2d0                vPortFree
 .text.prvHeapInit
                0x000000000800f394       0xc4 Middlewares/Third_Party/FreeRTOS/Source/portable/MemMang/heap_4.o
 .text.prvInsertBlockIntoFreeList
                0x000000000800f458       0xb4 Middlewares/Third_Party/FreeRTOS/Source/portable/MemMang/heap_4.o
 .text.atoi     0x000000000800f50c        0x8 /opt/st/stm32cubeide_1.6.1/plugins/com.st.stm32cube.ide.mcu.externaltools.gnu-tools-for-stm32.9-2020-q2-update.linux64_1.5.0.202011040924/tools/bin/../lib/gcc/arm-none-eabi/9.3.1/../../../../arm-none-eabi/lib/thumb/v7e-m+fp/hard/libc_nano.a(lib_a-atoi.o)
                0x000000000800f50c                atoi
 .text.__errno  0x000000000800f514        0xc /opt/st/stm32cubeide_1.6.1/plugins/com.st.stm32cube.ide.mcu.externaltools.gnu-tools-for-stm32.9-2020-q2-update.linux64_1.5.0.202011040924/tools/bin/../lib/gcc/arm-none-eabi/9.3.1/../../../../arm-none-eabi/lib/thumb/v7e-m+fp/hard/libc_nano.a(lib_a-errno.o)
                0x000000000800f514                __errno
 .text.__libc_init_array
                0x000000000800f520       0x48 /opt/st/stm32cubeide_1.6.1/plugins/com.st.stm32cube.ide.mcu.externaltools.gnu-tools-for-stm32.9-2020-q2-update.linux64_1.5.0.202011040924/tools/bin/../lib/gcc/arm-none-eabi/9.3.1/../../../../arm-none-eabi/lib/thumb/v7e-m+fp/hard/libc_nano.a(lib_a-init.o)
                0x000000000800f520                __libc_init_array
 .text.memcpy   0x000000000800f568       0x1c /opt/st/stm32cubeide_1.6.1/plugins/com.st.stm32cube.ide.mcu.externaltools.gnu-tools-for-stm32.9-2020-q2-update.linux64_1.5.0.202011040924/tools/bin/../lib/gcc/arm-none-eabi/9.3.1/../../../../arm-none-eabi/lib/thumb/v7e-m+fp/hard/libc_nano.a(lib_a-memcpy-stub.o)
                0x000000000800f568                memcpy
 .text.memset   0x000000000800f584       0x10 /opt/st/stm32cubeide_1.6.1/plugins/com.st.stm32cube.ide.mcu.externaltools.gnu-tools-for-stm32.9-2020-q2-update.linux64_1.5.0.202011040924/tools/bin/../lib/gcc/arm-none-eabi/9.3.1/../../../../arm-none-eabi/lib/thumb/v7e-m+fp/hard/libc_nano.a(lib_a-memset.o)
                0x000000000800f584                memset
 .text.__cvt    0x000000000800f594       0xc4 /opt/st/stm32cubeide_1.6.1/plugins/com.st.stm32cube.ide.mcu.externaltools.gnu-tools-for-stm32.9-2020-q2-update.linux64_1.5.0.202011040924/tools/bin/../lib/gcc/arm-none-eabi/9.3.1/../../../../arm-none-eabi/lib/thumb/v7e-m+fp/hard/libc_nano.a(lib_a-nano-vfprintf_float.o)
                0x000000000800f594                __cvt
 .text.__exponent
                0x000000000800f658       0x7c /opt/st/stm32cubeide_1.6.1/plugins/com.st.stm32cube.ide.mcu.externaltools.gnu-tools-for-stm32.9-2020-q2-update.linux64_1.5.0.202011040924/tools/bin/../lib/gcc/arm-none-eabi/9.3.1/../../../../arm-none-eabi/lib/thumb/v7e-m+fp/hard/libc_nano.a(lib_a-nano-vfprintf_float.o)
                0x000000000800f658                __exponent
 .text._printf_float
                0x000000000800f6d4      0x46c /opt/st/stm32cubeide_1.6.1/plugins/com.st.stm32cube.ide.mcu.externaltools.gnu-tools-for-stm32.9-2020-q2-update.linux64_1.5.0.202011040924/tools/bin/../lib/gcc/arm-none-eabi/9.3.1/../../../../arm-none-eabi/lib/thumb/v7e-m+fp/hard/libc_nano.a(lib_a-nano-vfprintf_float.o)
                0x000000000800f6d4                _printf_float
 .text._printf_common
                0x000000000800fb40       0xda /opt/st/stm32cubeide_1.6.1/plugins/com.st.stm32cube.ide.mcu.externaltools.gnu-tools-for-stm32.9-2020-q2-update.linux64_1.5.0.202011040924/tools/bin/../lib/gcc/arm-none-eabi/9.3.1/../../../../arm-none-eabi/lib/thumb/v7e-m+fp/hard/libc_nano.a(lib_a-nano-vfprintf_i.o)
                0x000000000800fb40                _printf_common
 *fill*         0x000000000800fc1a        0x2 
 .text._printf_i
                0x000000000800fc1c      0x24c /opt/st/stm32cubeide_1.6.1/plugins/com.st.stm32cube.ide.mcu.externaltools.gnu-tools-for-stm32.9-2020-q2-update.linux64_1.5.0.202011040924/tools/bin/../lib/gcc/arm-none-eabi/9.3.1/../../../../arm-none-eabi/lib/thumb/v7e-m+fp/hard/libc_nano.a(lib_a-nano-vfprintf_i.o)
                0x000000000800fc1c                _printf_i
 .text.printf   0x000000000800fe68       0x30 /opt/st/stm32cubeide_1.6.1/plugins/com.st.stm32cube.ide.mcu.externaltools.gnu-tools-for-stm32.9-2020-q2-update.linux64_1.5.0.202011040924/tools/bin/../lib/gcc/arm-none-eabi/9.3.1/../../../../arm-none-eabi/lib/thumb/v7e-m+fp/hard/libc_nano.a(lib_a-printf.o)
                0x000000000800fe68                printf
                0x000000000800fe68                iprintf
 .text._puts_r  0x000000000800fe98       0xdc /opt/st/stm32cubeide_1.6.1/plugins/com.st.stm32cube.ide.mcu.externaltools.gnu-tools-for-stm32.9-2020-q2-update.linux64_1.5.0.202011040924/tools/bin/../lib/gcc/arm-none-eabi/9.3.1/../../../../arm-none-eabi/lib/thumb/v7e-m+fp/hard/libc_nano.a(lib_a-puts.o)
                0x000000000800fe98                _puts_r
 .text.puts     0x000000000800ff74       0x10 /opt/st/stm32cubeide_1.6.1/plugins/com.st.stm32cube.ide.mcu.externaltools.gnu-tools-for-stm32.9-2020-q2-update.linux64_1.5.0.202011040924/tools/bin/../lib/gcc/arm-none-eabi/9.3.1/../../../../arm-none-eabi/lib/thumb/v7e-m+fp/hard/libc_nano.a(lib_a-puts.o)
                0x000000000800ff74                puts
 .text._strtol_l.isra.0
                0x000000000800ff84      0x108 /opt/st/stm32cubeide_1.6.1/plugins/com.st.stm32cube.ide.mcu.externaltools.gnu-tools-for-stm32.9-2020-q2-update.linux64_1.5.0.202011040924/tools/bin/../lib/gcc/arm-none-eabi/9.3.1/../../../../arm-none-eabi/lib/thumb/v7e-m+fp/hard/libc_nano.a(lib_a-strtol.o)
 .text.strtol   0x000000000801008c       0x14 /opt/st/stm32cubeide_1.6.1/plugins/com.st.stm32cube.ide.mcu.externaltools.gnu-tools-for-stm32.9-2020-q2-update.linux64_1.5.0.202011040924/tools/bin/../lib/gcc/arm-none-eabi/9.3.1/../../../../arm-none-eabi/lib/thumb/v7e-m+fp/hard/libc_nano.a(lib_a-strtol.o)
                0x000000000801008c                strtol
 .text.__swbuf_r
                0x00000000080100a0       0xa4 /opt/st/stm32cubeide_1.6.1/plugins/com.st.stm32cube.ide.mcu.externaltools.gnu-tools-for-stm32.9-2020-q2-update.linux64_1.5.0.202011040924/tools/bin/../lib/gcc/arm-none-eabi/9.3.1/../../../../arm-none-eabi/lib/thumb/v7e-m+fp/hard/libc_nano.a(lib_a-wbuf.o)
                0x00000000080100a0                __swbuf_r
 .text.__swsetup_r
                0x0000000008010144       0xdc /opt/st/stm32cubeide_1.6.1/plugins/com.st.stm32cube.ide.mcu.externaltools.gnu-tools-for-stm32.9-2020-q2-update.linux64_1.5.0.202011040924/tools/bin/../lib/gcc/arm-none-eabi/9.3.1/../../../../arm-none-eabi/lib/thumb/v7e-m+fp/hard/libc_nano.a(lib_a-wsetup.o)
                0x0000000008010144                __swsetup_r
 .text.quorem   0x0000000008010220      0x116 /opt/st/stm32cubeide_1.6.1/plugins/com.st.stm32cube.ide.mcu.externaltools.gnu-tools-for-stm32.9-2020-q2-update.linux64_1.5.0.202011040924/tools/bin/../lib/gcc/arm-none-eabi/9.3.1/../../../../arm-none-eabi/lib/thumb/v7e-m+fp/hard/libc_nano.a(lib_a-dtoa.o)
 *fill*         0x0000000008010336        0x2 
 .text._dtoa_r  0x0000000008010338      0xbd8 /opt/st/stm32cubeide_1.6.1/plugins/com.st.stm32cube.ide.mcu.externaltools.gnu-tools-for-stm32.9-2020-q2-update.linux64_1.5.0.202011040924/tools/bin/../lib/gcc/arm-none-eabi/9.3.1/../../../../arm-none-eabi/lib/thumb/v7e-m+fp/hard/libc_nano.a(lib_a-dtoa.o)
                0x0000000008010338                _dtoa_r
 .text.__sflush_r
                0x0000000008010f10      0x10c /opt/st/stm32cubeide_1.6.1/plugins/com.st.stm32cube.ide.mcu.externaltools.gnu-tools-for-stm32.9-2020-q2-update.linux64_1.5.0.202011040924/tools/bin/../lib/gcc/arm-none-eabi/9.3.1/../../../../arm-none-eabi/lib/thumb/v7e-m+fp/hard/libc_nano.a(lib_a-fflush.o)
                0x0000000008010f10                __sflush_r
 .text._fflush_r
                0x000000000801101c       0x78 /opt/st/stm32cubeide_1.6.1/plugins/com.st.stm32cube.ide.mcu.externaltools.gnu-tools-for-stm32.9-2020-q2-update.linux64_1.5.0.202011040924/tools/bin/../lib/gcc/arm-none-eabi/9.3.1/../../../../arm-none-eabi/lib/thumb/v7e-m+fp/hard/libc_nano.a(lib_a-fflush.o)
                0x000000000801101c                _fflush_r
 .text.std      0x0000000008011094       0x48 /opt/st/stm32cubeide_1.6.1/plugins/com.st.stm32cube.ide.mcu.externaltools.gnu-tools-for-stm32.9-2020-q2-update.linux64_1.5.0.202011040924/tools/bin/../lib/gcc/arm-none-eabi/9.3.1/../../../../arm-none-eabi/lib/thumb/v7e-m+fp/hard/libc_nano.a(lib_a-findfp.o)
 .text._cleanup_r
                0x00000000080110dc        0xc /opt/st/stm32cubeide_1.6.1/plugins/com.st.stm32cube.ide.mcu.externaltools.gnu-tools-for-stm32.9-2020-q2-update.linux64_1.5.0.202011040924/tools/bin/../lib/gcc/arm-none-eabi/9.3.1/../../../../arm-none-eabi/lib/thumb/v7e-m+fp/hard/libc_nano.a(lib_a-findfp.o)
                0x00000000080110dc                _cleanup_r
 .text.__sfmoreglue
                0x00000000080110e8       0x2c /opt/st/stm32cubeide_1.6.1/plugins/com.st.stm32cube.ide.mcu.externaltools.gnu-tools-for-stm32.9-2020-q2-update.linux64_1.5.0.202011040924/tools/bin/../lib/gcc/arm-none-eabi/9.3.1/../../../../arm-none-eabi/lib/thumb/v7e-m+fp/hard/libc_nano.a(lib_a-findfp.o)
                0x00000000080110e8                __sfmoreglue
 .text.__sfp_lock_acquire
                0x0000000008011114        0xc /opt/st/stm32cubeide_1.6.1/plugins/com.st.stm32cube.ide.mcu.externaltools.gnu-tools-for-stm32.9-2020-q2-update.linux64_1.5.0.202011040924/tools/bin/../lib/gcc/arm-none-eabi/9.3.1/../../../../arm-none-eabi/lib/thumb/v7e-m+fp/hard/libc_nano.a(lib_a-findfp.o)
                0x0000000008011114                __sfp_lock_acquire
 .text.__sfp_lock_release
                0x0000000008011120        0xc /opt/st/stm32cubeide_1.6.1/plugins/com.st.stm32cube.ide.mcu.externaltools.gnu-tools-for-stm32.9-2020-q2-update.linux64_1.5.0.202011040924/tools/bin/../lib/gcc/arm-none-eabi/9.3.1/../../../../arm-none-eabi/lib/thumb/v7e-m+fp/hard/libc_nano.a(lib_a-findfp.o)
                0x0000000008011120                __sfp_lock_release
 .text.__sinit_lock_acquire
                0x000000000801112c        0xc /opt/st/stm32cubeide_1.6.1/plugins/com.st.stm32cube.ide.mcu.externaltools.gnu-tools-for-stm32.9-2020-q2-update.linux64_1.5.0.202011040924/tools/bin/../lib/gcc/arm-none-eabi/9.3.1/../../../../arm-none-eabi/lib/thumb/v7e-m+fp/hard/libc_nano.a(lib_a-findfp.o)
                0x000000000801112c                __sinit_lock_acquire
 .text.__sinit_lock_release
                0x0000000008011138        0xc /opt/st/stm32cubeide_1.6.1/plugins/com.st.stm32cube.ide.mcu.externaltools.gnu-tools-for-stm32.9-2020-q2-update.linux64_1.5.0.202011040924/tools/bin/../lib/gcc/arm-none-eabi/9.3.1/../../../../arm-none-eabi/lib/thumb/v7e-m+fp/hard/libc_nano.a(lib_a-findfp.o)
                0x0000000008011138                __sinit_lock_release
 .text.__sinit  0x0000000008011144       0x70 /opt/st/stm32cubeide_1.6.1/plugins/com.st.stm32cube.ide.mcu.externaltools.gnu-tools-for-stm32.9-2020-q2-update.linux64_1.5.0.202011040924/tools/bin/../lib/gcc/arm-none-eabi/9.3.1/../../../../arm-none-eabi/lib/thumb/v7e-m+fp/hard/libc_nano.a(lib_a-findfp.o)
                0x0000000008011144                __sinit
 .text.__sfp    0x00000000080111b4       0x8c /opt/st/stm32cubeide_1.6.1/plugins/com.st.stm32cube.ide.mcu.externaltools.gnu-tools-for-stm32.9-2020-q2-update.linux64_1.5.0.202011040924/tools/bin/../lib/gcc/arm-none-eabi/9.3.1/../../../../arm-none-eabi/lib/thumb/v7e-m+fp/hard/libc_nano.a(lib_a-findfp.o)
                0x00000000080111b4                __sfp
 .text._fwalk_reent
                0x0000000008011240       0x3e /opt/st/stm32cubeide_1.6.1/plugins/com.st.stm32cube.ide.mcu.externaltools.gnu-tools-for-stm32.9-2020-q2-update.linux64_1.5.0.202011040924/tools/bin/../lib/gcc/arm-none-eabi/9.3.1/../../../../arm-none-eabi/lib/thumb/v7e-m+fp/hard/libc_nano.a(lib_a-fwalk.o)
                0x0000000008011240                _fwalk_reent
 *fill*         0x000000000801127e        0x2 
 .text._localeconv_r
                0x0000000008011280        0x8 /opt/st/stm32cubeide_1.6.1/plugins/com.st.stm32cube.ide.mcu.externaltools.gnu-tools-for-stm32.9-2020-q2-update.linux64_1.5.0.202011040924/tools/bin/../lib/gcc/arm-none-eabi/9.3.1/../../../../arm-none-eabi/lib/thumb/v7e-m+fp/hard/libc_nano.a(lib_a-localeconv.o)
                0x0000000008011280                _localeconv_r
 .text.__retarget_lock_init_recursive
                0x0000000008011288        0x2 /opt/st/stm32cubeide_1.6.1/plugins/com.st.stm32cube.ide.mcu.externaltools.gnu-tools-for-stm32.9-2020-q2-update.linux64_1.5.0.202011040924/tools/bin/../lib/gcc/arm-none-eabi/9.3.1/../../../../arm-none-eabi/lib/thumb/v7e-m+fp/hard/libc_nano.a(lib_a-lock.o)
                0x0000000008011288                __retarget_lock_init_recursive
 .text.__retarget_lock_acquire_recursive
                0x000000000801128a        0x2 /opt/st/stm32cubeide_1.6.1/plugins/com.st.stm32cube.ide.mcu.externaltools.gnu-tools-for-stm32.9-2020-q2-update.linux64_1.5.0.202011040924/tools/bin/../lib/gcc/arm-none-eabi/9.3.1/../../../../arm-none-eabi/lib/thumb/v7e-m+fp/hard/libc_nano.a(lib_a-lock.o)
                0x000000000801128a                __retarget_lock_acquire_recursive
 .text.__retarget_lock_release_recursive
                0x000000000801128c        0x2 /opt/st/stm32cubeide_1.6.1/plugins/com.st.stm32cube.ide.mcu.externaltools.gnu-tools-for-stm32.9-2020-q2-update.linux64_1.5.0.202011040924/tools/bin/../lib/gcc/arm-none-eabi/9.3.1/../../../../arm-none-eabi/lib/thumb/v7e-m+fp/hard/libc_nano.a(lib_a-lock.o)
                0x000000000801128c                __retarget_lock_release_recursive
 .text.__swhatbuf_r
                0x000000000801128e       0x48 /opt/st/stm32cubeide_1.6.1/plugins/com.st.stm32cube.ide.mcu.externaltools.gnu-tools-for-stm32.9-2020-q2-update.linux64_1.5.0.202011040924/tools/bin/../lib/gcc/arm-none-eabi/9.3.1/../../../../arm-none-eabi/lib/thumb/v7e-m+fp/hard/libc_nano.a(lib_a-makebuf.o)
                0x000000000801128e                __swhatbuf_r
 *fill*         0x00000000080112d6        0x2 
 .text.__smakebuf_r
                0x00000000080112d8       0x80 /opt/st/stm32cubeide_1.6.1/plugins/com.st.stm32cube.ide.mcu.externaltools.gnu-tools-for-stm32.9-2020-q2-update.linux64_1.5.0.202011040924/tools/bin/../lib/gcc/arm-none-eabi/9.3.1/../../../../arm-none-eabi/lib/thumb/v7e-m+fp/hard/libc_nano.a(lib_a-makebuf.o)
                0x00000000080112d8                __smakebuf_r
 .text.malloc   0x0000000008011358       0x10 /opt/st/stm32cubeide_1.6.1/plugins/com.st.stm32cube.ide.mcu.externaltools.gnu-tools-for-stm32.9-2020-q2-update.linux64_1.5.0.202011040924/tools/bin/../lib/gcc/arm-none-eabi/9.3.1/../../../../arm-none-eabi/lib/thumb/v7e-m+fp/hard/libc_nano.a(lib_a-malloc.o)
                0x0000000008011358                malloc
 .text._Balloc  0x0000000008011368       0x80 /opt/st/stm32cubeide_1.6.1/plugins/com.st.stm32cube.ide.mcu.externaltools.gnu-tools-for-stm32.9-2020-q2-update.linux64_1.5.0.202011040924/tools/bin/../lib/gcc/arm-none-eabi/9.3.1/../../../../arm-none-eabi/lib/thumb/v7e-m+fp/hard/libc_nano.a(lib_a-mprec.o)
                0x0000000008011368                _Balloc
 .text._Bfree   0x00000000080113e8       0x44 /opt/st/stm32cubeide_1.6.1/plugins/com.st.stm32cube.ide.mcu.externaltools.gnu-tools-for-stm32.9-2020-q2-update.linux64_1.5.0.202011040924/tools/bin/../lib/gcc/arm-none-eabi/9.3.1/../../../../arm-none-eabi/lib/thumb/v7e-m+fp/hard/libc_nano.a(lib_a-mprec.o)
                0x00000000080113e8                _Bfree
 .text.__multadd
                0x000000000801142c       0x94 /opt/st/stm32cubeide_1.6.1/plugins/com.st.stm32cube.ide.mcu.externaltools.gnu-tools-for-stm32.9-2020-q2-update.linux64_1.5.0.202011040924/tools/bin/../lib/gcc/arm-none-eabi/9.3.1/../../../../arm-none-eabi/lib/thumb/v7e-m+fp/hard/libc_nano.a(lib_a-mprec.o)
                0x000000000801142c                __multadd
 .text.__hi0bits
                0x00000000080114c0       0x40 /opt/st/stm32cubeide_1.6.1/plugins/com.st.stm32cube.ide.mcu.externaltools.gnu-tools-for-stm32.9-2020-q2-update.linux64_1.5.0.202011040924/tools/bin/../lib/gcc/arm-none-eabi/9.3.1/../../../../arm-none-eabi/lib/thumb/v7e-m+fp/hard/libc_nano.a(lib_a-mprec.o)
                0x00000000080114c0                __hi0bits
 .text.__lo0bits
                0x0000000008011500       0x60 /opt/st/stm32cubeide_1.6.1/plugins/com.st.stm32cube.ide.mcu.externaltools.gnu-tools-for-stm32.9-2020-q2-update.linux64_1.5.0.202011040924/tools/bin/../lib/gcc/arm-none-eabi/9.3.1/../../../../arm-none-eabi/lib/thumb/v7e-m+fp/hard/libc_nano.a(lib_a-mprec.o)
                0x0000000008011500                __lo0bits
 .text.__i2b    0x0000000008011560       0x2c /opt/st/stm32cubeide_1.6.1/plugins/com.st.stm32cube.ide.mcu.externaltools.gnu-tools-for-stm32.9-2020-q2-update.linux64_1.5.0.202011040924/tools/bin/../lib/gcc/arm-none-eabi/9.3.1/../../../../arm-none-eabi/lib/thumb/v7e-m+fp/hard/libc_nano.a(lib_a-mprec.o)
                0x0000000008011560                __i2b
 .text.__multiply
                0x000000000801158c      0x14c /opt/st/stm32cubeide_1.6.1/plugins/com.st.stm32cube.ide.mcu.externaltools.gnu-tools-for-stm32.9-2020-q2-update.linux64_1.5.0.202011040924/tools/bin/../lib/gcc/arm-none-eabi/9.3.1/../../../../arm-none-eabi/lib/thumb/v7e-m+fp/hard/libc_nano.a(lib_a-mprec.o)
                0x000000000801158c                __multiply
 .text.__pow5mult
                0x00000000080116d8       0xb4 /opt/st/stm32cubeide_1.6.1/plugins/com.st.stm32cube.ide.mcu.externaltools.gnu-tools-for-stm32.9-2020-q2-update.linux64_1.5.0.202011040924/tools/bin/../lib/gcc/arm-none-eabi/9.3.1/../../../../arm-none-eabi/lib/thumb/v7e-m+fp/hard/libc_nano.a(lib_a-mprec.o)
                0x00000000080116d8                __pow5mult
 .text.__lshift
                0x000000000801178c       0xd8 /opt/st/stm32cubeide_1.6.1/plugins/com.st.stm32cube.ide.mcu.externaltools.gnu-tools-for-stm32.9-2020-q2-update.linux64_1.5.0.202011040924/tools/bin/../lib/gcc/arm-none-eabi/9.3.1/../../../../arm-none-eabi/lib/thumb/v7e-m+fp/hard/libc_nano.a(lib_a-mprec.o)
                0x000000000801178c                __lshift
 .text.__mcmp   0x0000000008011864       0x38 /opt/st/stm32cubeide_1.6.1/plugins/com.st.stm32cube.ide.mcu.externaltools.gnu-tools-for-stm32.9-2020-q2-update.linux64_1.5.0.202011040924/tools/bin/../lib/gcc/arm-none-eabi/9.3.1/../../../../arm-none-eabi/lib/thumb/v7e-m+fp/hard/libc_nano.a(lib_a-mprec.o)
                0x0000000008011864                __mcmp
 .text.__mdiff  0x000000000801189c      0x110 /opt/st/stm32cubeide_1.6.1/plugins/com.st.stm32cube.ide.mcu.externaltools.gnu-tools-for-stm32.9-2020-q2-update.linux64_1.5.0.202011040924/tools/bin/../lib/gcc/arm-none-eabi/9.3.1/../../../../arm-none-eabi/lib/thumb/v7e-m+fp/hard/libc_nano.a(lib_a-mprec.o)
                0x000000000801189c                __mdiff
 .text.__d2b    0x00000000080119ac       0xb8 /opt/st/stm32cubeide_1.6.1/plugins/com.st.stm32cube.ide.mcu.externaltools.gnu-tools-for-stm32.9-2020-q2-update.linux64_1.5.0.202011040924/tools/bin/../lib/gcc/arm-none-eabi/9.3.1/../../../../arm-none-eabi/lib/thumb/v7e-m+fp/hard/libc_nano.a(lib_a-mprec.o)
                0x00000000080119ac                __d2b
 .text._calloc_r
                0x0000000008011a64       0x1e /opt/st/stm32cubeide_1.6.1/plugins/com.st.stm32cube.ide.mcu.externaltools.gnu-tools-for-stm32.9-2020-q2-update.linux64_1.5.0.202011040924/tools/bin/../lib/gcc/arm-none-eabi/9.3.1/../../../../arm-none-eabi/lib/thumb/v7e-m+fp/hard/libc_nano.a(lib_a-nano-callocr.o)
                0x0000000008011a64                _calloc_r
 *fill*         0x0000000008011a82        0x2 
 .text._free_r  0x0000000008011a84       0xa0 /opt/st/stm32cubeide_1.6.1/plugins/com.st.stm32cube.ide.mcu.externaltools.gnu-tools-for-stm32.9-2020-q2-update.linux64_1.5.0.202011040924/tools/bin/../lib/gcc/arm-none-eabi/9.3.1/../../../../arm-none-eabi/lib/thumb/v7e-m+fp/hard/libc_nano.a(lib_a-nano-freer.o)
                0x0000000008011a84                _free_r
 .text._malloc_r
                0x0000000008011b24       0xb4 /opt/st/stm32cubeide_1.6.1/plugins/com.st.stm32cube.ide.mcu.externaltools.gnu-tools-for-stm32.9-2020-q2-update.linux64_1.5.0.202011040924/tools/bin/../lib/gcc/arm-none-eabi/9.3.1/../../../../arm-none-eabi/lib/thumb/v7e-m+fp/hard/libc_nano.a(lib_a-nano-mallocr.o)
                0x0000000008011b24                _malloc_r
 .text.__sfputc_r
                0x0000000008011bd8       0x2e /opt/st/stm32cubeide_1.6.1/plugins/com.st.stm32cube.ide.mcu.externaltools.gnu-tools-for-stm32.9-2020-q2-update.linux64_1.5.0.202011040924/tools/bin/../lib/gcc/arm-none-eabi/9.3.1/../../../../arm-none-eabi/lib/thumb/v7e-m+fp/hard/libc_nano.a(lib_a-nano-vfprintf.o)
 .text.__sfputs_r
                0x0000000008011c06       0x24 /opt/st/stm32cubeide_1.6.1/plugins/com.st.stm32cube.ide.mcu.externaltools.gnu-tools-for-stm32.9-2020-q2-update.linux64_1.5.0.202011040924/tools/bin/../lib/gcc/arm-none-eabi/9.3.1/../../../../arm-none-eabi/lib/thumb/v7e-m+fp/hard/libc_nano.a(lib_a-nano-vfprintf.o)
                0x0000000008011c06                __sfputs_r
 *fill*         0x0000000008011c2a        0x2 
 .text._vfprintf_r
                0x0000000008011c2c      0x260 /opt/st/stm32cubeide_1.6.1/plugins/com.st.stm32cube.ide.mcu.externaltools.gnu-tools-for-stm32.9-2020-q2-update.linux64_1.5.0.202011040924/tools/bin/../lib/gcc/arm-none-eabi/9.3.1/../../../../arm-none-eabi/lib/thumb/v7e-m+fp/hard/libc_nano.a(lib_a-nano-vfprintf.o)
                0x0000000008011c2c                _vfiprintf_r
                0x0000000008011c2c                _vfprintf_r
 .text._sbrk_r  0x0000000008011e8c       0x20 /opt/st/stm32cubeide_1.6.1/plugins/com.st.stm32cube.ide.mcu.externaltools.gnu-tools-for-stm32.9-2020-q2-update.linux64_1.5.0.202011040924/tools/bin/../lib/gcc/arm-none-eabi/9.3.1/../../../../arm-none-eabi/lib/thumb/v7e-m+fp/hard/libc_nano.a(lib_a-sbrkr.o)
                0x0000000008011e8c                _sbrk_r
 .text.__sread  0x0000000008011eac       0x22 /opt/st/stm32cubeide_1.6.1/plugins/com.st.stm32cube.ide.mcu.externaltools.gnu-tools-for-stm32.9-2020-q2-update.linux64_1.5.0.202011040924/tools/bin/../lib/gcc/arm-none-eabi/9.3.1/../../../../arm-none-eabi/lib/thumb/v7e-m+fp/hard/libc_nano.a(lib_a-stdio.o)
                0x0000000008011eac                __sread
 .text.__swrite
                0x0000000008011ece       0x38 /opt/st/stm32cubeide_1.6.1/plugins/com.st.stm32cube.ide.mcu.externaltools.gnu-tools-for-stm32.9-2020-q2-update.linux64_1.5.0.202011040924/tools/bin/../lib/gcc/arm-none-eabi/9.3.1/../../../../arm-none-eabi/lib/thumb/v7e-m+fp/hard/libc_nano.a(lib_a-stdio.o)
                0x0000000008011ece                __swrite
 .text.__sseek  0x0000000008011f06       0x24 /opt/st/stm32cubeide_1.6.1/plugins/com.st.stm32cube.ide.mcu.externaltools.gnu-tools-for-stm32.9-2020-q2-update.linux64_1.5.0.202011040924/tools/bin/../lib/gcc/arm-none-eabi/9.3.1/../../../../arm-none-eabi/lib/thumb/v7e-m+fp/hard/libc_nano.a(lib_a-stdio.o)
                0x0000000008011f06                __sseek
 .text.__sclose