Archive member included to satisfy reference by file (symbol)

/opt/st/stm32cubeide_1.6.1/plugins/com.st.stm32cube.ide.mcu.externaltools.gnu-tools-for-stm32.9-2020-q2-update.linux64_1.5.0.202011040924/tools/bin/../lib/gcc/arm-none-eabi/9.3.1/../../../../arm-none-eabi/lib/thumb/v7e-m+fp/hard/libc_nano.a(lib_a-atoi.o)
                              Core/Src/freertos.o (atoi)
/opt/st/stm32cubeide_1.6.1/plugins/com.st.stm32cube.ide.mcu.externaltools.gnu-tools-for-stm32.9-2020-q2-update.linux64_1.5.0.202011040924/tools/bin/../lib/gcc/arm-none-eabi/9.3.1/../../../../arm-none-eabi/lib/thumb/v7e-m+fp/hard/libc_nano.a(lib_a-errno.o)
                              Core/Src/syscalls.o (__errno)
/opt/st/stm32cubeide_1.6.1/plugins/com.st.stm32cube.ide.mcu.externaltools.gnu-tools-for-stm32.9-2020-q2-update.linux64_1.5.0.202011040924/tools/bin/../lib/gcc/arm-none-eabi/9.3.1/../../../../arm-none-eabi/lib/thumb/v7e-m+fp/hard/libc_nano.a(lib_a-exit.o)
                              /opt/st/stm32cubeide_1.6.1/plugins/com.st.stm32cube.ide.mcu.externaltools.gnu-tools-for-stm32.9-2020-q2-update.linux64_1.5.0.202011040924/tools/bin/../lib/gcc/arm-none-eabi/9.3.1/../../../../arm-none-eabi/lib/thumb/v7e-m+fp/hard/crt0.o (exit)
/opt/st/stm32cubeide_1.6.1/plugins/com.st.stm32cube.ide.mcu.externaltools.gnu-tools-for-stm32.9-2020-q2-update.linux64_1.5.0.202011040924/tools/bin/../lib/gcc/arm-none-eabi/9.3.1/../../../../arm-none-eabi/lib/thumb/v7e-m+fp/hard/libc_nano.a(lib_a-impure.o)
                              /opt/st/stm32cubeide_1.6.1/plugins/com.st.stm32cube.ide.mcu.externaltools.gnu-tools-for-stm32.9-2020-q2-update.linux64_1.5.0.202011040924/tools/bin/../lib/gcc/arm-none-eabi/9.3.1/../../../../arm-none-eabi/lib/thumb/v7e-m+fp/hard/libc_nano.a(lib_a-exit.o) (_global_impure_ptr)
/opt/st/stm32cubeide_1.6.1/plugins/com.st.stm32cube.ide.mcu.externaltools.gnu-tools-for-stm32.9-2020-q2-update.linux64_1.5.0.202011040924/tools/bin/../lib/gcc/arm-none-eabi/9.3.1/../../../../arm-none-eabi/lib/thumb/v7e-m+fp/hard/libc_nano.a(lib_a-init.o)
                              /opt/st/stm32cubeide_1.6.1/plugins/com.st.stm32cube.ide.mcu.externaltools.gnu-tools-for-stm32.9-2020-q2-update.linux64_1.5.0.202011040924/tools/bin/../lib/gcc/arm-none-eabi/9.3.1/../../../../arm-none-eabi/lib/thumb/v7e-m+fp/hard/crt0.o (__libc_init_array)
/opt/st/stm32cubeide_1.6.1/plugins/com.st.stm32cube.ide.mcu.externaltools.gnu-tools-for-stm32.9-2020-q2-update.linux64_1.5.0.202011040924/tools/bin/../lib/gcc/arm-none-eabi/9.3.1/../../../../arm-none-eabi/lib/thumb/v7e-m+fp/hard/libc_nano.a(lib_a-memcpy-stub.o)
                              Middlewares/Third_Party/FreeRTOS/Source/queue.o (memcpy)
/opt/st/stm32cubeide_1.6.1/plugins/com.st.stm32cube.ide.mcu.externaltools.gnu-tools-for-stm32.9-2020-q2-update.linux64_1.5.0.202011040924/tools/bin/../lib/gcc/arm-none-eabi/9.3.1/../../../../arm-none-eabi/lib/thumb/v7e-m+fp/hard/libc_nano.a(lib_a-memset.o)
                              /opt/st/stm32cubeide_1.6.1/plugins/com.st.stm32cube.ide.mcu.externaltools.gnu-tools-for-stm32.9-2020-q2-update.linux64_1.5.0.202011040924/tools/bin/../lib/gcc/arm-none-eabi/9.3.1/../../../../arm-none-eabi/lib/thumb/v7e-m+fp/hard/crt0.o (memset)
/opt/st/stm32cubeide_1.6.1/plugins/com.st.stm32cube.ide.mcu.externaltools.gnu-tools-for-stm32.9-2020-q2-update.linux64_1.5.0.202011040924/tools/bin/../lib/gcc/arm-none-eabi/9.3.1/../../../../arm-none-eabi/lib/thumb/v7e-m+fp/hard/libc_nano.a(lib_a-printf.o)
                              Core/Src/freertos.o (printf)
/opt/st/stm32cubeide_1.6.1/plugins/com.st.stm32cube.ide.mcu.externaltools.gnu-tools-for-stm32.9-2020-q2-update.linux64_1.5.0.202011040924/tools/bin/../lib/gcc/arm-none-eabi/9.3.1/../../../../arm-none-eabi/lib/thumb/v7e-m+fp/hard/libc_nano.a(lib_a-puts.o)
                              Core/Src/freertos.o (puts)
/opt/st/stm32cubeide_1.6.1/plugins/com.st.stm32cube.ide.mcu.externaltools.gnu-tools-for-stm32.9-2020-q2-update.linux64_1.5.0.202011040924/tools/bin/../lib/gcc/arm-none-eabi/9.3.1/../../../../arm-none-eabi/lib/thumb/v7e-m+fp/hard/libc_nano.a(lib_a-strtol.o)
                              /opt/st/stm32cubeide_1.6.1/plugins/com.st.stm32cube.ide.mcu.externaltools.gnu-tools-for-stm32.9-2020-q2-update.linux64_1.5.0.202011040924/tools/bin/../lib/gcc/arm-none-eabi/9.3.1/../../../../arm-none-eabi/lib/thumb/v7e-m+fp/hard/libc_nano.a(lib_a-atoi.o) (_strtol_r)
/opt/st/stm32cubeide_1.6.1/plugins/com.st.stm32cube.ide.mcu.externaltools.gnu-tools-for-stm32.9-2020-q2-update.linux64_1.5.0.202011040924/tools/bin/../lib/gcc/arm-none-eabi/9.3.1/../../../../arm-none-eabi/lib/thumb/v7e-m+fp/hard/libc_nano.a(lib_a-wbuf.o)
                              /opt/st/stm32cubeide_1.6.1/plugins/com.st.stm32cube.ide.mcu.externaltools.gnu-tools-for-stm32.9-2020-q2-update.linux64_1.5.0.202011040924/tools/bin/../lib/gcc/arm-none-eabi/9.3.1/../../../../arm-none-eabi/lib/thumb/v7e-m+fp/hard/libc_nano.a(lib_a-puts.o) (__swbuf_r)
[...]
Memory Configuration

Name             Origin             Length             Attributes
RAM              0x0000000020000000 0x0000000000010000 xrw
FLASH            0x0000000008000000 0x0000000000040000 xr
*default*        0x0000000000000000 0xffffffffffffffff

Linker script and memory map

LOAD /opt/st/stm32cubeide_1.6.1/plugins/com.st.stm32cube.ide.mcu.externaltools.gnu-tools-for-stm32.9-2020-q2-update.linux64_1.5.0.202011040924/tools/bin/../lib/gcc/arm-none-eabi/9.3.1/thumb/v7e-m+fp/hard/crti.o
LOAD /opt/st/stm32cubeide_1.6.1/plugins/com.st.stm32cube.ide.mcu.externaltools.gnu-tools-for-stm32.9-2020-q2-update.linux64_1.5.0.202011040924/tools/bin/../lib/gcc/arm-none-eabi/9.3.1/thumb/v7e-m+fp/hard/crtbegin.o
LOAD /opt/st/stm32cubeide_1.6.1/plugins/com.st.stm32cube.ide.mcu.externaltools.gnu-tools-for-stm32.9-2020-q2-update.linux64_1.5.0.202011040924/tools/bin/../lib/gcc/arm-none-eabi/9.3.1/../../../../arm-none-eabi/lib/thumb/v7e-m+fp/hard/crt0.o
LOAD Core/Src/AS5600.o
LOAD Core/Src/AccelStepper.o
LOAD Core/Src/adc.o
LOAD Core/Src/batteryVolt.o
LOAD Core/Src/dma.o
LOAD Core/Src/eeprom.o
LOAD Core/Src/freertos.o
LOAD Core/Src/gpio.o
LOAD Core/Src/i2c.o
LOAD Core/Src/main.o
LOAD Core/Src/pickAndDrop.o
LOAD Core/Src/stm32f4xx_hal_msp.o
LOAD Core/Src/stm32f4xx_hal_timebase_tim.o
LOAD Core/Src/stm32f4xx_it.o
LOAD Core/Src/syscalls.o
LOAD Core/Src/sysmem.o
LOAD Core/Src/system_stm32f4xx.o
LOAD Core/Src/tim.o
LOAD Core/Src/usart.o
LOAD Core/Startup/startup_stm32f401ccux.o
LOAD Drivers/STM32F4xx_HAL_Driver/Src/stm32f4xx_hal.o
LOAD Drivers/STM32F4xx_HAL_Driver/Src/stm32f4xx_hal_adc.o
LOAD Drivers/STM32F4xx_HAL_Driver/Src/stm32f4xx_hal_adc_ex.o
LOAD Drivers/STM32F4xx_HAL_Driver/Src/stm32f4xx_hal_cortex.o
LOAD Drivers/STM32F4xx_HAL_Driver/Src/stm32f4xx_hal_dma.o
LOAD Drivers/STM32F4xx_HAL_Driver/Src/stm32f4xx_hal_dma_ex.o
LOAD Drivers/STM32F4xx_HAL_Driver/Src/stm32f4xx_hal_exti.o
LOAD Drivers/STM32F4xx_HAL_Driver/Src/stm32f4xx_hal_flash.o
LOAD Drivers/STM32F4xx_HAL_Driver/Src/stm32f4xx_hal_flash_ex.o
LOAD Drivers/STM32F4xx_HAL_Driver/Src/stm32f4xx_hal_flash_ramfunc.o
LOAD Drivers/STM32F4xx_HAL_Driver/Src/stm32f4xx_hal_gpio.o
LOAD Drivers/STM32F4xx_HAL_Driver/Src/stm32f4xx_hal_i2c.o
LOAD Drivers/STM32F4xx_HAL_Driver/Src/stm32f4xx_hal_i2c_ex.o
LOAD Drivers/STM32F4xx_HAL_Driver/Src/stm32f4xx_hal_pwr.o
LOAD Drivers/STM32F4xx_HAL_Driver/Src/stm32f4xx_hal_pwr_ex.o
LOAD Drivers/STM32F4xx_HAL_Driver/Src/stm32f4xx_hal_rcc.o
LOAD Drivers/STM32F4xx_HAL_Driver/Src/stm32f4xx_hal_rcc_ex.o
LOAD Drivers/STM32F4xx_HAL_Driver/Src/stm32f4xx_hal_tim.o
LOAD Drivers/STM32F4xx_HAL_Driver/Src/stm32f4xx_hal_tim_ex.o
LOAD Drivers/STM32F4xx_HAL_Driver/Src/stm32f4xx_hal_uart.o
LOAD Drivers/STM32F4xx_HAL_Driver/Src/stm32f4xx_ll_adc.o
LOAD Middlewares/Third_Party/FreeRTOS/Source/CMSIS_RTOS/cmsis_os.o
LOAD Middlewares/Third_Party/FreeRTOS/Source/croutine.o
LOAD Middlewares/Third_Party/FreeRTOS/Source/event_groups.o
LOAD Middlewares/Third_Party/FreeRTOS/Source/list.o
LOAD Middlewares/Third_Party/FreeRTOS/Source/queue.o
LOAD Middlewares/Third_Party/FreeRTOS/Source/stream_buffer.o
LOAD Middlewares/Third_Party/FreeRTOS/Source/tasks.o
LOAD Middlewares/Third_Party/FreeRTOS/Source/timers.o
LOAD Middlewares/Third_Party/FreeRTOS/Source/portable/GCC/ARM_CM4F/port.o
LOAD Middlewares/Third_Party/FreeRTOS/Source/portable/MemMang/heap_4.o
START GROUP
LOAD /opt/st/stm32cubeide_1.6.1/plugins/com.st.stm32cube.ide.mcu.externaltools.gnu-tools-for-stm32.9-2020-q2-update.linux64_1.5.0.202011040924/tools/bin/../lib/gcc/arm-none-eabi/9.3.1/../../../../arm-none-eabi/lib/thumb/v7e-m+fp/hard/libc_nano.a
LOAD /opt/st/stm32cubeide_1.6.1/plugins/com.st.stm32cube.ide.mcu.externaltools.gnu-tools-for-stm32.9-2020-q2-update.linux64_1.5.0.202011040924/tools/bin/../lib/gcc/arm-none-eabi/9.3.1/../../../../arm-none-eabi/lib/thumb/v7e-m+fp/hard/libm.a
END GROUP
START GROUP
LOAD /opt/st/stm32cubeide_1.6.1/plugins/com.st.stm32cube.ide.mcu.externaltools.gnu-tools-for-stm32.9-2020-q2-update.linux64_1.5.0.202011040924/tools/bin/../lib/gcc/arm-none-eabi/9.3.1/thumb/v7e-m+fp/hard/libgcc.a
LOAD /opt/st/stm32cubeide_1.6.1/plugins/com.st.stm32cube.ide.mcu.externaltools.gnu-tools-for-stm32.9-2020-q2-update.linux64_1.5.0.202011040924/tools/bin/../lib/gcc/arm-none-eabi/9.3.1/../../../../arm-none-eabi/lib/thumb/v7e-m+fp/hard/libc_nano.a
END GROUP
START GROUP
LOAD /opt/st/stm32cubeide_1.6.1/plugins/com.st.stm32cube.ide.mcu.externaltools.gnu-tools-for-stm32.9-2020-q2-update.linux64_1.5.0.202011040924/tools/bin/../lib/gcc/arm-none-eabi/9.3.1/thumb/v7e-m+fp/hard/libgcc.a
LOAD /opt/st/stm32cubeide_1.6.1/plugins/com.st.stm32cube.ide.mcu.externaltools.gnu-tools-for-stm32.9-2020-q2-update.linux64_1.5.0.202011040924/tools/bin/../lib/gcc/arm-none-eabi/9.3.1/../../../../arm-none-eabi/lib/thumb/v7e-m+fp/hard/libc_nano.a
LOAD /opt/st/stm32cubeide_1.6.1/plugins/com.st.stm32cube.ide.mcu.externaltools.gnu-tools-for-stm32.9-2020-q2-update.linux64_1.5.0.202011040924/tools/bin/../lib/gcc/arm-none-eabi/9.3.1/../../../../arm-none-eabi/lib/thumb/v7e-m+fp/hard/libnosys.a
END GROUP
START GROUP
LOAD /opt/st/stm32cubeide_1.6.1/plugins/com.st.stm32cube.ide.mcu.externaltools.gnu-tools-for-stm32.9-2020-q2-update.linux64_1.5.0.202011040924/tools/bin/../lib/gcc/arm-none-eabi/9.3.1/thumb/v7e-m+fp/hard/libgcc.a
LOAD /opt/st/stm32cubeide_1.6.1/plugins/com.st.stm32cube.ide.mcu.externaltools.gnu-tools-for-stm32.9-2020-q2-update.linux64_1.5.0.202011040924/tools/bin/../lib/gcc/arm-none-eabi/9.3.1/../../../../arm-none-eabi/lib/thumb/v7e-m+fp/hard/libc_nano.a
LOAD /opt/st/stm32cubeide_1.6.1/plugins/com.st.stm32cube.ide.mcu.externaltools.gnu-tools-for-stm32.9-2020-q2-update.linux64_1.5.0.202011040924/tools/bin/../lib/gcc/arm-none-eabi/9.3.1/../../../../arm-none-eabi/lib/thumb/v7e-m+fp/hard/libnosys.a
END GROUP
LOAD /opt/st/stm32cubeide_1.6.1/plugins/com.st.stm32cube.ide.mcu.externaltools.gnu-tools-for-stm32.9-2020-q2-update.linux64_1.5.0.202011040924/tools/bin/../lib/gcc/arm-none-eabi/9.3.1/thumb/v7e-m+fp/hard/crtend.o
LOAD /opt/st/stm32cubeide_1.6.1/plugins/com.st.stm32cube.ide.mcu.externaltools.gnu-tools-for-stm32.9-2020-q2-update.linux64_1.5.0.202011040924/tools/bin/../lib/gcc/arm-none-eabi/9.3.1/thumb/v7e-m+fp/hard/crtn.o
                0x0000000020010000                _estack = (ORIGIN (RAM) + LENGTH (RAM))
                0x0000000000000200                _Min_Heap_Size = 0x200
                0x0000000000000400                _Min_Stack_Size = 0x400

.isr_vector     0x0000000008000000      0x194
                0x0000000008000000                . = ALIGN (0x4)
 *(.isr_vector)
 .isr_vector    0x0000000008000000      0x194 Core/Startup/startup_stm32f401ccux.o
                0x0000000008000000                g_pfnVectors
                0x0000000008000194                . = ALIGN (0x4)

.text           0x00000000080001a0    0x10100
                0x00000000080001a0                . = ALIGN (0x4)
 *(.text)
 .text          0x00000000080001a0       0x40 /opt/st/stm32cubeide_1.6.1/plugins/com.st.stm32cube.ide.mcu.externaltools.gnu-tools-for-stm32.9-2020-q2-update.linux64_1.5.0.202011040924/tools/bin/../lib/gcc/arm-none-eabi/9.3.1/thumb/v7e-m+fp/hard/crtbegin.o
 .text          0x00000000080001e0       0xa0 /opt/st/stm32cubeide_1.6.1/plugins/com.st.stm32cube.ide.mcu.externaltools.gnu-tools-for-stm32.9-2020-q2-update.linux64_1.5.0.202011040924/tools/bin/../lib/gcc/arm-none-eabi/9.3.1/../../../../arm-none-eabi/lib/thumb/v7e-m+fp/hard/libc_nano.a(lib_a-memchr.o)
                0x00000000080001e0                memchr
 .text          0x0000000008000280      0x378 /opt/st/stm32cubeide_1.6.1/plugins/com.st.stm32cube.ide.mcu.externaltools.gnu-tools-for-stm32.9-2020-q2-update.linux64_1.5.0.202011040924/tools/bin/../lib/gcc/arm-none-eabi/9.3.1/thumb/v7e-m+fp/hard/libgcc.a(_arm_addsubdf3.o)
                0x0000000008000280                __aeabi_drsub
                0x0000000008000288                __aeabi_dsub
                0x0000000008000288                __subdf3
                0x000000000800028c                __adddf3
                0x000000000800028c                __aeabi_dadd
                0x0000000008000504                __aeabi_ui2d
                0x0000000008000504                __floatunsidf
                0x0000000008000524                __floatsidf
                0x0000000008000524                __aeabi_i2d
                0x0000000008000548                __extendsfdf2
                0x0000000008000548                __aeabi_f2d
                0x000000000800058c                __aeabi_ul2d
                0x000000000800058c                __floatundidf
                0x000000000800059c                __floatdidf
                0x000000000800059c                __aeabi_l2d
 .text          0x00000000080005f8      0x424 /opt/st/stm32cubeide_1.6.1/plugins/com.st.stm32cube.ide.mcu.externaltools.gnu-tools-for-stm32.9-2020-q2-update.linux64_1.5.0.202011040924/tools/bin/../lib/gcc/arm-none-eabi/9.3.1/thumb/v7e-m+fp/hard/libgcc.a(_arm_muldivdf3.o)
                0x00000000080005f8                __aeabi_dmul
                0x00000000080005f8                __muldf3
                0x000000000800084c                __aeabi_ddiv
                0x000000000800084c                __divdf3
 .text          0x0000000008000a1c      0x110 /opt/st/stm32cubeide_1.6.1/plugins/com.st.stm32cube.ide.mcu.externaltools.gnu-tools-for-stm32.9-2020-q2-update.linux64_1.5.0.202011040924/tools/bin/../lib/gcc/arm-none-eabi/9.3.1/thumb/v7e-m+fp/hard/libgcc.a(_arm_cmpdf2.o)
                0x0000000008000a1c                __gtdf2
                0x0000000008000a1c                __gedf2
                0x0000000008000a24                __ltdf2
                0x0000000008000a24                __ledf2
                0x0000000008000a2c                __cmpdf2
                0x0000000008000a2c                __eqdf2
                0x0000000008000a2c                __nedf2
                0x0000000008000aa8                __aeabi_cdrcmple
                0x0000000008000ab8                __aeabi_cdcmple
                0x0000000008000ab8                __aeabi_cdcmpeq
                0x0000000008000ac8                __aeabi_dcmpeq
                0x0000000008000adc                __aeabi_dcmplt
                0x0000000008000af0                __aeabi_dcmple
                0x0000000008000b04                __aeabi_dcmpge
                0x0000000008000b18                __aeabi_dcmpgt
 .text          0x0000000008000b2c       0x2c /opt/st/stm32cubeide_1.6.1/plugins/com.st.stm32cube.ide.mcu.externaltools.gnu-tools-for-stm32.9-2020-q2-update.linux64_1.5.0.202011040924/tools/bin/../lib/gcc/arm-none-eabi/9.3.1/thumb/v7e-m+fp/hard/libgcc.a(_arm_unorddf2.o)
                0x0000000008000b2c                __aeabi_dcmpun
                0x0000000008000b2c                __unorddf2
 .text          0x0000000008000b58       0xa0 /opt/st/stm32cubeide_1.6.1/plugins/com.st.stm32cube.ide.mcu.externaltools.gnu-tools-for-stm32.9-2020-q2-update.linux64_1.5.0.202011040924/tools/bin/../lib/gcc/arm-none-eabi/9.3.1/thumb/v7e-m+fp/hard/libgcc.a(_arm_truncdfsf2.o)
                0x0000000008000b58                __aeabi_d2f
                0x0000000008000b58                __truncdfsf2
 .text          0x0000000008000bf8       0x30 /opt/st/stm32cubeide_1.6.1/plugins/com.st.stm32cube.ide.mcu.externaltools.gnu-tools-for-stm32.9-2020-q2-update.linux64_1.5.0.202011040924/tools/bin/../lib/gcc/arm-none-eabi/9.3.1/thumb/v7e-m+fp/hard/libgcc.a(_aeabi_uldivmod.o)
                0x0000000008000bf8                __aeabi_uldivmod
 .text          0x0000000008000c28      0x2c4 /opt/st/stm32cubeide_1.6.1/plugins/com.st.stm32cube.ide.mcu.externaltools.gnu-tools-for-stm32.9-2020-q2-update.linux64_1.5.0.202011040924/tools/bin/../lib/gcc/arm-none-eabi/9.3.1/thumb/v7e-m+fp/hard/libgcc.a(_udivmoddi4.o)
                0x0000000008000c28                __udivmoddi4
 .text          0x0000000008000eec        0x4 /opt/st/stm32cubeide_1.6.1/plugins/com.st.stm32cube.ide.mcu.externaltools.gnu-tools-for-stm32.9-2020-q2-update.linux64_1.5.0.202011040924/tools/bin/../lib/gcc/arm-none-eabi/9.3.1/thumb/v7e-m+fp/hard/libgcc.a(_dvmd_tls.o)
                0x0000000008000eec                __aeabi_ldiv0
                0x0000000008000eec                __aeabi_idiv0
 *(.text*)
 .text.AS5600_M1_getPOS
                0x0000000008000ef0       0x28 Core/Src/AS5600.o
                0x0000000008000ef0                AS5600_M1_getPOS
 .text.AS5600_M2_getPOS
                0x0000000008000f18       0x28 Core/Src/AS5600.o
                0x0000000008000f18                AS5600_M2_getPOS
 .text.AS5600_Start_Update
                0x0000000008000f40       0x20 Core/Src/AS5600.o
                0x0000000008000f40                AS5600_Start_Update
 .text.AS5600_Start_Update_Low
                0x0000000008000f60       0x1c Core/Src/AS5600.o
                0x0000000008000f60                AS5600_Start_Update_Low
 .text.AS5600_Start_Update_High
                0x0000000008000f7c       0x1c Core/Src/AS5600.o
                0x0000000008000f7c                AS5600_Start_Update_High
 .text.AccelStepper_init
                0x0000000008000f98      0x100 Core/Src/AccelStepper.o
                0x0000000008000f98                AccelStepper_init
 .text.setMaxSpeed
                0x0000000008001098       0x98 Core/Src/AccelStepper.o
                0x0000000008001098                setMaxSpeed
 .text.setAcceleration
                0x0000000008001130       0xe8 Core/Src/AccelStepper.o
                0x0000000008001130                setAcceleration
 .text.computeNewSpeed
                0x0000000008001218      0x1d4 Core/Src/AccelStepper.o
                0x0000000008001218                computeNewSpeed
 .text.distanceToGo
                0x00000000080013ec       0x1e Core/Src/AccelStepper.o
                0x00000000080013ec                distanceToGo
 *fill*         0x000000000800140a        0x2 
 .text.run      0x000000000800140c      0x1c0 Core/Src/AccelStepper.o
                0x000000000800140c                run
 .text.runSpeed
                0x00000000080015cc       0xb0 Core/Src/AccelStepper.o
                0x00000000080015cc                runSpeed
 .text.step     0x000000000800167c       0xc8 Core/Src/AccelStepper.o
                0x000000000800167c                step
 .text.isRunning
                0x0000000008001744       0x38 Core/Src/AccelStepper.o
                0x0000000008001744                isRunning
 .text.moveTo   0x000000000800177c       0x30 Core/Src/AccelStepper.o
                0x000000000800177c                moveTo
 .text.enableStepper
                0x00000000080017ac       0x40 Core/Src/AccelStepper.o
                0x00000000080017ac                enableStepper
 .text.MX_ADC1_Init
                0x00000000080017ec       0xa8 Core/Src/adc.o
                0x00000000080017ec                MX_ADC1_Init
 .text.HAL_ADC_MspInit
                0x0000000008001894       0xfc Core/Src/adc.o
                0x0000000008001894                HAL_ADC_MspInit
 .text.HAL_ADC_ConvCpltCallback
                0x0000000008001990       0x80 Core/Src/batteryVolt.o
                0x0000000008001990                HAL_ADC_ConvCpltCallback
 .text.batteryVoltInit
                0x0000000008001a10       0x14 Core/Src/batteryVolt.o
                0x0000000008001a10                batteryVoltInit
 .text.batteryGet
                0x0000000008001a24       0x18 Core/Src/batteryVolt.o
                0x0000000008001a24                batteryGet
 .text.MX_DMA_Init
                0x0000000008001a3c       0xbc Core/Src/dma.o
                0x0000000008001a3c                MX_DMA_Init
 .text.EE_Init  0x0000000008001af8      0x3c0 Core/Src/eeprom.o
                0x0000000008001af8                EE_Init
 .text.EE_VerifyPageFullyErased
                0x0000000008001eb8       0x4c Core/Src/eeprom.o
 .text.EE_ReadVariable
                0x0000000008001f04       0x94 Core/Src/eeprom.o
                0x0000000008001f04                EE_ReadVariable
 .text.EE_WriteVariable
                0x0000000008001f98       0x44 Core/Src/eeprom.o
                0x0000000008001f98                EE_WriteVariable
 .text.EE_Format
                0x0000000008001fdc       0xa4 Core/Src/eeprom.o
 .text.EE_FindValidPage
                0x0000000008002080       0x8c Core/Src/eeprom.o
 .text.EE_VerifyPageFullWriteVariable
                0x000000000800210c       0xb4 Core/Src/eeprom.o
 .text.EE_PageTransfer
                0x00000000080021c0      0x178 Core/Src/eeprom.o
 .text.HAL_TIM_PWM_PulseFinishedCallback
                0x0000000008002338      0x10c Core/Src/freertos.o
                0x0000000008002338                HAL_TIM_PWM_PulseFinishedCallback
 .text.HAL_I2C_AddrCallback
                0x0000000008002444       0x58 Core/Src/freertos.o
                0x0000000008002444                HAL_I2C_AddrCallback
 .text.HAL_I2C_ListenCpltCallback
                0x000000000800249c       0x1c Core/Src/freertos.o
                0x000000000800249c                HAL_I2C_ListenCpltCallback
 .text.HAL_I2C_SlaveRxCpltCallback
                0x00000000080024b8       0x3c Core/Src/freertos.o
                0x00000000080024b8                HAL_I2C_SlaveRxCpltCallback
 .text.HAL_I2C_ErrorCallback
                0x00000000080024f4       0x7c Core/Src/freertos.o
                0x00000000080024f4                HAL_I2C_ErrorCallback
 .text.vApplicationGetIdleTaskMemory
                0x0000000008002570       0x34 Core/Src/freertos.o
                0x0000000008002570                vApplicationGetIdleTaskMemory
 .text.vApplicationGetTimerTaskMemory
                0x00000000080025a4       0x34 Core/Src/freertos.o
                0x00000000080025a4                vApplicationGetTimerTaskMemory
 .text.MX_FREERTOS_Init
                0x00000000080025d8      0x120 Core/Src/freertos.o
                0x00000000080025d8                MX_FREERTOS_Init
 .text.StartDefaultTask
                0x00000000080026f8      0x360 Core/Src/freertos.o
                0x00000000080026f8                StartDefaultTask
 .text.StartTaskMotorJ1
                0x0000000008002a58       0xa8 Core/Src/freertos.o
                0x0000000008002a58                StartTaskMotorJ1
 .text.StartTaskMotorJ2
                0x0000000008002b00       0xa8 Core/Src/freertos.o
                0x0000000008002b00                StartTaskMotorJ2
 .text.StartTaskMove
                0x0000000008002ba8       0xa8 Core/Src/freertos.o
                0x0000000008002ba8                StartTaskMove
 .text.moveToSquare
                0x0000000008002c50       0xf0 Core/Src/freertos.o
                0x0000000008002c50                moveToSquare
 .text.moveToHome
                0x0000000008002d40       0x10 Core/Src/freertos.o
                0x0000000008002d40                moveToHome
 .text.moveToKill
                0x0000000008002d50       0x28 Core/Src/freertos.o
                0x0000000008002d50                moveToKill
 .text.movePiece
                0x0000000008002d78      0x110 Core/Src/freertos.o
                0x0000000008002d78                movePiece
 .text.updateInfo
                0x0000000008002e88       0xfc Core/Src/freertos.o
                0x0000000008002e88                updateInfo
 .text.updateSquarePosition
                0x0000000008002f84       0x54 Core/Src/freertos.o
                0x0000000008002f84                updateSquarePosition
 .text.readSquarePosition
                0x0000000008002fd8       0xd8 Core/Src/freertos.o
                0x0000000008002fd8                readSquarePosition
 .text.MX_GPIO_Init
                0x00000000080030b0      0x140 Core/Src/gpio.o
                0x00000000080030b0                MX_GPIO_Init
 .text.MX_I2C1_Init
                0x00000000080031f0       0x5c Core/Src/i2c.o
                0x00000000080031f0                MX_I2C1_Init
 .text.MX_I2C2_Init
                0x000000000800324c       0x5c Core/Src/i2c.o
                0x000000000800324c                MX_I2C2_Init
 .text.MX_I2C3_Init
                0x00000000080032a8       0x5c Core/Src/i2c.o
                0x00000000080032a8                MX_I2C3_Init
 .text.HAL_I2C_MspInit
                0x0000000008003304      0x3c8 Core/Src/i2c.o
                0x0000000008003304                HAL_I2C_MspInit
 .text.HAL_I2C_MspDeInit
                0x00000000080036cc       0xf0 Core/Src/i2c.o
                0x00000000080036cc                HAL_I2C_MspDeInit
 .text._write   0x00000000080037bc       0x2c Core/Src/main.o
                0x00000000080037bc                _write
 .text.HAL_UARTEx_RxEventCallback
                0x00000000080037e8       0x60 Core/Src/main.o
                0x00000000080037e8                HAL_UARTEx_RxEventCallback
 .text.main     0x0000000008003848       0x84 Core/Src/main.o
                0x0000000008003848                main
 .text.SystemClock_Config
                0x00000000080038cc       0xd4 Core/Src/main.o
                0x00000000080038cc                SystemClock_Config
 .text.HAL_TIM_PeriodElapsedCallback
                0x00000000080039a0       0x5c Core/Src/main.o
                0x00000000080039a0                HAL_TIM_PeriodElapsedCallback
 .text.Error_Handler
                0x00000000080039fc        0xa Core/Src/main.o
                0x00000000080039fc                Error_Handler
 *fill*         0x0000000008003a06        0x2 
 .text.pickAndDropInit
                0x0000000008003a08       0x34 Core/Src/pickAndDrop.o
                0x0000000008003a08                pickAndDropInit
 .text.j3Up     0x0000000008003a3c       0x1c Core/Src/pickAndDrop.o
                0x0000000008003a3c                j3Up
 .text.j3Down   0x0000000008003a58       0x1c Core/Src/pickAndDrop.o
                0x0000000008003a58                j3Down
 .text.j3Stop   0x0000000008003a74       0x18 Core/Src/pickAndDrop.o
                0x0000000008003a74                j3Stop
 .text.j3MoveUp
                0x0000000008003a8c       0x4c Core/Src/pickAndDrop.o
                0x0000000008003a8c                j3MoveUp
 .text.j3MoveDown
                0x0000000008003ad8       0x74 Core/Src/pickAndDrop.o
                0x0000000008003ad8                j3MoveDown
 .text.pickupPiece
                0x0000000008003b4c       0x34 Core/Src/pickAndDrop.o
                0x0000000008003b4c                pickupPiece
 .text.dropPiece
                0x0000000008003b80       0x24 Core/Src/pickAndDrop.o
                0x0000000008003b80                dropPiece
 .text.HAL_MspInit
                0x0000000008003ba4       0x58 Core/Src/stm32f4xx_hal_msp.o
                0x0000000008003ba4                HAL_MspInit
 .text.HAL_InitTick
                0x0000000008003bfc       0xb0 Core/Src/stm32f4xx_hal_timebase_tim.o
                0x0000000008003bfc                HAL_InitTick
 .text.NMI_Handler
                0x0000000008003cac        0x6 Core/Src/stm32f4xx_it.o
                0x0000000008003cac                NMI_Handler
 .text.HardFault_Handler
                0x0000000008003cb2        0x6 Core/Src/stm32f4xx_it.o
                0x0000000008003cb2                HardFault_Handler
 .text.MemManage_Handler
                0x0000000008003cb8        0x6 Core/Src/stm32f4xx_it.o
                0x0000000008003cb8                MemManage_Handler
 .text.BusFault_Handler
                0x0000000008003cbe        0x6 Core/Src/stm32f4xx_it.o
                0x0000000008003cbe                BusFault_Handler
 .text.UsageFault_Handler
                0x0000000008003cc4        0x6 Core/Src/stm32f4xx_it.o
                0x0000000008003cc4                UsageFault_Handler
 .text.DebugMon_Handler
                0x0000000008003cca        0xe Core/Src/stm32f4xx_it.o
                0x0000000008003cca                DebugMon_Handler
 .text.DMA1_Stream0_IRQHandler
                0x0000000008003cd8       0x14 Core/Src/stm32f4xx_it.o
                0x0000000008003cd8                DMA1_Stream0_IRQHandler
 .text.DMA1_Stream1_IRQHandler
                0x0000000008003cec       0x14 Core/Src/stm32f4xx_it.o
                0x0000000008003cec                DMA1_Stream1_IRQHandler
 .text.DMA1_Stream2_IRQHandler
                0x0000000008003d00       0x14 Core/Src/stm32f4xx_it.o
                0x0000000008003d00                DMA1_Stream2_IRQHandler
 .text.DMA1_Stream5_IRQHandler
                0x0000000008003d14       0x14 Core/Src/stm32f4xx_it.o
                0x0000000008003d14                DMA1_Stream5_IRQHandler
 .text.ADC_IRQHandler
                0x0000000008003d28       0x14 Core/Src/stm32f4xx_it.o
                0x0000000008003d28                ADC_IRQHandler
 .text.TIM1_UP_TIM10_IRQHandler
                0x0000000008003d3c       0x14 Core/Src/stm32f4xx_it.o
                0x0000000008003d3c                TIM1_UP_TIM10_IRQHandler
 .text.TIM1_TRG_COM_TIM11_IRQHandler
                0x0000000008003d50       0x14 Core/Src/stm32f4xx_it.o
                0x0000000008003d50                TIM1_TRG_COM_TIM11_IRQHandler
 .text.TIM2_IRQHandler
                0x0000000008003d64       0x14 Core/Src/stm32f4xx_it.o
                0x0000000008003d64                TIM2_IRQHandler
 .text.TIM3_IRQHandler
                0x0000000008003d78       0x14 Core/Src/stm32f4xx_it.o
                0x0000000008003d78                TIM3_IRQHandler
 .text.I2C1_EV_IRQHandler
                0x0000000008003d8c       0x14 Core/Src/stm32f4xx_it.o
                0x0000000008003d8c                I2C1_EV_IRQHandler
 .text.I2C1_ER_IRQHandler
                0x0000000008003da0       0x14 Core/Src/stm32f4xx_it.o
                0x0000000008003da0                I2C1_ER_IRQHandler
 .text.I2C2_EV_IRQHandler
                0x0000000008003db4       0x14 Core/Src/stm32f4xx_it.o
                0x0000000008003db4                I2C2_EV_IRQHandler
 .text.I2C2_ER_IRQHandler
                0x0000000008003dc8       0x14 Core/Src/stm32f4xx_it.o
                0x0000000008003dc8                I2C2_ER_IRQHandler
 .text.USART1_IRQHandler
                0x0000000008003ddc       0x14 Core/Src/stm32f4xx_it.o
                0x0000000008003ddc                USART1_IRQHandler
 .text.USART2_IRQHandler
                0x0000000008003df0       0x14 Core/Src/stm32f4xx_it.o
                0x0000000008003df0                USART2_IRQHandler
 .text.DMA1_Stream7_IRQHandler
                0x0000000008003e04       0x14 Core/Src/stm32f4xx_it.o
                0x0000000008003e04                DMA1_Stream7_IRQHandler
 .text.DMA2_Stream0_IRQHandler
                0x0000000008003e18       0x14 Core/Src/stm32f4xx_it.o
                0x0000000008003e18                DMA2_Stream0_IRQHandler
 .text.DMA2_Stream2_IRQHandler
                0x0000000008003e2c       0x14 Core/Src/stm32f4xx_it.o
                0x0000000008003e2c                DMA2_Stream2_IRQHandler
 .text.I2C3_EV_IRQHandler
                0x0000000008003e40       0x14 Core/Src/stm32f4xx_it.o
                0x0000000008003e40                I2C3_EV_IRQHandler
 .text.I2C3_ER_IRQHandler
                0x0000000008003e54       0x14 Core/Src/stm32f4xx_it.o
                0x0000000008003e54                I2C3_ER_IRQHandler
 .text._read    0x0000000008003e68       0x3a Core/Src/syscalls.o
                0x0000000008003e68                _read
 .text._close   0x0000000008003ea2       0x18 Core/Src/syscalls.o
                0x0000000008003ea2                _close
 .text._fstat   0x0000000008003eba       0x20 Core/Src/syscalls.o
                0x0000000008003eba                _fstat
 .text._isatty  0x0000000008003eda       0x16 Core/Src/syscalls.o
                0x0000000008003eda                _isatty
 .text._lseek   0x0000000008003ef0       0x1a Core/Src/syscalls.o
                0x0000000008003ef0                _lseek
 *fill*         0x0000000008003f0a        0x2 
 .text._sbrk    0x0000000008003f0c       0x6c Core/Src/sysmem.o
                0x0000000008003f0c                _sbrk
 .text.SystemInit
                0x0000000008003f78       0x24 Core/Src/system_stm32f4xx.o
                0x0000000008003f78                SystemInit
 .text.MX_TIM2_Init
                0x0000000008003f9c       0xec Core/Src/tim.o
                0x0000000008003f9c                MX_TIM2_Init
 .text.MX_TIM3_Init
                0x0000000008004088       0xec Core/Src/tim.o
                0x0000000008004088                MX_TIM3_Init
 .text.MX_TIM4_Init
                0x0000000008004174      0x104 Core/Src/tim.o
                0x0000000008004174                MX_TIM4_Init
 .text.MX_TIM10_Init
                0x0000000008004278       0x48 Core/Src/tim.o
                0x0000000008004278                MX_TIM10_Init
 .text.HAL_TIM_Base_MspInit
                0x00000000080042c0       0xf0 Core/Src/tim.o
                0x00000000080042c0                HAL_TIM_Base_MspInit
 .text.HAL_TIM_MspPostInit
                0x00000000080043b0      0x10c Core/Src/tim.o
                0x00000000080043b0                HAL_TIM_MspPostInit
 .text.MX_USART1_UART_Init
                0x00000000080044bc       0x54 Core/Src/usart.o
                0x00000000080044bc                MX_USART1_UART_Init
 .text.MX_USART2_UART_Init
                0x0000000008004510       0x54 Core/Src/usart.o
                0x0000000008004510                MX_USART2_UART_Init
 .text.HAL_UART_MspInit
                0x0000000008004564      0x1e4 Core/Src/usart.o
                0x0000000008004564                HAL_UART_MspInit
 .text.Reset_Handler
                0x0000000008004748       0x50 Core/Startup/startup_stm32f401ccux.o
                0x0000000008004748                Reset_Handler
 .text.Default_Handler
                0x0000000008004798        0x2 Core/Startup/startup_stm32f401ccux.o
                0x0000000008004798                RTC_Alarm_IRQHandler
                0x0000000008004798                EXTI2_IRQHandler
                0x0000000008004798                SPI4_IRQHandler
                0x0000000008004798                TIM1_CC_IRQHandler
                0x0000000008004798                DMA2_Stream5_IRQHandler
                0x0000000008004798                PVD_IRQHandler
                0x0000000008004798                SDIO_IRQHandler
                0x0000000008004798                TAMP_STAMP_IRQHandler
                0x0000000008004798                EXTI3_IRQHandler
                0x0000000008004798                EXTI0_IRQHandler
                0x0000000008004798                FPU_IRQHandler
                0x0000000008004798                SPI1_IRQHandler
                0x0000000008004798                TIM1_BRK_TIM9_IRQHandler
                0x0000000008004798                DMA2_Stream3_IRQHandler
                0x0000000008004798                USART6_IRQHandler
                0x0000000008004798                TIM4_IRQHandler
                0x0000000008004798                DMA1_Stream6_IRQHandler
                0x0000000008004798                RCC_IRQHandler
                0x0000000008004798                Default_Handler
                0x0000000008004798                EXTI15_10_IRQHandler
                0x0000000008004798                TIM5_IRQHandler
                0x0000000008004798                DMA2_Stream7_IRQHandler
                0x0000000008004798                EXTI9_5_IRQHandler
                0x0000000008004798                RTC_WKUP_IRQHandler
                0x0000000008004798                SPI2_IRQHandler
                0x0000000008004798                EXTI4_IRQHandler
                0x0000000008004798                WWDG_IRQHandler
                0x0000000008004798                OTG_FS_WKUP_IRQHandler
                0x0000000008004798                EXTI1_IRQHandler
                0x0000000008004798                DMA2_Stream1_IRQHandler
                0x0000000008004798                FLASH_IRQHandler
                0x0000000008004798                DMA2_Stream4_IRQHandler
                0x0000000008004798                OTG_FS_IRQHandler
                0x0000000008004798                SPI3_IRQHandler
                0x0000000008004798                DMA1_Stream4_IRQHandler
                0x0000000008004798                DMA2_Stream6_IRQHandler
                0x0000000008004798                DMA1_Stream3_IRQHandler
 *fill*         0x000000000800479a        0x2 
 .text.HAL_Init
                0x000000000800479c       0x44 Drivers/STM32F4xx_HAL_Driver/Src/stm32f4xx_hal.o
                0x000000000800479c                HAL_Init
 .text.HAL_IncTick
                0x00000000080047e0       0x28 Drivers/STM32F4xx_HAL_Driver/Src/stm32f4xx_hal.o
                0x00000000080047e0                HAL_IncTick
 .text.HAL_GetTick
                0x0000000008004808       0x18 Drivers/STM32F4xx_HAL_Driver/Src/stm32f4xx_hal.o
                0x0000000008004808                HAL_GetTick
 .text.HAL_Delay
                0x0000000008004820       0x48 Drivers/STM32F4xx_HAL_Driver/Src/stm32f4xx_hal.o
                0x0000000008004820                HAL_Delay
 .text.HAL_ADC_Init
                0x0000000008004868       0x86 Drivers/STM32F4xx_HAL_Driver/Src/stm32f4xx_hal_adc.o
                0x0000000008004868                HAL_ADC_Init
 *fill*         0x00000000080048ee        0x2 
 .text.HAL_ADC_Start_IT
                0x00000000080048f0      0x17c Drivers/STM32F4xx_HAL_Driver/Src/stm32f4xx_hal_adc.o
                0x00000000080048f0                HAL_ADC_Start_IT
 .text.HAL_ADC_IRQHandler
                0x0000000008004a6c      0x282 Drivers/STM32F4xx_HAL_Driver/Src/stm32f4xx_hal_adc.o
                0x0000000008004a6c                HAL_ADC_IRQHandler
 .text.HAL_ADC_LevelOutOfWindowCallback
                0x0000000008004cee       0x14 Drivers/STM32F4xx_HAL_Driver/Src/stm32f4xx_hal_adc.o
                0x0000000008004cee                HAL_ADC_LevelOutOfWindowCallback
 .text.HAL_ADC_ErrorCallback
                0x0000000008004d02       0x14 Drivers/STM32F4xx_HAL_Driver/Src/stm32f4xx_hal_adc.o
                0x0000000008004d02                HAL_ADC_ErrorCallback
 *fill*         0x0000000008004d16        0x2 
 .text.HAL_ADC_ConfigChannel
                0x0000000008004d18      0x244 Drivers/STM32F4xx_HAL_Driver/Src/stm32f4xx_hal_adc.o
                0x0000000008004d18                HAL_ADC_ConfigChannel
 .text.ADC_Init
                0x0000000008004f5c      0x1f8 Drivers/STM32F4xx_HAL_Driver/Src/stm32f4xx_hal_adc.o
 .text.HAL_ADCEx_InjectedConvCpltCallback
                0x0000000008005154       0x14 Drivers/STM32F4xx_HAL_Driver/Src/stm32f4xx_hal_adc_ex.o
                0x0000000008005154                HAL_ADCEx_InjectedConvCpltCallback
 .text.__NVIC_SetPriorityGrouping
                0x0000000008005168       0x48 Drivers/STM32F4xx_HAL_Driver/Src/stm32f4xx_hal_cortex.o
 .text.__NVIC_GetPriorityGrouping
                0x00000000080051b0       0x1c Drivers/STM32F4xx_HAL_Driver/Src/stm32f4xx_hal_cortex.o
 .text.__NVIC_EnableIRQ
                0x00000000080051cc       0x3c Drivers/STM32F4xx_HAL_Driver/Src/stm32f4xx_hal_cortex.o
 .text.__NVIC_DisableIRQ
                0x0000000008005208       0x48 Drivers/STM32F4xx_HAL_Driver/Src/stm32f4xx_hal_cortex.o
 .text.__NVIC_SetPriority
                0x0000000008005250       0x54 Drivers/STM32F4xx_HAL_Driver/Src/stm32f4xx_hal_cortex.o
 .text.NVIC_EncodePriority
                0x00000000080052a4       0x66 Drivers/STM32F4xx_HAL_Driver/Src/stm32f4xx_hal_cortex.o
 .text.HAL_NVIC_SetPriorityGrouping
                0x000000000800530a       0x16 Drivers/STM32F4xx_HAL_Driver/Src/stm32f4xx_hal_cortex.o
                0x000000000800530a                HAL_NVIC_SetPriorityGrouping
 .text.HAL_NVIC_SetPriority
                0x0000000008005320       0x38 Drivers/STM32F4xx_HAL_Driver/Src/stm32f4xx_hal_cortex.o
                0x0000000008005320                HAL_NVIC_SetPriority
 .text.HAL_NVIC_EnableIRQ
                0x0000000008005358       0x1c Drivers/STM32F4xx_HAL_Driver/Src/stm32f4xx_hal_cortex.o
                0x0000000008005358                HAL_NVIC_EnableIRQ
 .text.HAL_NVIC_DisableIRQ
                0x0000000008005374       0x1c Drivers/STM32F4xx_HAL_Driver/Src/stm32f4xx_hal_cortex.o
                0x0000000008005374                HAL_NVIC_DisableIRQ
 .text.HAL_DMA_Init
                0x0000000008005390      0x15c Drivers/STM32F4xx_HAL_Driver/Src/stm32f4xx_hal_dma.o
                0x0000000008005390                HAL_DMA_Init
 .text.HAL_DMA_DeInit
                0x00000000080054ec       0xbc Drivers/STM32F4xx_HAL_Driver/Src/stm32f4xx_hal_dma.o
                0x00000000080054ec                HAL_DMA_DeInit
 .text.HAL_DMA_Start_IT
                0x00000000080055a8       0xb0 Drivers/STM32F4xx_HAL_Driver/Src/stm32f4xx_hal_dma.o
                0x00000000080055a8                HAL_DMA_Start_IT
 .text.HAL_DMA_Abort
                0x0000000008005658       0xe0 Drivers/STM32F4xx_HAL_Driver/Src/stm32f4xx_hal_dma.o
                0x0000000008005658                HAL_DMA_Abort
 .text.HAL_DMA_Abort_IT
                0x0000000008005738       0x44 Drivers/STM32F4xx_HAL_Driver/Src/stm32f4xx_hal_dma.o
                0x0000000008005738                HAL_DMA_Abort_IT
 .text.HAL_DMA_IRQHandler
                0x000000000800577c      0x314 Drivers/STM32F4xx_HAL_Driver/Src/stm32f4xx_hal_dma.o
                0x000000000800577c                HAL_DMA_IRQHandler
 .text.HAL_DMA_GetState
                0x0000000008005a90       0x1c Drivers/STM32F4xx_HAL_Driver/Src/stm32f4xx_hal_dma.o
                0x0000000008005a90                HAL_DMA_GetState
 .text.HAL_DMA_GetError
                0x0000000008005aac       0x18 Drivers/STM32F4xx_HAL_Driver/Src/stm32f4xx_hal_dma.o
                0x0000000008005aac                HAL_DMA_GetError
 .text.DMA_SetConfig
                0x0000000008005ac4       0x5c Drivers/STM32F4xx_HAL_Driver/Src/stm32f4xx_hal_dma.o
 .text.DMA_CalcBaseAndBitshift
                0x0000000008005b20       0x6c Drivers/STM32F4xx_HAL_Driver/Src/stm32f4xx_hal_dma.o
 .text.DMA_CheckFifoParam
                0x0000000008005b8c       0xf8 Drivers/STM32F4xx_HAL_Driver/Src/stm32f4xx_hal_dma.o
 .text.HAL_FLASH_Program
                0x0000000008005c84       0xa8 Drivers/STM32F4xx_HAL_Driver/Src/stm32f4xx_hal_flash.o
                0x0000000008005c84                HAL_FLASH_Program
 .text.HAL_FLASH_Unlock
                0x0000000008005d2c       0x44 Drivers/STM32F4xx_HAL_Driver/Src/stm32f4xx_hal_flash.o
                0x0000000008005d2c                HAL_FLASH_Unlock
 .text.FLASH_WaitForLastOperation
                0x0000000008005d70       0x80 Drivers/STM32F4xx_HAL_Driver/Src/stm32f4xx_hal_flash.o
                0x0000000008005d70                FLASH_WaitForLastOperation
 .text.FLASH_Program_DoubleWord
                0x0000000008005df0       0x64 Drivers/STM32F4xx_HAL_Driver/Src/stm32f4xx_hal_flash.o
 .text.FLASH_Program_Word
                0x0000000008005e54       0x44 Drivers/STM32F4xx_HAL_Driver/Src/stm32f4xx_hal_flash.o
 .text.FLASH_Program_HalfWord
                0x0000000008005e98       0x48 Drivers/STM32F4xx_HAL_Driver/Src/stm32f4xx_hal_flash.o
 .text.FLASH_Program_Byte
                0x0000000008005ee0       0x44 Drivers/STM32F4xx_HAL_Driver/Src/stm32f4xx_hal_flash.o
 .text.FLASH_SetErrorCode
                0x0000000008005f24       0xcc Drivers/STM32F4xx_HAL_Driver/Src/stm32f4xx_hal_flash.o
 .text.HAL_FLASHEx_Erase
                0x0000000008005ff0       0xe0 Drivers/STM32F4xx_HAL_Driver/Src/stm32f4xx_hal_flash_ex.o
                0x0000000008005ff0                HAL_FLASHEx_Erase
 .text.FLASH_MassErase
                0x00000000080060d0       0x48 Drivers/STM32F4xx_HAL_Driver/Src/stm32f4xx_hal_flash_ex.o
 .text.FLASH_Erase_Sector
                0x0000000008006118       0x90 Drivers/STM32F4xx_HAL_Driver/Src/stm32f4xx_hal_flash_ex.o
                0x0000000008006118                FLASH_Erase_Sector
 .text.FLASH_FlushCaches
                0x00000000080061a8       0x8c Drivers/STM32F4xx_HAL_Driver/Src/stm32f4xx_hal_flash_ex.o
                0x00000000080061a8                FLASH_FlushCaches
 .text.HAL_GPIO_Init
                0x0000000008006234      0x308 Drivers/STM32F4xx_HAL_Driver/Src/stm32f4xx_hal_gpio.o
                0x0000000008006234                HAL_GPIO_Init
 .text.HAL_GPIO_DeInit
                0x000000000800653c      0x1c8 Drivers/STM32F4xx_HAL_Driver/Src/stm32f4xx_hal_gpio.o
                0x000000000800653c                HAL_GPIO_DeInit
 .text.HAL_GPIO_ReadPin
                0x0000000008006704       0x30 Drivers/STM32F4xx_HAL_Driver/Src/stm32f4xx_hal_gpio.o
                0x0000000008006704                HAL_GPIO_ReadPin
 .text.HAL_GPIO_WritePin
                0x0000000008006734       0x32 Drivers/STM32F4xx_HAL_Driver/Src/stm32f4xx_hal_gpio.o
                0x0000000008006734                HAL_GPIO_WritePin
 .text.HAL_GPIO_TogglePin
                0x0000000008006766       0x34 Drivers/STM32F4xx_HAL_Driver/Src/stm32f4xx_hal_gpio.o
                0x0000000008006766                HAL_GPIO_TogglePin
 *fill*         0x000000000800679a        0x2 
 .text.HAL_I2C_Init
                0x000000000800679c      0x288 Drivers/STM32F4xx_HAL_Driver/Src/stm32f4xx_hal_i2c.o
                0x000000000800679c                HAL_I2C_Init
 .text.HAL_I2C_DeInit
                0x0000000008006a24       0x5e Drivers/STM32F4xx_HAL_Driver/Src/stm32f4xx_hal_i2c.o
                0x0000000008006a24                HAL_I2C_DeInit
 *fill*         0x0000000008006a82        0x2 
 .text.HAL_I2C_Mem_Read_DMA
                0x0000000008006a84      0x30c Drivers/STM32F4xx_HAL_Driver/Src/stm32f4xx_hal_i2c.o
                0x0000000008006a84                HAL_I2C_Mem_Read_DMA
 .text.HAL_I2C_Slave_Seq_Transmit_DMA
                0x0000000008006d90      0x274 Drivers/STM32F4xx_HAL_Driver/Src/stm32f4xx_hal_i2c.o
                0x0000000008006d90                HAL_I2C_Slave_Seq_Transmit_DMA
 .text.HAL_I2C_Slave_Seq_Receive_DMA
                0x0000000008007004      0x274 Drivers/STM32F4xx_HAL_Driver/Src/stm32f4xx_hal_i2c.o
                0x0000000008007004                HAL_I2C_Slave_Seq_Receive_DMA
 .text.HAL_I2C_EnableListen_IT
                0x0000000008007278       0x6c Drivers/STM32F4xx_HAL_Driver/Src/stm32f4xx_hal_i2c.o
                0x0000000008007278                HAL_I2C_EnableListen_IT
 .text.HAL_I2C_EV_IRQHandler
                0x00000000080072e4      0x2da Drivers/STM32F4xx_HAL_Driver/Src/stm32f4xx_hal_i2c.o
                0x00000000080072e4                HAL_I2C_EV_IRQHandler
 .text.HAL_I2C_ER_IRQHandler
                0x00000000080075be      0x14e Drivers/STM32F4xx_HAL_Driver/Src/stm32f4xx_hal_i2c.o
                0x00000000080075be                HAL_I2C_ER_IRQHandler
 .text.HAL_I2C_MasterTxCpltCallback
                0x000000000800770c       0x14 Drivers/STM32F4xx_HAL_Driver/Src/stm32f4xx_hal_i2c.o
                0x000000000800770c                HAL_I2C_MasterTxCpltCallback
 .text.HAL_I2C_MasterRxCpltCallback
                0x0000000008007720       0x14 Drivers/STM32F4xx_HAL_Driver/Src/stm32f4xx_hal_i2c.o
                0x0000000008007720                HAL_I2C_MasterRxCpltCallback
 .text.HAL_I2C_SlaveTxCpltCallback
                0x0000000008007734       0x14 Drivers/STM32F4xx_HAL_Driver/Src/stm32f4xx_hal_i2c.o
                0x0000000008007734                HAL_I2C_SlaveTxCpltCallback
 .text.HAL_I2C_MemTxCpltCallback
                0x0000000008007748       0x14 Drivers/STM32F4xx_HAL_Driver/Src/stm32f4xx_hal_i2c.o
                0x0000000008007748                HAL_I2C_MemTxCpltCallback
 .text.HAL_I2C_MemRxCpltCallback
                0x000000000800775c       0x14 Drivers/STM32F4xx_HAL_Driver/Src/stm32f4xx_hal_i2c.o
                0x000000000800775c                HAL_I2C_MemRxCpltCallback
 .text.HAL_I2C_AbortCpltCallback
                0x0000000008007770       0x14 Drivers/STM32F4xx_HAL_Driver/Src/stm32f4xx_hal_i2c.o
                0x0000000008007770                HAL_I2C_AbortCpltCallback
 .text.I2C_MasterTransmit_TXE
                0x0000000008007784      0x138 Drivers/STM32F4xx_HAL_Driver/Src/stm32f4xx_hal_i2c.o
 .text.I2C_MasterTransmit_BTF
                0x00000000080078bc       0xd0 Drivers/STM32F4xx_HAL_Driver/Src/stm32f4xx_hal_i2c.o
 .text.I2C_MemoryTransmit_TXE_BTF
                0x000000000800798c      0x11e Drivers/STM32F4xx_HAL_Driver/Src/stm32f4xx_hal_i2c.o
 .text.I2C_MasterReceive_RXNE
                0x0000000008007aaa      0x162 Drivers/STM32F4xx_HAL_Driver/Src/stm32f4xx_hal_i2c.o
 .text.I2C_MasterReceive_BTF
                0x0000000008007c0c      0x1d4 Drivers/STM32F4xx_HAL_Driver/Src/stm32f4xx_hal_i2c.o
 .text.I2C_Master_SB
                0x0000000008007de0      0x10c Drivers/STM32F4xx_HAL_Driver/Src/stm32f4xx_hal_i2c.o
 .text.I2C_Master_ADD10
                0x0000000008007eec       0x54 Drivers/STM32F4xx_HAL_Driver/Src/stm32f4xx_hal_i2c.o
 .text.I2C_Master_ADDR
                0x0000000008007f40      0x322 Drivers/STM32F4xx_HAL_Driver/Src/stm32f4xx_hal_i2c.o
 .text.I2C_SlaveTransmit_TXE
                0x0000000008008262       0x7a Drivers/STM32F4xx_HAL_Driver/Src/stm32f4xx_hal_i2c.o
 .text.I2C_SlaveTransmit_BTF
                0x00000000080082dc       0x42 Drivers/STM32F4xx_HAL_Driver/Src/stm32f4xx_hal_i2c.o
 .text.I2C_SlaveReceive_RXNE
                0x000000000800831e       0x7c Drivers/STM32F4xx_HAL_Driver/Src/stm32f4xx_hal_i2c.o
 .text.I2C_SlaveReceive_BTF
                0x000000000800839a       0x44 Drivers/STM32F4xx_HAL_Driver/Src/stm32f4xx_hal_i2c.o
 .text.I2C_Slave_ADDR
                0x00000000080083de       0x88 Drivers/STM32F4xx_HAL_Driver/Src/stm32f4xx_hal_i2c.o
 *fill*         0x0000000008008466        0x2 
 .text.I2C_Slave_STOPF
                0x0000000008008468      0x260 Drivers/STM32F4xx_HAL_Driver/Src/stm32f4xx_hal_i2c.o
 .text.I2C_Slave_AF
                0x00000000080086c8       0xe0 Drivers/STM32F4xx_HAL_Driver/Src/stm32f4xx_hal_i2c.o
 .text.I2C_ITError
                0x00000000080087a8      0x264 Drivers/STM32F4xx_HAL_Driver/Src/stm32f4xx_hal_i2c.o
 .text.I2C_RequestMemoryRead
                0x0000000008008a0c      0x1d0 Drivers/STM32F4xx_HAL_Driver/Src/stm32f4xx_hal_i2c.o
 .text.I2C_DMAXferCplt
                0x0000000008008bdc      0x1aa Drivers/STM32F4xx_HAL_Driver/Src/stm32f4xx_hal_i2c.o
 .text.I2C_DMAError
                0x0000000008008d86       0x7a Drivers/STM32F4xx_HAL_Driver/Src/stm32f4xx_hal_i2c.o
 .text.I2C_DMAAbort
                0x0000000008008e00      0x150 Drivers/STM32F4xx_HAL_Driver/Src/stm32f4xx_hal_i2c.o
 .text.I2C_WaitOnFlagUntilTimeout
                0x0000000008008f50       0xae Drivers/STM32F4xx_HAL_Driver/Src/stm32f4xx_hal_i2c.o
 .text.I2C_WaitOnMasterAddressFlagUntilTimeout
                0x0000000008008ffe       0xfe Drivers/STM32F4xx_HAL_Driver/Src/stm32f4xx_hal_i2c.o
 .text.I2C_WaitOnTXEFlagUntilTimeout
                0x00000000080090fc       0x82 Drivers/STM32F4xx_HAL_Driver/Src/stm32f4xx_hal_i2c.o
 *fill*         0x000000000800917e        0x2 
 .text.I2C_WaitOnSTOPRequestThroughIT
                0x0000000008009180       0x64 Drivers/STM32F4xx_HAL_Driver/Src/stm32f4xx_hal_i2c.o
 .text.I2C_IsAcknowledgeFailed
                0x00000000080091e4       0x5e Drivers/STM32F4xx_HAL_Driver/Src/stm32f4xx_hal_i2c.o
 .text.I2C_ConvertOtherXferOptions
                0x0000000008009242       0x36 Drivers/STM32F4xx_HAL_Driver/Src/stm32f4xx_hal_i2c.o
 .text.HAL_RCC_OscConfig
                0x0000000008009278      0x4f0 Drivers/STM32F4xx_HAL_Driver/Src/stm32f4xx_hal_rcc.o
                0x0000000008009278                HAL_RCC_OscConfig
 .text.HAL_RCC_ClockConfig
                0x0000000008009768      0x1cc Drivers/STM32F4xx_HAL_Driver/Src/stm32f4xx_hal_rcc.o
                0x0000000008009768                HAL_RCC_ClockConfig
 .text.HAL_RCC_GetSysClockFreq
                0x0000000008009934      0x16c Drivers/STM32F4xx_HAL_Driver/Src/stm32f4xx_hal_rcc.o
                0x0000000008009934                HAL_RCC_GetSysClockFreq
 .text.HAL_RCC_GetHCLKFreq
                0x0000000008009aa0       0x18 Drivers/STM32F4xx_HAL_Driver/Src/stm32f4xx_hal_rcc.o
                0x0000000008009aa0                HAL_RCC_GetHCLKFreq
 .text.HAL_RCC_GetPCLK1Freq
                0x0000000008009ab8       0x28 Drivers/STM32F4xx_HAL_Driver/Src/stm32f4xx_hal_rcc.o
                0x0000000008009ab8                HAL_RCC_GetPCLK1Freq
 .text.HAL_RCC_GetPCLK2Freq
                0x0000000008009ae0       0x28 Drivers/STM32F4xx_HAL_Driver/Src/stm32f4xx_hal_rcc.o
                0x0000000008009ae0                HAL_RCC_GetPCLK2Freq
 .text.HAL_RCC_GetClockConfig
                0x0000000008009b08       0x64 Drivers/STM32F4xx_HAL_Driver/Src/stm32f4xx_hal_rcc.o
                0x0000000008009b08                HAL_RCC_GetClockConfig
 .text.HAL_TIM_Base_Init
                0x0000000008009b6c       0x9e Drivers/STM32F4xx_HAL_Driver/Src/stm32f4xx_hal_tim.o
                0x0000000008009b6c                HAL_TIM_Base_Init
 *fill*         0x0000000008009c0a        0x2 
 .text.HAL_TIM_Base_Start_IT
                0x0000000008009c0c       0xc4 Drivers/STM32F4xx_HAL_Driver/Src/stm32f4xx_hal_tim.o
                0x0000000008009c0c                HAL_TIM_Base_Start_IT
 .text.HAL_TIM_PWM_Init
                0x0000000008009cd0       0x9e Drivers/STM32F4xx_HAL_Driver/Src/stm32f4xx_hal_tim.o
                0x0000000008009cd0                HAL_TIM_PWM_Init
 .text.HAL_TIM_PWM_MspInit
                0x0000000008009d6e       0x14 Drivers/STM32F4xx_HAL_Driver/Src/stm32f4xx_hal_tim.o
                0x0000000008009d6e                HAL_TIM_PWM_MspInit
 *fill*         0x0000000008009d82        0x2 
 .text.HAL_TIM_PWM_Start
                0x0000000008009d84      0x160 Drivers/STM32F4xx_HAL_Driver/Src/stm32f4xx_hal_tim.o
                0x0000000008009d84                HAL_TIM_PWM_Start
 .text.HAL_TIM_PWM_Start_IT
                0x0000000008009ee4      0x1ec Drivers/STM32F4xx_HAL_Driver/Src/stm32f4xx_hal_tim.o
                0x0000000008009ee4                HAL_TIM_PWM_Start_IT
 .text.HAL_TIM_IRQHandler
                0x000000000800a0d0      0x210 Drivers/STM32F4xx_HAL_Driver/Src/stm32f4xx_hal_tim.o
                0x000000000800a0d0                HAL_TIM_IRQHandler
 .text.HAL_TIM_PWM_ConfigChannel
                0x000000000800a2e0      0x17c Drivers/STM32F4xx_HAL_Driver/Src/stm32f4xx_hal_tim.o
                0x000000000800a2e0                HAL_TIM_PWM_ConfigChannel
 .text.HAL_TIM_ConfigClockSource
                0x000000000800a45c      0x188 Drivers/STM32F4xx_HAL_Driver/Src/stm32f4xx_hal_tim.o
                0x000000000800a45c                HAL_TIM_ConfigClockSource
 .text.HAL_TIM_OC_DelayElapsedCallback
                0x000000000800a5e4       0x14 Drivers/STM32F4xx_HAL_Driver/Src/stm32f4xx_hal_tim.o
                0x000000000800a5e4                HAL_TIM_OC_DelayElapsedCallback
 .text.HAL_TIM_IC_CaptureCallback
                0x000000000800a5f8       0x14 Drivers/STM32F4xx_HAL_Driver/Src/stm32f4xx_hal_tim.o
                0x000000000800a5f8                HAL_TIM_IC_CaptureCallback
 .text.HAL_TIM_TriggerCallback
                0x000000000800a60c       0x14 Drivers/STM32F4xx_HAL_Driver/Src/stm32f4xx_hal_tim.o
                0x000000000800a60c                HAL_TIM_TriggerCallback
 .text.TIM_Base_SetConfig
                0x000000000800a620      0x100 Drivers/STM32F4xx_HAL_Driver/Src/stm32f4xx_hal_tim.o
                0x000000000800a620                TIM_Base_SetConfig
 .text.TIM_OC1_SetConfig
                0x000000000800a720       0xcc Drivers/STM32F4xx_HAL_Driver/Src/stm32f4xx_hal_tim.o
 .text.TIM_OC2_SetConfig
                0x000000000800a7ec       0xd8 Drivers/STM32F4xx_HAL_Driver/Src/stm32f4xx_hal_tim.o
                0x000000000800a7ec                TIM_OC2_SetConfig
 .text.TIM_OC3_SetConfig
                0x000000000800a8c4       0xd4 Drivers/STM32F4xx_HAL_Driver/Src/stm32f4xx_hal_tim.o
 .text.TIM_OC4_SetConfig
                0x000000000800a998       0xa0 Drivers/STM32F4xx_HAL_Driver/Src/stm32f4xx_hal_tim.o
 .text.TIM_TI1_ConfigInputStage
                0x000000000800aa38       0x5e Drivers/STM32F4xx_HAL_Driver/Src/stm32f4xx_hal_tim.o
 .text.TIM_TI2_ConfigInputStage
                0x000000000800aa96       0x60 Drivers/STM32F4xx_HAL_Driver/Src/stm32f4xx_hal_tim.o
 .text.TIM_ITRx_SetConfig
                0x000000000800aaf6       0x36 Drivers/STM32F4xx_HAL_Driver/Src/stm32f4xx_hal_tim.o
 .text.TIM_ETR_SetConfig
                0x000000000800ab2c       0x40 Drivers/STM32F4xx_HAL_Driver/Src/stm32f4xx_hal_tim.o
                0x000000000800ab2c                TIM_ETR_SetConfig
 .text.TIM_CCxChannelCmd
                0x000000000800ab6c       0x4a Drivers/STM32F4xx_HAL_Driver/Src/stm32f4xx_hal_tim.o
                0x000000000800ab6c                TIM_CCxChannelCmd
 *fill*         0x000000000800abb6        0x2 
 .text.HAL_TIMEx_PWMN_Start_IT
                0x000000000800abb8      0x1b8 Drivers/STM32F4xx_HAL_Driver/Src/stm32f4xx_hal_tim_ex.o
                0x000000000800abb8                HAL_TIMEx_PWMN_Start_IT
 .text.HAL_TIMEx_MasterConfigSynchronization
                0x000000000800ad70       0xdc Drivers/STM32F4xx_HAL_Driver/Src/stm32f4xx_hal_tim_ex.o
                0x000000000800ad70                HAL_TIMEx_MasterConfigSynchronization
 .text.HAL_TIMEx_CommutCallback
                0x000000000800ae4c       0x14 Drivers/STM32F4xx_HAL_Driver/Src/stm32f4xx_hal_tim_ex.o
                0x000000000800ae4c                HAL_TIMEx_CommutCallback
 .text.HAL_TIMEx_BreakCallback
                0x000000000800ae60       0x14 Drivers/STM32F4xx_HAL_Driver/Src/stm32f4xx_hal_tim_ex.o
                0x000000000800ae60                HAL_TIMEx_BreakCallback
 .text.TIM_CCxNChannelCmd
                0x000000000800ae74       0x4a Drivers/STM32F4xx_HAL_Driver/Src/stm32f4xx_hal_tim_ex.o
 .text.HAL_UART_Init
                0x000000000800aebe       0x9a Drivers/STM32F4xx_HAL_Driver/Src/stm32f4xx_hal_uart.o
                0x000000000800aebe                HAL_UART_Init
 .text.HAL_UART_Transmit
                0x000000000800af58      0x124 Drivers/STM32F4xx_HAL_Driver/Src/stm32f4xx_hal_uart.o
                0x000000000800af58                HAL_UART_Transmit
 .text.HAL_UARTEx_ReceiveToIdle_DMA
                0x000000000800b07c       0x9e Drivers/STM32F4xx_HAL_Driver/Src/stm32f4xx_hal_uart.o
                0x000000000800b07c                HAL_UARTEx_ReceiveToIdle_DMA
 *fill*         0x000000000800b11a        0x2 
 .text.HAL_UART_IRQHandler
                0x000000000800b11c      0x358 Drivers/STM32F4xx_HAL_Driver/Src/stm32f4xx_hal_uart.o
                0x000000000800b11c                HAL_UART_IRQHandler
 .text.HAL_UART_TxCpltCallback
                0x000000000800b474       0x14 Drivers/STM32F4xx_HAL_Driver/Src/stm32f4xx_hal_uart.o
                0x000000000800b474                HAL_UART_TxCpltCallback
 .text.HAL_UART_RxCpltCallback
                0x000000000800b488       0x14 Drivers/STM32F4xx_HAL_Driver/Src/stm32f4xx_hal_uart.o
                0x000000000800b488                HAL_UART_RxCpltCallback
 .text.HAL_UART_RxHalfCpltCallback
                0x000000000800b49c       0x14 Drivers/STM32F4xx_HAL_Driver/Src/stm32f4xx_hal_uart.o
                0x000000000800b49c                HAL_UART_RxHalfCpltCallback
 .text.HAL_UART_ErrorCallback
                0x000000000800b4b0       0x14 Drivers/STM32F4xx_HAL_Driver/Src/stm32f4xx_hal_uart.o
                0x000000000800b4b0                HAL_UART_ErrorCallback
 .text.UART_DMAReceiveCplt
                0x000000000800b4c4       0x96 Drivers/STM32F4xx_HAL_Driver/Src/stm32f4xx_hal_uart.o
 .text.UART_DMARxHalfCplt
                0x000000000800b55a       0x36 Drivers/STM32F4xx_HAL_Driver/Src/stm32f4xx_hal_uart.o
 .text.UART_DMAError
                0x000000000800b590       0x94 Drivers/STM32F4xx_HAL_Driver/Src/stm32f4xx_hal_uart.o
 .text.UART_WaitOnFlagUntilTimeout
                0x000000000800b624       0x94 Drivers/STM32F4xx_HAL_Driver/Src/stm32f4xx_hal_uart.o
 .text.UART_Start_Receive_DMA
                0x000000000800b6b8       0xc8 Drivers/STM32F4xx_HAL_Driver/Src/stm32f4xx_hal_uart.o
                0x000000000800b6b8                UART_Start_Receive_DMA
 .text.UART_EndTxTransfer
                0x000000000800b780       0x2c Drivers/STM32F4xx_HAL_Driver/Src/stm32f4xx_hal_uart.o
 .text.UART_EndRxTransfer
                0x000000000800b7ac       0x5a Drivers/STM32F4xx_HAL_Driver/Src/stm32f4xx_hal_uart.o
 .text.UART_DMAAbortOnError
                0x000000000800b806       0x28 Drivers/STM32F4xx_HAL_Driver/Src/stm32f4xx_hal_uart.o
 .text.UART_Transmit_IT
                0x000000000800b82e       0xa0 Drivers/STM32F4xx_HAL_Driver/Src/stm32f4xx_hal_uart.o
 .text.UART_EndTransmit_IT
                0x000000000800b8ce       0x30 Drivers/STM32F4xx_HAL_Driver/Src/stm32f4xx_hal_uart.o
 .text.UART_Receive_IT
                0x000000000800b8fe      0x12e Drivers/STM32F4xx_HAL_Driver/Src/stm32f4xx_hal_uart.o
 .text.UART_SetConfig
                0x000000000800ba2c      0x390 Drivers/STM32F4xx_HAL_Driver/Src/stm32f4xx_hal_uart.o
 .text.makeFreeRtosPriority
                0x000000000800bdbc       0x30 Middlewares/Third_Party/FreeRTOS/Source/CMSIS_RTOS/cmsis_os.o
 .text.inHandlerMode
                0x000000000800bdec       0x24 Middlewares/Third_Party/FreeRTOS/Source/CMSIS_RTOS/cmsis_os.o
 .text.osKernelStart
                0x000000000800be10        0xe Middlewares/Third_Party/FreeRTOS/Source/CMSIS_RTOS/cmsis_os.o
                0x000000000800be10                osKernelStart
 .text.osThreadCreate
                0x000000000800be1e       0x98 Middlewares/Third_Party/FreeRTOS/Source/CMSIS_RTOS/cmsis_os.o
                0x000000000800be1e                osThreadCreate
 .text.osDelay  0x000000000800beb6       0x28 Middlewares/Third_Party/FreeRTOS/Source/CMSIS_RTOS/cmsis_os.o
                0x000000000800beb6                osDelay
 .text.osSemaphoreCreate
                0x000000000800bede       0x64 Middlewares/Third_Party/FreeRTOS/Source/CMSIS_RTOS/cmsis_os.o
                0x000000000800bede                osSemaphoreCreate
 *fill*         0x000000000800bf42        0x2 
 .text.osSemaphoreWait
                0x000000000800bf44       0x9c Middlewares/Third_Party/FreeRTOS/Source/CMSIS_RTOS/cmsis_os.o
                0x000000000800bf44                osSemaphoreWait
 .text.osSemaphoreRelease
                0x000000000800bfe0       0x6c Middlewares/Third_Party/FreeRTOS/Source/CMSIS_RTOS/cmsis_os.o
                0x000000000800bfe0                osSemaphoreRelease
 .text.vListInitialise
                0x000000000800c04c       0x40 Middlewares/Third_Party/FreeRTOS/Source/list.o
                0x000000000800c04c                vListInitialise
 .text.vListInitialiseItem
                0x000000000800c08c       0x1a Middlewares/Third_Party/FreeRTOS/Source/list.o
                0x000000000800c08c                vListInitialiseItem
 .text.vListInsertEnd
                0x000000000800c0a6       0x48 Middlewares/Third_Party/FreeRTOS/Source/list.o
                0x000000000800c0a6                vListInsertEnd
 .text.vListInsert
                0x000000000800c0ee       0x72 Middlewares/Third_Party/FreeRTOS/Source/list.o
                0x000000000800c0ee                vListInsert
 .text.uxListRemove
                0x000000000800c160       0x54 Middlewares/Third_Party/FreeRTOS/Source/list.o
                0x000000000800c160                uxListRemove
 .text.xQueueGenericReset
                0x000000000800c1b4       0xd0 Middlewares/Third_Party/FreeRTOS/Source/queue.o
                0x000000000800c1b4                xQueueGenericReset
 .text.xQueueGenericCreateStatic
                0x000000000800c284       0xf0 Middlewares/Third_Party/FreeRTOS/Source/queue.o
                0x000000000800c284                xQueueGenericCreateStatic
 .text.xQueueGenericCreate
                0x000000000800c374       0x74 Middlewares/Third_Party/FreeRTOS/Source/queue.o
                0x000000000800c374                xQueueGenericCreate
 .text.prvInitialiseNewQueue
                0x000000000800c3e8       0x3e Middlewares/Third_Party/FreeRTOS/Source/queue.o
 *fill*         0x000000000800c426        0x2 
 .text.xQueueGenericSend
                0x000000000800c428      0x1fc Middlewares/Third_Party/FreeRTOS/Source/queue.o
                0x000000000800c428                xQueueGenericSend
 .text.xQueueGenericSendFromISR
                0x000000000800c624      0x136 Middlewares/Third_Party/FreeRTOS/Source/queue.o
                0x000000000800c624                xQueueGenericSendFromISR
 .text.xQueueGiveFromISR
                0x000000000800c75a      0x11a Middlewares/Third_Party/FreeRTOS/Source/queue.o
                0x000000000800c75a                xQueueGiveFromISR
 .text.xQueueReceive
                0x000000000800c874      0x1c0 Middlewares/Third_Party/FreeRTOS/Source/queue.o
                0x000000000800c874                xQueueReceive
 .text.xQueueSemaphoreTake
                0x000000000800ca34      0x218 Middlewares/Third_Party/FreeRTOS/Source/queue.o
                0x000000000800ca34                xQueueSemaphoreTake
 .text.xQueueReceiveFromISR
                0x000000000800cc4c      0x100 Middlewares/Third_Party/FreeRTOS/Source/queue.o
                0x000000000800cc4c                xQueueReceiveFromISR
 .text.prvGetDisinheritPriorityAfterTimeout
                0x000000000800cd4c       0x30 Middlewares/Third_Party/FreeRTOS/Source/queue.o
 .text.prvCopyDataToQueue
                0x000000000800cd7c       0xd4 Middlewares/Third_Party/FreeRTOS/Source/queue.o
 .text.prvCopyDataFromQueue
                0x000000000800ce50       0x4c Middlewares/Third_Party/FreeRTOS/Source/queue.o
 .text.prvUnlockQueue
                0x000000000800ce9c       0xa4 Middlewares/Third_Party/FreeRTOS/Source/queue.o
 .text.prvIsQueueEmpty
                0x000000000800cf40       0x2c Middlewares/Third_Party/FreeRTOS/Source/queue.o
 .text.prvIsQueueFull
                0x000000000800cf6c       0x30 Middlewares/Third_Party/FreeRTOS/Source/queue.o
 .text.vQueueAddToRegistry
                0x000000000800cf9c       0x54 Middlewares/Third_Party/FreeRTOS/Source/queue.o
                0x000000000800cf9c                vQueueAddToRegistry
 .text.vQueueWaitForMessageRestricted
                0x000000000800cff0       0x68 Middlewares/Third_Party/FreeRTOS/Source/queue.o
                0x000000000800cff0                vQueueWaitForMessageRestricted
 .text.xTaskCreateStatic
                0x000000000800d058       0xba Middlewares/Third_Party/FreeRTOS/Source/tasks.o
                0x000000000800d058                xTaskCreateStatic
 .text.xTaskCreate
                0x000000000800d112       0x8a Middlewares/Third_Party/FreeRTOS/Source/tasks.o
                0x000000000800d112                xTaskCreate
 .text.prvInitialiseNewTask
                0x000000000800d19c      0x10e Middlewares/Third_Party/FreeRTOS/Source/tasks.o
 *fill*         0x000000000800d2aa        0x2 
 .text.prvAddNewTaskToReadyList
                0x000000000800d2ac       0xd4 Middlewares/Third_Party/FreeRTOS/Source/tasks.o
 .text.vTaskDelay
                0x000000000800d380       0x68 Middlewares/Third_Party/FreeRTOS/Source/tasks.o
                0x000000000800d380                vTaskDelay
 .text.vTaskStartScheduler
                0x000000000800d3e8       0xcc Middlewares/Third_Party/FreeRTOS/Source/tasks.o
                0x000000000800d3e8                vTaskStartScheduler
 .text.vTaskSuspendAll
                0x000000000800d4b4       0x1c Middlewares/Third_Party/FreeRTOS/Source/tasks.o
                0x000000000800d4b4                vTaskSuspendAll
 .text.xTaskResumeAll
                0x000000000800d4d0      0x138 Middlewares/Third_Party/FreeRTOS/Source/tasks.o
                0x000000000800d4d0                xTaskResumeAll
 .text.xTaskGetTickCount
                0x000000000800d608       0x20 Middlewares/Third_Party/FreeRTOS/Source/tasks.o
                0x000000000800d608                xTaskGetTickCount
 .text.xTaskIncrementTick
                0x000000000800d628      0x170 Middlewares/Third_Party/FreeRTOS/Source/tasks.o
                0x000000000800d628                xTaskIncrementTick
 .text.vTaskSwitchContext
                0x000000000800d798       0xb8 Middlewares/Third_Party/FreeRTOS/Source/tasks.o
                0x000000000800d798                vTaskSwitchContext
 .text.vTaskPlaceOnEventList
                0x000000000800d850       0x48 Middlewares/Third_Party/FreeRTOS/Source/tasks.o
                0x000000000800d850                vTaskPlaceOnEventList
 .text.vTaskPlaceOnEventListRestricted
                0x000000000800d898       0x58 Middlewares/Third_Party/FreeRTOS/Source/tasks.o
                0x000000000800d898                vTaskPlaceOnEventListRestricted
 .text.xTaskRemoveFromEventList
                0x000000000800d8f0       0xc4 Middlewares/Third_Party/FreeRTOS/Source/tasks.o
                0x000000000800d8f0                xTaskRemoveFromEventList
 .text.vTaskInternalSetTimeOutState
                0x000000000800d9b4       0x2c Middlewares/Third_Party/FreeRTOS/Source/tasks.o
                0x000000000800d9b4                vTaskInternalSetTimeOutState
 .text.xTaskCheckForTimeOut
                0x000000000800d9e0       0xc4 Middlewares/Third_Party/FreeRTOS/Source/tasks.o
                0x000000000800d9e0                xTaskCheckForTimeOut
 .text.vTaskMissedYield
                0x000000000800daa4       0x18 Middlewares/Third_Party/FreeRTOS/Source/tasks.o
                0x000000000800daa4                vTaskMissedYield
 .text.prvIdleTask
                0x000000000800dabc       0x30 Middlewares/Third_Party/FreeRTOS/Source/tasks.o
 .text.prvInitialiseTaskLists
                0x000000000800daec       0x80 Middlewares/Third_Party/FreeRTOS/Source/tasks.o
 .text.prvCheckTasksWaitingTermination
                0x000000000800db6c       0x5c Middlewares/Third_Party/FreeRTOS/Source/tasks.o
 .text.prvDeleteTCB
                0x000000000800dbc8       0x5e Middlewares/Third_Party/FreeRTOS/Source/tasks.o
 *fill*         0x000000000800dc26        0x2 
 .text.prvResetNextTaskUnblockTime
                0x000000000800dc28       0x40 Middlewares/Third_Party/FreeRTOS/Source/tasks.o
 .text.xTaskGetSchedulerState
                0x000000000800dc68       0x3c Middlewares/Third_Party/FreeRTOS/Source/tasks.o
                0x000000000800dc68                xTaskGetSchedulerState
 .text.xTaskPriorityInherit
                0x000000000800dca4       0xec Middlewares/Third_Party/FreeRTOS/Source/tasks.o
                0x000000000800dca4                xTaskPriorityInherit
 .text.xTaskPriorityDisinherit
                0x000000000800dd90      0x10c Middlewares/Third_Party/FreeRTOS/Source/tasks.o
                0x000000000800dd90                xTaskPriorityDisinherit
 .text.vTaskPriorityDisinheritAfterTimeout
                0x000000000800de9c      0x11c Middlewares/Third_Party/FreeRTOS/Source/tasks.o
                0x000000000800de9c                vTaskPriorityDisinheritAfterTimeout
 .text.pvTaskIncrementMutexHeldCount
                0x000000000800dfb8       0x28 Middlewares/Third_Party/FreeRTOS/Source/tasks.o
                0x000000000800dfb8                pvTaskIncrementMutexHeldCount
 .text.prvAddCurrentTaskToDelayedList
                0x000000000800dfe0       0xcc Middlewares/Third_Party/FreeRTOS/Source/tasks.o
 .text.xTimerCreateTimerTask
                0x000000000800e0ac       0x90 Middlewares/Third_Party/FreeRTOS/Source/timers.o
                0x000000000800e0ac                xTimerCreateTimerTask
 .text.xTimerGenericCommand
                0x000000000800e13c       0x9c Middlewares/Third_Party/FreeRTOS/Source/timers.o
                0x000000000800e13c                xTimerGenericCommand
 .text.prvProcessExpiredTimer
                0x000000000800e1d8       0x98 Middlewares/Third_Party/FreeRTOS/Source/timers.o
 .text.prvTimerTask
                0x000000000800e270       0x24 Middlewares/Third_Party/FreeRTOS/Source/timers.o
 .text.prvProcessTimerOrBlockTask
                0x000000000800e294       0x9c Middlewares/Third_Party/FreeRTOS/Source/timers.o
 .text.prvGetNextExpireTime
                0x000000000800e330       0x48 Middlewares/Third_Party/FreeRTOS/Source/timers.o
 .text.prvSampleTimeNow
                0x000000000800e378       0x40 Middlewares/Third_Party/FreeRTOS/Source/timers.o
 .text.prvInsertTimerInActiveList
                0x000000000800e3b8       0x84 Middlewares/Third_Party/FreeRTOS/Source/timers.o
 .text.prvProcessReceivedCommands
                0x000000000800e43c      0x18c Middlewares/Third_Party/FreeRTOS/Source/timers.o
 .text.prvSwitchTimerLists
                0x000000000800e5c8       0xc8 Middlewares/Third_Party/FreeRTOS/Source/timers.o
 .text.prvCheckForValidListAndQueue
                0x000000000800e690       0x80 Middlewares/Third_Party/FreeRTOS/Source/timers.o
 .text.pxPortInitialiseStack
                0x000000000800e710       0x68 Middlewares/Third_Party/FreeRTOS/Source/portable/GCC/ARM_CM4F/port.o
                0x000000000800e710                pxPortInitialiseStack
 .text.prvTaskExitError
                0x000000000800e778       0x58 Middlewares/Third_Party/FreeRTOS/Source/portable/GCC/ARM_CM4F/port.o
 .text.SVC_Handler
                0x000000000800e7d0       0x28 Middlewares/Third_Party/FreeRTOS/Source/portable/GCC/ARM_CM4F/port.o
                0x000000000800e7d0                SVC_Handler
 .text.prvPortStartFirstTask
                0x000000000800e7f8       0x28 Middlewares/Third_Party/FreeRTOS/Source/portable/GCC/ARM_CM4F/port.o
 .text.xPortStartScheduler
                0x000000000800e820      0x144 Middlewares/Third_Party/FreeRTOS/Source/portable/GCC/ARM_CM4F/port.o
                0x000000000800e820                xPortStartScheduler
 .text.vPortEnterCritical
                0x000000000800e964       0x60 Middlewares/Third_Party/FreeRTOS/Source/portable/GCC/ARM_CM4F/port.o
                0x000000000800e964                vPortEnterCritical
 .text.vPortExitCritical
                0x000000000800e9c4       0x54 Middlewares/Third_Party/FreeRTOS/Source/portable/GCC/ARM_CM4F/port.o
                0x000000000800e9c4                vPortExitCritical
 *fill*         0x000000000800ea18        0x8 
 .text.PendSV_Handler
                0x000000000800ea20       0x68 Middlewares/Third_Party/FreeRTOS/Source/portable/GCC/ARM_CM4F/port.o
                0x000000000800ea20                PendSV_Handler
 .text.SysTick_Handler
                0x000000000800ea88       0x44 Middlewares/Third_Party/FreeRTOS/Source/portable/GCC/ARM_CM4F/port.o
                0x000000000800ea88                SysTick_Handler
 .text.vPortSetupTimerInterrupt
                0x000000000800eacc       0x48 Middlewares/Third_Party/FreeRTOS/Source/portable/GCC/ARM_CM4F/port.o
                0x000000000800eacc                vPortSetupTimerInterrupt
 .text.vPortEnableVFP
                0x000000000800eb14       0x14 Middlewares/Third_Party/FreeRTOS/Source/portable/GCC/ARM_CM4F/port.o
 .text.vPortValidateInterruptPriority
                0x000000000800eb28       0x80 Middlewares/Third_Party/FreeRTOS/Source/portable/GCC/ARM_CM4F/port.o
                0x000000000800eb28                vPortValidateInterruptPriority
 .text.pvPortMalloc
                0x000000000800eba8      0x198 Middlewares/Third_Party/FreeRTOS/Source/portable/MemMang/heap_4.o
                0x000000000800eba8                pvPortMalloc
 .text.vPortFree
                0x000000000800ed40       0xc4 Middlewares/Third_Party/FreeRTOS/Source/portable/MemMang/heap_4.o
                0x000000000800ed40                vPortFree
 .text.prvHeapInit
                0x000000000800ee04       0xc4 Middlewares/Third_Party/FreeRTOS/Source/portable/MemMang/heap_4.o
 .text.prvInsertBlockIntoFreeList
                0x000000000800eec8       0xb4 Middlewares/Third_Party/FreeRTOS/Source/portable/MemMang/heap_4.o
 .text.atoi     0x000000000800ef7c        0x8 /opt/st/stm32cubeide_1.6.1/plugins/com.st.stm32cube.ide.mcu.externaltools.gnu-tools-for-stm32.9-2020-q2-update.linux64_1.5.0.202011040924/tools/bin/../lib/gcc/arm-none-eabi/9.3.1/../../../../arm-none-eabi/lib/thumb/v7e-m+fp/hard/libc_nano.a(lib_a-atoi.o)
                0x000000000800ef7c                atoi
 .text.__errno  0x000000000800ef84        0xc /opt/st/stm32cubeide_1.6.1/plugins/com.st.stm32cube.ide.mcu.externaltools.gnu-tools-for-stm32.9-2020-q2-update.linux64_1.5.0.202011040924/tools/bin/../lib/gcc/arm-none-eabi/9.3.1/../../../../arm-none-eabi/lib/thumb/v7e-m+fp/hard/libc_nano.a(lib_a-errno.o)
                0x000000000800ef84                __errno
 .text.__libc_init_array
                0x000000000800ef90       0x48 /opt/st/stm32cubeide_1.6.1/plugins/com.st.stm32cube.ide.mcu.externaltools.gnu-tools-for-stm32.9-2020-q2-update.linux64_1.5.0.202011040924/tools/bin/../lib/gcc/arm-none-eabi/9.3.1/../../../../arm-none-eabi/lib/thumb/v7e-m+fp/hard/libc_nano.a(lib_a-init.o)
                0x000000000800ef90                __libc_init_array
 .text.memcpy   0x000000000800efd8       0x1c /opt/st/stm32cubeide_1.6.1/plugins/com.st.stm32cube.ide.mcu.externaltools.gnu-tools-for-stm32.9-2020-q2-update.linux64_1.5.0.202011040924/tools/bin/../lib/gcc/arm-none-eabi/9.3.1/../../../../arm-none-eabi/lib/thumb/v7e-m+fp/hard/libc_nano.a(lib_a-memcpy-stub.o)
                0x000000000800efd8                memcpy
 .text.memset   0x000000000800eff4       0x10 /opt/st/stm32cubeide_1.6.1/plugins/com.st.stm32cube.ide.mcu.externaltools.gnu-tools-for-stm32.9-2020-q2-update.linux64_1.5.0.202011040924/tools/bin/../lib/gcc/arm-none-eabi/9.3.1/../../../../arm-none-eabi/lib/thumb/v7e-m+fp/hard/libc_nano.a(lib_a-memset.o)
                0x000000000800eff4                memset
 .text.printf   0x000000000800f004       0x30 /opt/st/stm32cubeide_1.6.1/plugins/com.st.stm32cube.ide.mcu.externaltools.gnu-tools-for-stm32.9-2020-q2-update.linux64_1.5.0.202011040924/tools/bin/../lib/gcc/arm-none-eabi/9.3.1/../../../../arm-none-eabi/lib/thumb/v7e-m+fp/hard/libc_nano.a(lib_a-printf.o)
                0x000000000800f004                printf
                0x000000000800f004                iprintf
 .text._puts_r  0x000000000800f034       0xdc /opt/st/stm32cubeide_1.6.1/plugins/com.st.stm32cube.ide.mcu.externaltools.gnu-tools-for-stm32.9-2020-q2-update.linux64_1.5.0.202011040924/tools/bin/../lib/gcc/arm-none-eabi/9.3.1/../../../../arm-none-eabi/lib/thumb/v7e-m+fp/hard/libc_nano.a(lib_a-puts.o)
                0x000000000800f034                _puts_r
 .text.puts     0x000000000800f110       0x10 /opt/st/stm32cubeide_1.6.1/plugins/com.st.stm32cube.ide.mcu.externaltools.gnu-tools-for-stm32.9-2020-q2-update.linux64_1.5.0.202011040924/tools/bin/../lib/gcc/arm-none-eabi/9.3.1/../../../../arm-none-eabi/lib/thumb/v7e-m+fp/hard/libc_nano.a(lib_a-puts.o)
                0x000000000800f110                puts
 .text._strtol_l.isra.0
                0x000000000800f120      0x108 /opt/st/stm32cubeide_1.6.1/plugins/com.st.stm32cube.ide.mcu.externaltools.gnu-tools-for-stm32.9-2020-q2-update.linux64_1.5.0.202011040924/tools/bin/../lib/gcc/arm-none-eabi/9.3.1/../../../../arm-none-eabi/lib/thumb/v7e-m+fp/hard/libc_nano.a(lib_a-strtol.o)
 .text.strtol   0x000000000800f228       0x14 /opt/st/stm32cubeide_1.6.1/plugins/com.st.stm32cube.ide.mcu.externaltools.gnu-tools-for-stm32.9-2020-q2-update.linux64_1.5.0.202011040924/tools/bin/../lib/gcc/arm-none-eabi/9.3.1/../../../../arm-none-eabi/lib/thumb/v7e-m+fp/hard/libc_nano.a(lib_a-strtol.o)
                0x000000000800f228                strtol
 .text.__swbuf_r
                0x000000000800f23c       0xa4 /opt/st/stm32cubeide_1.6.1/plugins/com.st.stm32cube.ide.mcu.externaltools.gnu-tools-for-stm32.9-2020-q2-update.linux64_1.5.0.202011040924/tools/bin/../lib/gcc/arm-none-eabi/9.3.1/../../../../arm-none-eabi/lib/thumb/v7e-m+fp/hard/libc_nano.a(lib_a-wbuf.o)
                0x000000000800f23c                __swbuf_r
 .text.__swsetup_r
                0x000000000800f2e0       0xdc /opt/st/stm32cubeide_1.6.1/plugins/com.st.stm32cube.ide.mcu.externaltools.gnu-tools-for-stm32.9-2020-q2-update.linux64_1.5.0.202011040924/tools/bin/../lib/gcc/arm-none-eabi/9.3.1/../../../../arm-none-eabi/lib/thumb/v7e-m+fp/hard/libc_nano.a(lib_a-wsetup.o)
                0x000000000800f2e0                __swsetup_r
 .text.__sflush_r
                0x000000000800f3bc      0x10c /opt/st/stm32cubeide_1.6.1/plugins/com.st.stm32cube.ide.mcu.externaltools.gnu-tools-for-stm32.9-2020-q2-update.linux64_1.5.0.202011040924/tools/bin/../lib/gcc/arm-none-eabi/9.3.1/../../../../arm-none-eabi/lib/thumb/v7e-m+fp/hard/libc_nano.a(lib_a-fflush.o)
                0x000000000800f3bc                __sflush_r
 .text._fflush_r
                0x000000000800f4c8       0x78 /opt/st/stm32cubeide_1.6.1/plugins/com.st.stm32cube.ide.mcu.externaltools.gnu-tools-for-stm32.9-2020-q2-update.linux64_1.5.0.202011040924/tools/bin/../lib/gcc/arm-none-eabi/9.3.1/../../../../arm-none-eabi/lib/thumb/v7e-m+fp/hard/libc_nano.a(lib_a-fflush.o)
                0x000000000800f4c8                _fflush_r
 .text.std      0x000000000800f540       0x48 /opt/st/stm32cubeide_1.6.1/plugins/com.st.stm32cube.ide.mcu.externaltools.gnu-tools-for-stm32.9-2020-q2-update.linux64_1.5.0.202011040924/tools/bin/../lib/gcc/arm-none-eabi/9.3.1/../../../../arm-none-eabi/lib/thumb/v7e-m+fp/hard/libc_nano.a(lib_a-findfp.o)
 .text._cleanup_r
                0x000000000800f588        0xc /opt/st/stm32cubeide_1.6.1/plugins/com.st.stm32cube.ide.mcu.externaltools.gnu-tools-for-stm32.9-2020-q2-update.linux64_1.5.0.202011040924/tools/bin/../lib/gcc/arm-none-eabi/9.3.1/../../../../arm-none-eabi/lib/thumb/v7e-m+fp/hard/libc_nano.a(lib_a-findfp.o)
                0x000000000800f588                _cleanup_r
 .text.__sfmoreglue
                0x000000000800f594       0x2c /opt/st/stm32cubeide_1.6.1/plugins/com.st.stm32cube.ide.mcu.externaltools.gnu-tools-for-stm32.9-2020-q2-update.linux64_1.5.0.202011040924/tools/bin/../lib/gcc/arm-none-eabi/9.3.1/../../../../arm-none-eabi/lib/thumb/v7e-m+fp/hard/libc_nano.a(lib_a-findfp.o)
                0x000000000800f594                __sfmoreglue
 .text.__sfp_lock_acquire
                0x000000000800f5c0        0xc /opt/st/stm32cubeide_1.6.1/plugins/com.st.stm32cube.ide.mcu.externaltools.gnu-tools-for-stm32.9-2020-q2-update.linux64_1.5.0.202011040924/tools/bin/../lib/gcc/arm-none-eabi/9.3.1/../../../../arm-none-eabi/lib/thumb/v7e-m+fp/hard/libc_nano.a(lib_a-findfp.o)
                0x000000000800f5c0                __sfp_lock_acquire
 .text.__sfp_lock_release
                0x000000000800f5cc        0xc /opt/st/stm32cubeide_1.6.1/plugins/com.st.stm32cube.ide.mcu.externaltools.gnu-tools-for-stm32.9-2020-q2-update.linux64_1.5.0.202011040924/tools/bin/../lib/gcc/arm-none-eabi/9.3.1/../../../../arm-none-eabi/lib/thumb/v7e-m+fp/hard/libc_nano.a(lib_a-findfp.o)
                0x000000000800f5cc                __sfp_lock_release
 .text.__sinit_lock_acquire
                0x000000000800f5d8        0xc /opt/st/stm32cubeide_1.6.1/plugins/com.st.stm32cube.ide.mcu.externaltools.gnu-tools-for-stm32.9-2020-q2-update.linux64_1.5.0.202011040924/tools/bin/../lib/gcc/arm-none-eabi/9.3.1/../../../../arm-none-eabi/lib/thumb/v7e-m+fp/hard/libc_nano.a(lib_a-findfp.o)
                0x000000000800f5d8                __sinit_lock_acquire
 .text.__sinit_lock_release
                0x000000000800f5e4        0xc /opt/st/stm32cubeide_1.6.1/plugins/com.st.stm32cube.ide.mcu.externaltools.gnu-tools-for-stm32.9-2020-q2-update.linux64_1.5.0.202011040924/tools/bin/../lib/gcc/arm-none-eabi/9.3.1/../../../../arm-none-eabi/lib/thumb/v7e-m+fp/hard/libc_nano.a(lib_a-findfp.o)
                0x000000000800f5e4                __sinit_lock_release
 .text.__sinit  0x000000000800f5f0       0x70 /opt/st/stm32cubeide_1.6.1/plugins/com.st.stm32cube.ide.mcu.externaltools.gnu-tools-for-stm32.9-2020-q2-update.linux64_1.5.0.202011040924/tools/bin/../lib/gcc/arm-none-eabi/9.3.1/../../../../arm-none-eabi/lib/thumb/v7e-m+fp/hard/libc_nano.a(lib_a-findfp.o)
                0x000000000800f5f0                __sinit
 .text.__sfp    0x000000000800f660       0x8c /opt/st/stm32cubeide_1.6.1/plugins/com.st.stm32cube.ide.mcu.externaltools.gnu-tools-for-stm32.9-2020-q2-update.linux64_1.5.0.202011040924/tools/bin/../lib/gcc/arm-none-eabi/9.3.1/../../../../arm-none-eabi/lib/thumb/v7e-m+fp/hard/libc_nano.a(lib_a-findfp.o)
                0x000000000800f660                __sfp
 .text._fwalk_reent
                0x000000000800f6ec       0x3e /opt/st/stm32cubeide_1.6.1/plugins/com.st.stm32cube.ide.mcu.externaltools.gnu-tools-for-stm32.9-2020-q2-update.linux64_1.5.0.202011040924/tools/bin/../lib/gcc/arm-none-eabi/9.3.1/../../../../arm-none-eabi/lib/thumb/v7e-m+fp/hard/libc_nano.a(lib_a-fwalk.o)
                0x000000000800f6ec                _fwalk_reent
 .text.__retarget_lock_init_recursive
                0x000000000800f72a        0x2 /opt/st/stm32cubeide_1.6.1/plugins/com.st.stm32cube.ide.mcu.externaltools.gnu-tools-for-stm32.9-2020-q2-update.linux64_1.5.0.202011040924/tools/bin/../lib/gcc/arm-none-eabi/9.3.1/../../../../arm-none-eabi/lib/thumb/v7e-m+fp/hard/libc_nano.a(lib_a-lock.o)
                0x000000000800f72a                __retarget_lock_init_recursive
 .text.__retarget_lock_acquire_recursive
                0x000000000800f72c        0x2 /opt/st/stm32cubeide_1.6.1/plugins/com.st.stm32cube.ide.mcu.externaltools.gnu-tools-for-stm32.9-2020-q2-update.linux64_1.5.0.202011040924/tools/bin/../lib/gcc/arm-none-eabi/9.3.1/../../../../arm-none-eabi/lib/thumb/v7e-m+fp/hard/libc_nano.a(lib_a-lock.o)
                0x000000000800f72c                __retarget_lock_acquire_recursive
 .text.__retarget_lock_release_recursive
                0x000000000800f72e        0x2 /opt/st/stm32cubeide_1.6.1/plugins/com.st.stm32cube.ide.mcu.externaltools.gnu-tools-for-stm32.9-2020-q2-update.linux64_1.5.0.202011040924/tools/bin/../lib/gcc/arm-none-eabi/9.3.1/../../../../arm-none-eabi/lib/thumb/v7e-m+fp/hard/libc_nano.a(lib_a-lock.o)
                0x000000000800f72e                __retarget_lock_release_recursive
 .text.__swhatbuf_r
                0x000000000800f730       0x48 /opt/st/stm32cubeide_1.6.1/plugins/com.st.stm32cube.ide.mcu.externaltools.gnu-tools-for-stm32.9-2020-q2-update.linux64_1.5.0.202011040924/tools/bin/../lib/gcc/arm-none-eabi/9.3.1/../../../../arm-none-eabi/lib/thumb/v7e-m+fp/hard/libc_nano.a(lib_a-makebuf.o)
                0x000000000800f730                __swhatbuf_r
 .text.__smakebuf_r
                0x000000000800f778       0x80 /opt/st/stm32cubeide_1.6.1/plugins/com.st.stm32cube.ide.mcu.externaltools.gnu-tools-for-stm32.9-2020-q2-update.linux64_1.5.0.202011040924/tools/bin/../lib/gcc/arm-none-eabi/9.3.1/../../../../arm-none-eabi/lib/thumb/v7e-m+fp/hard/libc_nano.a(lib_a-makebuf.o)
                0x000000000800f778                __smakebuf_r
 .text._free_r  0x000000000800f7f8       0xa0 /opt/st/stm32cubeide_1.6.1/plugins/com.st.stm32cube.ide.mcu.externaltools.gnu-tools-for-stm32.9-2020-q2-update.linux64_1.5.0.202011040924/tools/bin/../lib/gcc/arm-none-eabi/9.3.1/../../../../arm-none-eabi/lib/thumb/v7e-m+fp/hard/libc_nano.a(lib_a-nano-freer.o)
                0x000000000800f7f8                _free_r
 .text._malloc_r
                0x000000000800f898       0xb4 /opt/st/stm32cubeide_1.6.1/plugins/com.st.stm32cube.ide.mcu.externaltools.gnu-tools-for-stm32.9-2020-q2-update.linux64_1.5.0.202011040924/tools/bin/../lib/gcc/arm-none-eabi/9.3.1/../../../../arm-none-eabi/lib/thumb/v7e-m+fp/hard/libc_nano.a(lib_a-nano-mallocr.o)
                0x000000000800f898                _malloc_r
 .text.__sfputc_r
                0x000000000800f94c       0x2e /opt/st/stm32cubeide_1.6.1/plugins/com.st.stm32cube.ide.mcu.externaltools.gnu-tools-for-stm32.9-2020-q2-update.linux64_1.5.0.202011040924/tools/bin/../lib/gcc/arm-none-eabi/9.3.1/../../../../arm-none-eabi/lib/thumb/v7e-m+fp/hard/libc_nano.a(lib_a-nano-vfprintf.o)
 .text.__sfputs_r
                0x000000000800f97a       0x24 /opt/st/stm32cubeide_1.6.1/plugins/com.st.stm32cube.ide.mcu.externaltools.gnu-tools-for-stm32.9-2020-q2-update.linux64_1.5.0.202011040924/tools/bin/../lib/gcc/arm-none-eabi/9.3.1/../../../../arm-none-eabi/lib/thumb/v7e-m+fp/hard/libc_nano.a(lib_a-nano-vfprintf.o)
                0x000000000800f97a                __sfputs_r
 *fill*         0x000000000800f99e        0x2 
 .text._vfprintf_r
                0x000000000800f9a0      0x260 /opt/st/stm32cubeide_1.6.1/plugins/com.st.stm32cube.ide.mcu.externaltools.gnu-tools-for-stm32.9-2020-q2-update.linux64_1.5.0.202011040924/tools/bin/../lib/gcc/arm-none-eabi/9.3.1/../../../../arm-none-eabi/lib/thumb/v7e-m+fp/hard/libc_nano.a(lib_a-nano-vfprintf.o)
                0x000000000800f9a0                _vfiprintf_r
                0x000000000800f9a0                _vfprintf_r
 .text._printf_common
                0x000000000800fc00       0xda /opt/st/stm32cubeide_1.6.1/plugins/com.st.stm32cube.ide.mcu.externaltools.gnu-tools-for-stm32.9-2020-q2-update.linux64_1.5.0.202011040924/tools/bin/../lib/gcc/arm-none-eabi/9.3.1/../../../../arm-none-eabi/lib/thumb/v7e-m+fp/hard/libc_nano.a(lib_a-nano-vfprintf_i.o)
                0x000000000800fc00                _printf_common
 *fill*         0x000000000800fcda        0x2 
 .text._printf_i
                0x000000000800fcdc      0x24c /opt/st/stm32cubeide_1.6.1/plugins/com.st.stm32cube.ide.mcu.externaltools.gnu-tools-for-stm32.9-2020-q2-update.linux64_1.5.0.202011040924/tools/bin/../lib/gcc/arm-none-eabi/9.3.1/../../../../arm-none-eabi/lib/thumb/v7e-m+fp/hard/libc_nano.a(lib_a-nano-vfprintf_i.o)
                0x000000000800fcdc                _printf_i
 .text._sbrk_r  0x000000000800ff28       0x20 /opt/st/stm32cubeide_1.6.1/plugins/com.st.stm32cube.ide.mcu.externaltools.gnu-tools-for-stm32.9-2020-q2-update.linux64_1.5.0.202011040924/tools/bin/../lib/gcc/arm-none-eabi/9.3.1/../../../../arm-none-eabi/lib/thumb/v7e-m+fp/hard/libc_nano.a(lib_a-sbrkr.o)
                0x000000000800ff28                _sbrk_r
 .text.__sread  0x000000000800ff48       0x22 /opt/st/stm32cubeide_1.6.1/plugins/com.st.stm32cube.ide.mcu.externaltools.gnu-tools-for-stm32.9-2020-q2-update.linux64_1.5.0.202011040924/tools/bin/../lib/gcc/arm-none-eabi/9.3.1/../../../../arm-none-eabi/lib/thumb/v7e-m+fp/hard/libc_nano.a(lib_a-stdio.o)
                0x000000000800ff48                __sread
 .text.__swrite
                0x000000000800ff6a       0x38 /opt/st/stm32cubeide_1.6.1/plugins/com.st.stm32cube.ide.mcu.externaltools.gnu-tools-for-stm32.9-2020-q2-update.linux64_1.5.0.202011040924/tools/bin/../lib/gcc/arm-none-eabi/9.3.1/../../../../arm-none-eabi/lib/thumb/v7e-m+fp/hard/libc_nano.a(lib_a-stdio.o)
                0x000000000800ff6a                __swrite
 .text.__sseek  0x000000000800ffa2       0x24 /opt/st/stm32cubeide_1.6.1/plugins/com.st.stm32cube.ide.mcu.externaltools.gnu-tools-for-stm32.9-2020-q2-update.linux64_1.5.0.202011040924/tools/bin/../lib/gcc/arm-none-eabi/9.3.1/../../../../arm-none-eabi/lib/thumb/v7e-m+fp/hard/libc_nano.a(lib_a-stdio.o)
                0x000000000800ffa2                __sseek
 .text.__sclose
                0x000000000800ffc6        0x8 /opt/st/stm32cubeide_1.6.1/plugins/com.st.stm32cube.ide.mcu.externaltools.gnu-tools-for-stm32.9-2020-q2-update.linux64_1.5.0.202011040924/tools/bin/../lib/gcc/arm-none-eabi/9.3.1/../../../../arm-none-eabi/lib/thumb/v7e-m+fp/hard/libc_nano.a(lib_a-stdio.o)
                0x000000000800ffc6                __sclose
 *fill*         0x000000000800ffce        0x2 
 .text._write_r
                0x000000000800ffd0       0x24 /opt/st/stm32cubeide_1.6.1/plugins/com.st.stm32cube.ide.mcu.externaltools.gnu-tools-for-stm32.9-2020-q2-update.linux64_1.5.0.202011040924/tools/bin/../lib/gcc/arm-none-eabi/9.3.1/../../../../arm-none-eabi/lib/thumb/v7e-m+fp/hard/libc_nano.a(lib_a-writer.o)
                0x000000000800ffd0                _write_r
 .text._close_r
                0x000000000800fff4       0x20 /opt/st/stm32cubeide_1.6.1/plugins/com.st.stm32cube.ide.mcu.externaltools.gnu-tools-for-stm32.9-2020-q2-update.linux64_1.5.0.202011040924/tools/bin/../lib/gcc/arm-none-eabi/9.3.1/../../../../arm-none-eabi/lib/thumb/v7e-m+fp/hard/libc_nano.a(lib_a-closer.o)
                0x000000000800fff4                _close_r
 .text._fstat_r
                0x0000000008010014       0x24 /opt/st/stm32cubeide_1.6.1/plugins/com.st.stm32cube.ide.mcu.externaltools.gnu-tools-for-stm32.9-2020-q2-update.linux64_1.5.0.202011040924/tools/bin/../lib/gcc/arm-none-eabi/9.3.1/../../../../arm-none-eabi/lib/thumb/v7e-m+fp/hard/libc_nano.a(lib_a-fstatr.o)
                0x0000000008010014                _fstat_r
 .text._isatty_r
                0x0000000008010038       0x20 /opt/st/stm32cubeide_1.6.1/plugins/com.st.stm32cube.ide.mcu.externaltools.gnu-tools-for-stm32.9-2020-q2-update.linux64_1.5.0.202011040924/tools/bin/../lib/gcc/arm-none-eabi/9.3.1/../../../../arm-none-eabi/lib/thumb/v7e-m+fp/hard/libc_nano.a(lib_a-isattyr.o)
                0x0000000008010038                _isatty_r
 .text._lseek_r
                0x0000000008010058       0x24 /opt/st/stm32cubeide_1.6.1/plugins/com.st.stm32cube.ide.mcu.externaltools.gnu-tools-for-stm32.9-2020-q2-update.linux64_1.5.0.202011040924/tools/bin/../lib/gcc/arm-none-eabi/9.3.1/../../../../arm-none-eabi/lib/thumb/v7e-m+fp/hard/libc_nano.a(lib_a-lseekr.o)
                0x0000000008010058                _lseek_r
 .text.__malloc_lock
                0x000000000801007c        0xc /opt/st/stm32cubeide_1.6.1/plugins/com.st.stm32cube.ide.mcu.externaltools.gnu-tools-for-stm32.9-2020-q2-update.linux64_1.5.0.202011040924/tools/bin/../lib/gcc/arm-none-eabi/9.3.1/../../../../arm-none-eabi/lib/thumb/v7e-m+fp/hard/libc_nano.a(lib_a-mlock.o)
                0x000000000801007c                __malloc_lock
 .text.__malloc_unlock
                0x0000000008010088        0xc /opt/st/stm32cubeide_1.6.1/plugins/com.st.stm32cube.ide.mcu.externaltools.gnu-tools-for-stm32.9-2020-q2-update.linux64_1.5.0.202011040924/tools/bin/../lib/gcc/arm-none-eabi/9.3.1/../../../../arm-none-eabi/lib/thumb/v7e-m+fp/hard/libc_nano.a(lib_a-mlock.o)
                0x0000000008010088                __malloc_unlock
 .text._read_r  0x0000000008010094       0x24 /opt/st/stm32cubeide_1.6.1/plugins/com.st.stm32cube.ide.mcu.externaltools.gnu-tools-for-stm32.9-2020-q2-update.linux64_1.5.0.202011040924/tools/bin/../lib/gcc/arm-none-eabi/9.3.1/../../../../arm-none-eabi/lib/thumb/v7e-m+fp/hard/libc_nano.a(lib_a-readr.o)
                0x0000000008010094                _read_r
 .text.sqrt     0x00000000080100b8       0x68 /opt/st/stm32cubeide_1.6.1/plugins/com.st.stm32cube.ide.mcu.externaltools.gnu-tools-for-stm32.9-2020-q2-update.linux64_1.5.0.202011040924/tools/bin/../lib/gcc/arm-none-eabi/9.3.1/../../../../arm-none-eabi/lib/thumb/v7e-m+fp/hard/libm.a(lib_a-w_sqrt.o)
                0x00000000080100b8                sqrt
 .text.__ieee754_sqrt
                0x0000000008010120      0x168 /opt/st/stm32cubeide_1.6.1/plugins/com.st.stm32cube.ide.mcu.externaltools.gnu-tools-for-stm32.9-2020-q2-update.linux64_1.5.0.202011040924/tools/bin/../lib/gcc/arm-none-eabi/9.3.1/../../../../arm-none-eabi/lib/thumb/v7e-m+fp/hard/libm.a(lib_a-e_sqrt.o)
                0x0000000008010120                __ieee754_sqrt
 *(.glue_7)
 .glue_7        0x0000000008010288        0x0 linker stubs
 *(.glue_7t)
 .glue_7t       0x0000000008010288        0x0 linker stubs
 *(.eh_frame)
 .eh_frame      0x0000000008010288        0x0 /opt/st/stm32cubeide_1.6.1/plugins/com.st.stm32cube.ide.mcu.externaltools.gnu-tools-for-stm32.9-2020-q2-update.linux64_1.5.0.202011040924/tools/bin/../lib/gcc/arm-none-eabi/9.3.1/thumb/v7e-m+fp/hard/crtbegin.o
 *(.init)
 .init          0x0000000008010288        0x4 /opt/st/stm32cubeide_1.6.1/plugins/com.st.stm32cube.ide.mcu.externaltools.gnu-tools-for-stm32.9-2020-q2-update.linux64_1.5.0.202011040924/tools/bin/../lib/gcc/arm-none-eabi/9.3.1/thumb/v7e-m+fp/hard/crti.o
                0x0000000008010288                _init
 .init          0x000000000801028c        0x8 /opt/st/stm32cubeide_1.6.1/plugins/com.st.stm32cube.ide.mcu.externaltools.gnu-tools-for-stm32.9-2020-q2-update.linux64_1.5.0.202011040924/tools/bin/../lib/gcc/arm-none-eabi/9.3.1/thumb/v7e-m+fp/hard/crtn.o
 *(.fini)
 .fini          0x0000000008010294        0x4 /opt/st/stm32cubeide_1.6.1/plugins/com.st.stm32cube.ide.mcu.externaltools.gnu-tools-for-stm32.9-2020-q2-update.linux64_1.5.0.202011040924/tools/bin/../lib/gcc/arm-none-eabi/9.3.1/thumb/v7e-m+fp/hard/crti.o
                0x0000000008010294                _fini
 .fini          0x0000000008010298        0x8 /opt/st/stm32cubeide_1.6.1/plugins/com.st.stm32cube.ide.mcu.externaltools.gnu-tools-for-stm32.9-2020-q2-update.linux64_1.5.0.202011040924/tools/bin/../lib/gcc/arm-none-eabi/9.3.1/thumb/v7e-m+fp/hard/crtn.o
                0x00000000080102a0                . = ALIGN (0x4)
                0x00000000080102a0                _etext = .

.vfp11_veneer   0x00000000080102a0        0x0
 .vfp11_veneer  0x00000000080102a0        0x0 linker stubs

.v4_bx          0x00000000080102a0        0x0
 .v4_bx         0x00000000080102a0        0x0 linker stubs

.iplt           0x00000000080102a0        0x0
 .iplt          0x00000000080102a0        0x0 /opt/st/stm32cubeide_1.6.1/plugins/com.st.stm32cube.ide.mcu.externaltools.gnu-tools-for-stm32.9-2020-q2-update.linux64_1.5.0.202011040924/tools/bin/../lib/gcc/arm-none-eabi/9.3.1/thumb/v7e-m+fp/hard/crtbegin.o

.rodata         0x00000000080102a0      0x454
                0x00000000080102a0                . = ALIGN (0x4)
 *(.rodata)
 .rodata        0x00000000080102a0      0x280 Core/Src/freertos.o
 .rodata        0x0000000008010520        0x5 Middlewares/Third_Party/FreeRTOS/Source/tasks.o
 *fill*         0x0000000008010525        0x3 
 .rodata        0x0000000008010528        0xd Middlewares/Third_Party/FreeRTOS/Source/timers.o
 *(.rodata*)
 *fill*         0x0000000008010535        0x3 
 .rodata.AHBPrescTable
                0x0000000008010538       0x10 Core/Src/system_stm32f4xx.o
                0x0000000008010538                AHBPrescTable
 .rodata.APBPrescTable
                0x0000000008010548        0x8 Core/Src/system_stm32f4xx.o
                0x0000000008010548                APBPrescTable
 .rodata.flagBitshiftOffset.8841
                0x0000000008010550        0x8 Drivers/STM32F4xx_HAL_Driver/Src/stm32f4xx_hal_dma.o
 .rodata._global_impure_ptr