freertos.c:170:6:HAL_TIM_PWM_PulseFinishedCallback	24	static
freertos.c:207:6:HAL_I2C_AddrCallback	16	static
freertos.c:221:6:HAL_I2C_ListenCpltCallback	16	static
freertos.c:225:6:HAL_I2C_SlaveRxCpltCallback	16	static
freertos.c:236:6:HAL_I2C_ErrorCallback	16	static
freertos.c:271:6:vApplicationGetIdleTaskMemory	24	static
freertos.c:284:6:vApplicationGetTimerTaskMemory	24	static
freertos.c:298:6:MX_FREERTOS_Init	152	static
freertos.c:362:13:StartDefaultTask	112	static
freertos.c:505:13:StartTaskMotorJ1	104	static
freertos.c:539:13:StartTaskMotorJ2	104	static
freertos.c:574:13:StartTaskMove	16	static
freertos.c:604:6:moveToSquare	24	static
freertos.c:632:6:moveToHome	8	static
freertos.c:636:6:moveToKill	8	static
freertos.c:641:6:movePiece	16	static
freertos.c:692:6:updateInfo	16	static
freertos.c:708:6:updateSquarePosition	16	static
freertos.c:713:6:readSquarePosition	24	static
freertos.c:734:6:testDebug	16	static
