freertos.c:192:6:HAL_TIM_PWM_PulseFinishedCallback	24	static
freertos.c:235:6:HAL_I2C_AddrCallback	16	static
freertos.c:249:6:HAL_I2C_ListenCpltCallback	16	static
freertos.c:253:6:HAL_I2C_SlaveRxCpltCallback	16	static
freertos.c:281:6:vApplicationGetIdleTaskMemory	24	static
freertos.c:294:6:vApplicationGetTimerTaskMemory	24	static
freertos.c:308:6:MX_FREERTOS_Init	192	static
freertos.c:380:13:StartDefaultTask	184	static
freertos.c:605:13:StartTaskMotorJ1	104	static
freertos.c:640:13:StartTaskMotorJ2	104	static
freertos.c:675:13:StartTaskMove	16	static
freertos.c:707:13:StartTaskMotorJ3	104	static
freertos.c:737:6:moveToSquare	24	static
freertos.c:765:6:moveToHome	8	static
freertos.c:769:6:moveToKill	8	static
freertos.c:774:6:movePiece	16	static
freertos.c:825:6:updateInfo	16	static
freertos.c:841:6:inverseKinematics	64	static
freertos.c:892:6:calibase	120	static
freertos.c:922:6:pickAndDropInit	8	static
freertos.c:940:6:pickupPiece	8	static
freertos.c:952:6:dropPiece	8	static
freertos.c:958:5:j3MoveUp	8	static
freertos.c:972:5:j3MoveDown	8	static
freertos.c:987:6:testDebug	16	static
