freertos.c:170:6:HAL_TIM_PWM_PulseFinishedCallback	24	static
freertos.c:207:6:HAL_I2C_AddrCallback	16	static
freertos.c:221:6:HAL_I2C_ListenCpltCallback	16	static
freertos.c:225:6:HAL_I2C_SlaveRxCpltCallback	16	static
freertos.c:252:6:vApplicationGetIdleTaskMemory	24	static
freertos.c:265:6:vApplicationGetTimerTaskMemory	24	static
freertos.c:279:6:MX_FREERTOS_Init	152	static
freertos.c:343:13:StartDefaultTask	112	static
freertos.c:486:13:StartTaskMotorJ1	104	static
freertos.c:520:13:StartTaskMotorJ2	104	static
freertos.c:555:13:StartTaskMove	16	static
freertos.c:584:6:moveToSquare	24	static
freertos.c:612:6:moveToHome	8	static
freertos.c:616:6:moveToKill	8	static
freertos.c:621:6:movePiece	16	static
freertos.c:672:6:updateInfo	16	static
freertos.c:688:6:updateSquarePosition	16	static
freertos.c:693:6:readSquarePosition	24	static
freertos.c:714:6:testDebug	16	static
