freertos.c:190:6:HAL_TIM_PWM_PulseFinishedCallback	24	static
freertos.c:233:6:HAL_I2C_AddrCallback	16	static
freertos.c:247:6:HAL_I2C_ListenCpltCallback	16	static
freertos.c:251:6:HAL_I2C_SlaveRxCpltCallback	16	static
freertos.c:261:6:HAL_I2C_ErrorCallback	16	static
freertos.c:293:6:vApplicationGetIdleTaskMemory	24	static
freertos.c:306:6:vApplicationGetTimerTaskMemory	24	static
freertos.c:320:6:MX_FREERTOS_Init	192	static
freertos.c:392:13:StartDefaultTask	24	static
freertos.c:533:13:StartTaskMotorJ1	104	static
freertos.c:568:13:StartTaskMotorJ2	104	static
freertos.c:618:13:StartTaskMove	16	static
freertos.c:699:13:StartTaskMotorJ3	104	static
freertos.c:729:6:moveToSquare	24	static
freertos.c:757:6:moveToHome	8	static
freertos.c:761:6:moveToKill	8	static
freertos.c:766:6:movePiece	16	static
freertos.c:848:6:updateInfo	24	static
freertos.c:878:6:updateSquarePosition	16	static
freertos.c:889:6:readSquarePosition	16	static
freertos.c:913:6:pickAndDropInit	8	static
freertos.c:930:6:pickupPiece	8	static
freertos.c:942:6:dropPiece	8	static
freertos.c:948:5:j3MoveUp	16	static
freertos.c:964:5:j3MoveDown	8	static
freertos.c:982:6:testDebug	16	static
