freertos.c:162:6:HAL_TIM_PWM_PulseFinishedCallback	24	static
freertos.c:199:6:HAL_I2C_AddrCallback	16	static
freertos.c:213:6:HAL_I2C_ListenCpltCallback	16	static
freertos.c:217:6:HAL_I2C_SlaveRxCpltCallback	16	static
freertos.c:244:6:vApplicationGetIdleTaskMemory	24	static
freertos.c:257:6:vApplicationGetTimerTaskMemory	24	static
freertos.c:271:6:MX_FREERTOS_Init	152	static
freertos.c:335:13:StartDefaultTask	104	static
freertos.c:462:13:StartTaskMotorJ1	104	static
freertos.c:496:13:StartTaskMotorJ2	104	static
freertos.c:531:13:StartTaskMove	16	static
freertos.c:558:6:moveToSquare	24	static
freertos.c:586:6:moveToHome	8	static
freertos.c:590:6:moveToKill	8	static
freertos.c:595:6:movePiece	16	static
freertos.c:646:6:updateInfo	16	static
freertos.c:662:6:testDebug	16	static
