freertos.c:179:6:HAL_TIM_PWM_PulseFinishedCallback	24	static
freertos.c:218:6:HAL_I2C_AddrCallback	16	static
freertos.c:232:6:HAL_I2C_ListenCpltCallback	16	static
freertos.c:236:6:HAL_I2C_SlaveRxCpltCallback	16	static
freertos.c:263:6:vApplicationGetIdleTaskMemory	24	static
freertos.c:276:6:vApplicationGetTimerTaskMemory	24	static
freertos.c:290:6:MX_FREERTOS_Init	152	static
freertos.c:354:13:StartDefaultTask	176	static
freertos.c:553:13:StartTaskMotorJ1	104	static
freertos.c:588:13:StartTaskMotorJ2	104	static
freertos.c:623:13:StartTaskMove	16	static
freertos.c:650:6:moveToSquare	24	static
freertos.c:678:6:moveToHome	8	static
freertos.c:682:6:moveToKill	8	static
freertos.c:687:6:movePiece	16	static
freertos.c:738:6:updateInfo	16	static
freertos.c:754:6:inverseKinematics	64	static
freertos.c:805:6:calibase	120	static
freertos.c:837:6:testDebug	16	static
