stm32f4xx_it.c:88:6:NMI_Handler	4	static
stm32f4xx_it.c:103:6:HardFault_Handler	4	static
stm32f4xx_it.c:118:6:MemManage_Handler	4	static
stm32f4xx_it.c:133:6:BusFault_Handler	4	static
stm32f4xx_it.c:148:6:UsageFault_Handler	4	static
stm32f4xx_it.c:163:6:DebugMon_Handler	4	static
stm32f4xx_it.c:183:6:DMA1_Stream0_IRQHandler	8	static
stm32f4xx_it.c:197:6:DMA1_Stream1_IRQHandler	8	static
stm32f4xx_it.c:211:6:DMA1_Stream2_IRQHandler	8	static
stm32f4xx_it.c:225:6:DMA1_Stream5_IRQHandler	8	static
stm32f4xx_it.c:239:6:ADC_IRQHandler	8	static
stm32f4xx_it.c:253:6:TIM1_UP_TIM10_IRQHandler	8	static
stm32f4xx_it.c:267:6:TIM1_TRG_COM_TIM11_IRQHandler	8	static
stm32f4xx_it.c:281:6:TIM2_IRQHandler	8	static
stm32f4xx_it.c:295:6:TIM3_IRQHandler	8	static
stm32f4xx_it.c:309:6:I2C1_EV_IRQHandler	8	static
stm32f4xx_it.c:323:6:I2C1_ER_IRQHandler	8	static
stm32f4xx_it.c:337:6:I2C2_EV_IRQHandler	8	static
stm32f4xx_it.c:351:6:I2C2_ER_IRQHandler	8	static
stm32f4xx_it.c:365:6:USART1_IRQHandler	8	static
stm32f4xx_it.c:379:6:USART2_IRQHandler	8	static
stm32f4xx_it.c:393:6:DMA1_Stream7_IRQHandler	8	static
stm32f4xx_it.c:407:6:TIM5_IRQHandler	8	static
stm32f4xx_it.c:421:6:DMA2_Stream0_IRQHandler	8	static
stm32f4xx_it.c:435:6:DMA2_Stream2_IRQHandler	8	static
stm32f4xx_it.c:449:6:I2C3_EV_IRQHandler	8	static
stm32f4xx_it.c:463:6:I2C3_ER_IRQHandler	8	static
