stm32f4xx_it.c:87:6:NMI_Handler	4	static
stm32f4xx_it.c:102:6:HardFault_Handler	4	static
stm32f4xx_it.c:117:6:MemManage_Handler	4	static
stm32f4xx_it.c:132:6:BusFault_Handler	4	static
stm32f4xx_it.c:147:6:UsageFault_Handler	4	static
stm32f4xx_it.c:162:6:DebugMon_Handler	4	static
stm32f4xx_it.c:182:6:DMA1_Stream0_IRQHandler	8	static
stm32f4xx_it.c:196:6:DMA1_Stream1_IRQHandler	8	static
stm32f4xx_it.c:210:6:DMA1_Stream2_IRQHandler	8	static
stm32f4xx_it.c:224:6:DMA1_Stream5_IRQHandler	8	static
stm32f4xx_it.c:238:6:ADC_IRQHandler	8	static
stm32f4xx_it.c:252:6:TIM1_UP_TIM10_IRQHandler	8	static
stm32f4xx_it.c:266:6:TIM1_TRG_COM_TIM11_IRQHandler	8	static
stm32f4xx_it.c:280:6:TIM2_IRQHandler	8	static
stm32f4xx_it.c:294:6:TIM3_IRQHandler	8	static
stm32f4xx_it.c:308:6:I2C1_EV_IRQHandler	8	static
stm32f4xx_it.c:322:6:I2C1_ER_IRQHandler	8	static
stm32f4xx_it.c:336:6:I2C2_EV_IRQHandler	8	static
stm32f4xx_it.c:350:6:I2C2_ER_IRQHandler	8	static
stm32f4xx_it.c:364:6:USART1_IRQHandler	8	static
stm32f4xx_it.c:378:6:USART2_IRQHandler	8	static
stm32f4xx_it.c:392:6:DMA1_Stream7_IRQHandler	8	static
stm32f4xx_it.c:406:6:DMA2_Stream0_IRQHandler	8	static
stm32f4xx_it.c:420:6:DMA2_Stream2_IRQHandler	8	static
stm32f4xx_it.c:434:6:I2C3_EV_IRQHandler	8	static
stm32f4xx_it.c:448:6:I2C3_ER_IRQHandler	8	static
